
> gofamintpsogba_web_v2@0.1.0 build
> next build

Γû▓ Next.js 16.1.0 (Turbopack)
- Environments: .env

  Creating an optimized production build ...
Γ£ô Compiled successfully in 7.5s
  Running TypeScript ...
  Collecting page data using 7 workers ...
  Generating static pages using 7 workers (0/125) ...
node.exe : Failed to fetch pastor messages: 
Error: Route /pastor-corner/[id] with 
`dynamic = "error"` couldn't be rendered 
statically because it used `revalidate: 0 
fetch https://psogbaasset.gofamintpsogba.org.
ng/official_site.php?t=official_site_pastorco
rner /pastor-corner/[id]`. See more info 
here: https://nextjs.org/docs/app/building-yo
ur-application/rendering/static-and-dynamic#d
ynamic-rendering
At line:1 char:1
+ & "C:\Program Files\nodejs/node.exe" 
"C:\Users\adesu\AppData\Roaming\ ...
+ ~~~~~~~~~~~~~~~~~~~~~~~~~~~~~~~~~~~~~~~~~~~
~~~~~~~~~~~~~~~~~~~~~~~~~~
    + CategoryInfo          : NotSpecified: 
(Fa    iled to 
fetch...namic-rendering:String) [],     
RemoteException
    + FullyQualifiedErrorId : 
NativeCommandErro    r
 
    at x (C:\Users\adesu\programming\web\next
js\gofamintpsogba_web_v2\.next\server\chunks\
ssr\[root-of-the-server]__0d5ae7ad._.js:1:875
42)
    at <unknown> (C:\Users\adesu\programming\
web\nextjs\gofamintpsogba_web_v2\.next\server
\chunks\ssr\[root-of-the-server]__0d5ae7ad._.
js:8:10520) {
  code: 'NEXT_STATIC_GEN_BAILOUT'
}
Failed to fetch pastor messages: Error: 
Route /pastor-corner/[id] with `dynamic = 
"error"` couldn't be rendered statically 
because it used `revalidate: 0 fetch https://
psogbaasset.gofamintpsogba.org.ng/official_si
te.php?t=official_site_pastorcorner 
/pastor-corner/[id]`. See more info here: htt
ps://nextjs.org/docs/app/building-your-applic
ation/rendering/static-and-dynamic#dynamic-re
ndering
    at x (C:\Users\adesu\programming\web\next
js\gofamintpsogba_web_v2\.next\server\chunks\
ssr\[root-of-the-server]__0d5ae7ad._.js:1:875
42)
    at <unknown> (C:\Users\adesu\programming\
web\nextjs\gofamintpsogba_web_v2\.next\server
\chunks\ssr\[root-of-the-server]__0d5ae7ad._.
js:8:10520) {
  code: 'NEXT_STATIC_GEN_BAILOUT'
}
Failed to fetch pastor messages: Error: 
Route /pastor-corner/[id] with `dynamic = 
"error"` couldn't be rendered statically 
because it used `revalidate: 0 fetch https://
psogbaasset.gofamintpsogba.org.ng/official_si
te.php?t=official_site_pastorcorner 
/pastor-corner/[id]`. See more info here: htt
ps://nextjs.org/docs/app/building-your-applic
ation/rendering/static-and-dynamic#dynamic-re
ndering
    at x (C:\Users\adesu\programming\web\next
js\gofamintpsogba_web_v2\.next\server\chunks\
ssr\[root-of-the-server]__0d5ae7ad._.js:1:875
42)
    at <unknown> (C:\Users\adesu\programming\
web\nextjs\gofamintpsogba_web_v2\.next\server
\chunks\ssr\[root-of-the-server]__0d5ae7ad._.
js:8:10520) {
  code: 'NEXT_STATIC_GEN_BAILOUT'
}
Failed to fetch pastor messages: Error: 
Route /pastor-corner/[id] with `dynamic = 
"error"` couldn't be rendered statically 
because it used `revalidate: 0 fetch https://
psogbaasset.gofamintpsogba.org.ng/official_si
te.php?t=official_site_pastorcorner 
/pastor-corner/[id]`. See more info here: htt
ps://nextjs.org/docs/app/building-your-applic
ation/rendering/static-and-dynamic#dynamic-re
ndering
    at x (C:\Users\adesu\programming\web\next
js\gofamintpsogba_web_v2\.next\server\chunks\
ssr\[root-of-the-server]__0d5ae7ad._.js:1:875
42)
    at <unknown> (C:\Users\adesu\programming\
web\nextjs\gofamintpsogba_web_v2\.next\server
\chunks\ssr\[root-of-the-server]__0d5ae7ad._.
js:8:10520) {
  code: 'NEXT_STATIC_GEN_BAILOUT'
}
Failed to fetch pastor messages: TypeError: 
Cannot read properties of undefined (reading 
'replace')
    at <unknown> (C:\Users\adesu\programming\
web\nextjs\gofamintpsogba_web_v2\.next\server
\chunks\ssr\_231ac2f5._.js:1:502902)
    at Array.map (<anonymous>)
    at <unknown> (C:\Users\adesu\programming\
web\nextjs\gofamintpsogba_web_v2\.next\server
\chunks\ssr\_231ac2f5._.js:1:502735)
    at g (C:\Users\adesu\programming\web\next
js\gofamintpsogba_web_v2\.next\server\chunks\
ssr\_231ac2f5._.js:1:506134)
    at async h (C:\Users\adesu\programming\we
b\nextjs\gofamintpsogba_web_v2\.next\server\c
hunks\ssr\_231ac2f5._.js:1:507300)
    at async q (C:\Users\adesu\programming\we
b\nextjs\gofamintpsogba_web_v2\.next\server\c
hunks\ssr\_b951e851._.js:4:5581)
Failed to fetch pastor messages: TypeError: 
Cannot read properties of undefined (reading 
'replace')
    at <unknown> (C:\Users\adesu\programming\
web\nextjs\gofamintpsogba_web_v2\.next\server
\chunks\ssr\_5b471efd._.js:1:501370)
    at Array.map (<anonymous>)
    at <unknown> (C:\Users\adesu\programming\
web\nextjs\gofamintpsogba_web_v2\.next\server
\chunks\ssr\_5b471efd._.js:1:501203)
    at g (C:\Users\adesu\programming\web\next
js\gofamintpsogba_web_v2\.next\server\chunks\
ssr\_5b471efd._.js:1:506134)
    at async h (C:\Users\adesu\programming\we
b\nextjs\gofamintpsogba_web_v2\.next\server\c
hunks\ssr\_5b471efd._.js:1:507300)
    at async q (C:\Users\adesu\programming\we
b\nextjs\gofamintpsogba_web_v2\.next\server\c
hunks\ssr\_b951e851._.js:4:5581)
Failed to fetch pastor messages: TypeError: 
Cannot read properties of undefined (reading 
'replace')
    at <unknown> (C:\Users\adesu\programming\
web\nextjs\gofamintpsogba_web_v2\.next\server
\chunks\ssr\_5b471efd._.js:1:501370)
    at Array.map (<anonymous>)
    at <unknown> (C:\Users\adesu\programming\
web\nextjs\gofamintpsogba_web_v2\.next\server
\chunks\ssr\_5b471efd._.js:1:501203)
    at g (C:\Users\adesu\programming\web\next
js\gofamintpsogba_web_v2\.next\server\chunks\
ssr\_5b471efd._.js:1:506134)
    at async h (C:\Users\adesu\programming\we
b\nextjs\gofamintpsogba_web_v2\.next\server\c
hunks\ssr\_5b471efd._.js:1:507300)
    at async q (C:\Users\adesu\programming\we
b\nextjs\gofamintpsogba_web_v2\.next\server\c
hunks\ssr\_b951e851._.js:4:5581)
Failed to fetch pastor messages: TypeError: 
Cannot read properties of undefined (reading 
'replace')
    at <unknown> (C:\Users\adesu\programming\
web\nextjs\gofamintpsogba_web_v2\.next\server
\chunks\ssr\_5b471efd._.js:1:501370)
    at Array.map (<anonymous>)
    at <unknown> (C:\Users\adesu\programming\
web\nextjs\gofamintpsogba_web_v2\.next\server
\chunks\ssr\_5b471efd._.js:1:501203)
    at g (C:\Users\adesu\programming\web\next
js\gofamintpsogba_web_v2\.next\server\chunks\
ssr\_5b471efd._.js:1:506134)
    at async h (C:\Users\adesu\programming\we
b\nextjs\gofamintpsogba_web_v2\.next\server\c
hunks\ssr\_5b471efd._.js:1:507300)
    at async q (C:\Users\adesu\programming\we
b\nextjs\gofamintpsogba_web_v2\.next\server\c
hunks\ssr\_b951e851._.js:4:5581)
Failed to fetch pastor messages: Error: 
Route /pastor-corner/[id] with `dynamic = 
"error"` couldn't be rendered statically 
because it used `revalidate: 0 fetch https://
psogbaasset.gofamintpsogba.org.ng/official_si
te.php?t=official_site_pastorcorner 
/pastor-corner/[id]`. See more info here: htt
ps://nextjs.org/docs/app/building-your-applic
ation/rendering/static-and-dynamic#dynamic-re
ndering
    at x (C:\Users\adesu\programming\web\next
js\gofamintpsogba_web_v2\.next\server\chunks\
ssr\[root-of-the-server]__0d5ae7ad._.js:1:875
42)
    at <unknown> (C:\Users\adesu\programming\
web\nextjs\gofamintpsogba_web_v2\.next\server
\chunks\ssr\[root-of-the-server]__0d5ae7ad._.
js:8:10520) {
  code: 'NEXT_STATIC_GEN_BAILOUT'
}
Failed to fetch pastor messages: TypeError: 
Cannot read properties of undefined (reading 
'replace')
    at <unknown> (C:\Users\adesu\programming\
web\nextjs\gofamintpsogba_web_v2\.next\server
\chunks\ssr\_231ac2f5._.js:1:502902)
    at Array.map (<anonymous>)
    at <unknown> (C:\Users\adesu\programming\
web\nextjs\gofamintpsogba_web_v2\.next\server
\chunks\ssr\_231ac2f5._.js:1:502735)
    at g (C:\Users\adesu\programming\web\next
js\gofamintpsogba_web_v2\.next\server\chunks\
ssr\_231ac2f5._.js:1:506134)
    at async h (C:\Users\adesu\programming\we
b\nextjs\gofamintpsogba_web_v2\.next\server\c
hunks\ssr\_231ac2f5._.js:1:507300)
    at async q (C:\Users\adesu\programming\we
b\nextjs\gofamintpsogba_web_v2\.next\server\c
hunks\ssr\_b951e851._.js:4:5581)
Failed to fetch pastor messages: Error: 
Route /pastor-corner/[id] with `dynamic = 
"error"` couldn't be rendered statically 
because it used `revalidate: 0 fetch https://
psogbaasset.gofamintpsogba.org.ng/official_si
te.php?t=official_site_pastorcorner 
/pastor-corner/[id]`. See more info here: htt
ps://nextjs.org/docs/app/building-your-applic
ation/rendering/static-and-dynamic#dynamic-re
ndering
    at x (C:\Users\adesu\programming\web\next
js\gofamintpsogba_web_v2\.next\server\chunks\
ssr\[root-of-the-server]__0d5ae7ad._.js:1:875
42)
    at <unknown> (C:\Users\adesu\programming\
web\nextjs\gofamintpsogba_web_v2\.next\server
\chunks\ssr\[root-of-the-server]__0d5ae7ad._.
js:8:10520) {
  code: 'NEXT_STATIC_GEN_BAILOUT'
}
Failed to fetch pastor messages: TypeError: 
Cannot read properties of undefined (reading 
'replace')
    at <unknown> (C:\Users\adesu\programming\
web\nextjs\gofamintpsogba_web_v2\.next\server
\chunks\ssr\_5b471efd._.js:1:501370)
    at Array.map (<anonymous>)
    at <unknown> (C:\Users\adesu\programming\
web\nextjs\gofamintpsogba_web_v2\.next\server
\chunks\ssr\_5b471efd._.js:1:501203)
    at g (C:\Users\adesu\programming\web\next
js\gofamintpsogba_web_v2\.next\server\chunks\
ssr\_5b471efd._.js:1:506134)
    at async h (C:\Users\adesu\programming\we
b\nextjs\gofamintpsogba_web_v2\.next\server\c
hunks\ssr\_5b471efd._.js:1:507300)
    at async q (C:\Users\adesu\programming\we
b\nextjs\gofamintpsogba_web_v2\.next\server\c
hunks\ssr\_b951e851._.js:4:5581)
Failed to fetch pastor messages: Error: 
Route /pastor-corner/[id] with `dynamic = 
"error"` couldn't be rendered statically 
because it used `revalidate: 0 fetch https://
psogbaasset.gofamintpsogba.org.ng/official_si
te.php?t=official_site_pastorcorner 
/pastor-corner/[id]`. See more info here: htt
ps://nextjs.org/docs/app/building-your-applic
ation/rendering/static-and-dynamic#dynamic-re
ndering
    at x (C:\Users\adesu\programming\web\next
js\gofamintpsogba_web_v2\.next\server\chunks\
ssr\[root-of-the-server]__0d5ae7ad._.js:1:875
42)
    at <unknown> (C:\Users\adesu\programming\
web\nextjs\gofamintpsogba_web_v2\.next\server
\chunks\ssr\[root-of-the-server]__0d5ae7ad._.
js:8:10520) {
  code: 'NEXT_STATIC_GEN_BAILOUT'
}
Failed to fetch pastor messages: TypeError: 
Cannot read properties of undefined (reading 
'replace')
    at <unknown> (C:\Users\adesu\programming\
web\nextjs\gofamintpsogba_web_v2\.next\server
\chunks\ssr\_5b471efd._.js:1:501370)
    at Array.map (<anonymous>)
    at <unknown> (C:\Users\adesu\programming\
web\nextjs\gofamintpsogba_web_v2\.next\server
\chunks\ssr\_5b471efd._.js:1:501203)
    at g (C:\Users\adesu\programming\web\next
js\gofamintpsogba_web_v2\.next\server\chunks\
ssr\_5b471efd._.js:1:506134)
    at async h (C:\Users\adesu\programming\we
b\nextjs\gofamintpsogba_web_v2\.next\server\c
hunks\ssr\_5b471efd._.js:1:507300)
    at async q (C:\Users\adesu\programming\we
b\nextjs\gofamintpsogba_web_v2\.next\server\c
hunks\ssr\_b951e851._.js:4:5581)
Failed to fetch pastor messages: Error: 
Route /pastor-corner/[id] with `dynamic = 
"error"` couldn't be rendered statically 
because it used `revalidate: 0 fetch https://
psogbaasset.gofamintpsogba.org.ng/official_si
te.php?t=official_site_pastorcorner 
/pastor-corner/[id]`. See more info here: htt
ps://nextjs.org/docs/app/building-your-applic
ation/rendering/static-and-dynamic#dynamic-re
ndering
    at x (C:\Users\adesu\programming\web\next
js\gofamintpsogba_web_v2\.next\server\chunks\
ssr\[root-of-the-server]__0d5ae7ad._.js:1:875
42)
    at <unknown> (C:\Users\adesu\programming\
web\nextjs\gofamintpsogba_web_v2\.next\server
\chunks\ssr\[root-of-the-server]__0d5ae7ad._.
js:8:10520) {
  code: 'NEXT_STATIC_GEN_BAILOUT'
}
Failed to fetch pastor messages: TypeError: 
Cannot read properties of undefined (reading 
'replace')
    at <unknown> (C:\Users\adesu\programming\
web\nextjs\gofamintpsogba_web_v2\.next\server
\chunks\ssr\_5b471efd._.js:1:501370)
    at Array.map (<anonymous>)
    at <unknown> (C:\Users\adesu\programming\
web\nextjs\gofamintpsogba_web_v2\.next\server
\chunks\ssr\_5b471efd._.js:1:501203)
    at g (C:\Users\adesu\programming\web\next
js\gofamintpsogba_web_v2\.next\server\chunks\
ssr\_5b471efd._.js:1:506134)
    at async h (C:\Users\adesu\programming\we
b\nextjs\gofamintpsogba_web_v2\.next\server\c
hunks\ssr\_5b471efd._.js:1:507300)
    at async q (C:\Users\adesu\programming\we
b\nextjs\gofamintpsogba_web_v2\.next\server\c
hunks\ssr\_b951e851._.js:4:5581)
Failed to fetch pastor messages: Error: 
Route /pastor-corner/[id] with `dynamic = 
"error"` couldn't be rendered statically 
because it used `revalidate: 0 fetch https://
psogbaasset.gofamintpsogba.org.ng/official_si
te.php?t=official_site_pastorcorner 
/pastor-corner/[id]`. See more info here: htt
ps://nextjs.org/docs/app/building-your-applic
ation/rendering/static-and-dynamic#dynamic-re
ndering
    at x (C:\Users\adesu\programming\web\next
js\gofamintpsogba_web_v2\.next\server\chunks\
ssr\[root-of-the-server]__0d5ae7ad._.js:1:875
42)
    at <unknown> (C:\Users\adesu\programming\
web\nextjs\gofamintpsogba_web_v2\.next\server
\chunks\ssr\[root-of-the-server]__0d5ae7ad._.
js:8:10520) {
  code: 'NEXT_STATIC_GEN_BAILOUT'
}
Failed to fetch pastor messages: TypeError: 
Cannot read properties of undefined (reading 
'replace')
    at <unknown> (C:\Users\adesu\programming\
web\nextjs\gofamintpsogba_web_v2\.next\server
\chunks\ssr\_5b471efd._.js:1:501370)
    at Array.map (<anonymous>)
    at <unknown> (C:\Users\adesu\programming\
web\nextjs\gofamintpsogba_web_v2\.next\server
\chunks\ssr\_5b471efd._.js:1:501203)
    at g (C:\Users\adesu\programming\web\next
js\gofamintpsogba_web_v2\.next\server\chunks\
ssr\_5b471efd._.js:1:506134)
    at async h (C:\Users\adesu\programming\we
b\nextjs\gofamintpsogba_web_v2\.next\server\c
hunks\ssr\_5b471efd._.js:1:507300)
    at async q (C:\Users\adesu\programming\we
b\nextjs\gofamintpsogba_web_v2\.next\server\c
hunks\ssr\_b951e851._.js:4:5581)
Failed to fetch pastor messages: Error: 
Route /pastor-corner/[id] with `dynamic = 
"error"` couldn't be rendered statically 
because it used `revalidate: 0 fetch https://
psogbaasset.gofamintpsogba.org.ng/official_si
te.php?t=official_site_pastorcorner 
/pastor-corner/[id]`. See more info here: htt
ps://nextjs.org/docs/app/building-your-applic
ation/rendering/static-and-dynamic#dynamic-re
ndering
    at x (C:\Users\adesu\programming\web\next
js\gofamintpsogba_web_v2\.next\server\chunks\
ssr\[root-of-the-server]__0d5ae7ad._.js:1:875
42)
    at <unknown> (C:\Users\adesu\programming\
web\nextjs\gofamintpsogba_web_v2\.next\server
\chunks\ssr\[root-of-the-server]__0d5ae7ad._.
js:8:10520) {
  code: 'NEXT_STATIC_GEN_BAILOUT'
}
Failed to fetch pastor messages: TypeError: 
Cannot read properties of undefined (reading 
'replace')
    at <unknown> (C:\Users\adesu\programming\
web\nextjs\gofamintpsogba_web_v2\.next\server
\chunks\ssr\_5b471efd._.js:1:501370)
    at Array.map (<anonymous>)
    at <unknown> (C:\Users\adesu\programming\
web\nextjs\gofamintpsogba_web_v2\.next\server
\chunks\ssr\_5b471efd._.js:1:501203)
    at g (C:\Users\adesu\programming\web\next
js\gofamintpsogba_web_v2\.next\server\chunks\
ssr\_5b471efd._.js:1:506134)
    at async h (C:\Users\adesu\programming\we
b\nextjs\gofamintpsogba_web_v2\.next\server\c
hunks\ssr\_5b471efd._.js:1:507300)
    at async q (C:\Users\adesu\programming\we
b\nextjs\gofamintpsogba_web_v2\.next\server\c
hunks\ssr\_b951e851._.js:4:5581)
Failed to fetch pastor messages: Error: 
Route /pastor-corner/[id] with `dynamic = 
"error"` couldn't be rendered statically 
because it used `revalidate: 0 fetch https://
psogbaasset.gofamintpsogba.org.ng/official_si
te.php?t=official_site_pastorcorner 
/pastor-corner/[id]`. See more info here: htt
ps://nextjs.org/docs/app/building-your-applic
ation/rendering/static-and-dynamic#dynamic-re
ndering
    at x (C:\Users\adesu\programming\web\next
js\gofamintpsogba_web_v2\.next\server\chunks\
ssr\[root-of-the-server]__0d5ae7ad._.js:1:875
42)
    at <unknown> (C:\Users\adesu\programming\
web\nextjs\gofamintpsogba_web_v2\.next\server
\chunks\ssr\[root-of-the-server]__0d5ae7ad._.
js:8:10520) {
  code: 'NEXT_STATIC_GEN_BAILOUT'
}
Failed to fetch pastor messages: TypeError: 
Cannot read properties of undefined (reading 
'replace')
    at <unknown> (C:\Users\adesu\programming\
web\nextjs\gofamintpsogba_web_v2\.next\server
\chunks\ssr\_231ac2f5._.js:1:502902)
    at Array.map (<anonymous>)
    at <unknown> (C:\Users\adesu\programming\
web\nextjs\gofamintpsogba_web_v2\.next\server
\chunks\ssr\_231ac2f5._.js:1:502735)
    at g (C:\Users\adesu\programming\web\next
js\gofamintpsogba_web_v2\.next\server\chunks\
ssr\_231ac2f5._.js:1:506134)
    at async h (C:\Users\adesu\programming\we
b\nextjs\gofamintpsogba_web_v2\.next\server\c
hunks\ssr\_231ac2f5._.js:1:507300)
    at async q (C:\Users\adesu\programming\we
b\nextjs\gofamintpsogba_web_v2\.next\server\c
hunks\ssr\_b951e851._.js:4:5581)
Failed to fetch pastor messages: Error: 
Route /pastor-corner/[id] with `dynamic = 
"error"` couldn't be rendered statically 
because it used `revalidate: 0 fetch https://
psogbaasset.gofamintpsogba.org.ng/official_si
te.php?t=official_site_pastorcorner 
/pastor-corner/[id]`. See more info here: htt
ps://nextjs.org/docs/app/building-your-applic
ation/rendering/static-and-dynamic#dynamic-re
ndering
    at x (C:\Users\adesu\programming\web\next
js\gofamintpsogba_web_v2\.next\server\chunks\
ssr\[root-of-the-server]__0d5ae7ad._.js:1:875
42)
    at <unknown> (C:\Users\adesu\programming\
web\nextjs\gofamintpsogba_web_v2\.next\server
\chunks\ssr\[root-of-the-server]__0d5ae7ad._.
js:8:10520) {
  code: 'NEXT_STATIC_GEN_BAILOUT'
}
Failed to fetch pastor messages: TypeError: 
Cannot read properties of undefined (reading 
'replace')
    at <unknown> (C:\Users\adesu\programming\
web\nextjs\gofamintpsogba_web_v2\.next\server
\chunks\ssr\_5b471efd._.js:1:501370)
    at Array.map (<anonymous>)
    at <unknown> (C:\Users\adesu\programming\
web\nextjs\gofamintpsogba_web_v2\.next\server
\chunks\ssr\_5b471efd._.js:1:501203)
    at g (C:\Users\adesu\programming\web\next
js\gofamintpsogba_web_v2\.next\server\chunks\
ssr\_5b471efd._.js:1:506134)
    at async h (C:\Users\adesu\programming\we
b\nextjs\gofamintpsogba_web_v2\.next\server\c
hunks\ssr\_5b471efd._.js:1:507300)
    at async q (C:\Users\adesu\programming\we
b\nextjs\gofamintpsogba_web_v2\.next\server\c
hunks\ssr\_b951e851._.js:4:5581)
Failed to fetch pastor messages: Error: 
Route /pastor-corner/[id] with `dynamic = 
"error"` couldn't be rendered statically 
because it used `revalidate: 0 fetch https://
psogbaasset.gofamintpsogba.org.ng/official_si
te.php?t=official_site_pastorcorner 
/pastor-corner/[id]`. See more info here: htt
ps://nextjs.org/docs/app/building-your-applic
ation/rendering/static-and-dynamic#dynamic-re
ndering
    at x (C:\Users\adesu\programming\web\next
js\gofamintpsogba_web_v2\.next\server\chunks\
ssr\[root-of-the-server]__0d5ae7ad._.js:1:875
42)
    at <unknown> (C:\Users\adesu\programming\
web\nextjs\gofamintpsogba_web_v2\.next\server
\chunks\ssr\[root-of-the-server]__0d5ae7ad._.
js:8:10520) {
  code: 'NEXT_STATIC_GEN_BAILOUT'
}
Failed to fetch pastor messages: TypeError: 
Cannot read properties of undefined (reading 
'replace')
    at <unknown> (C:\Users\adesu\programming\
web\nextjs\gofamintpsogba_web_v2\.next\server
\chunks\ssr\_5b471efd._.js:1:501370)
    at Array.map (<anonymous>)
    at <unknown> (C:\Users\adesu\programming\
web\nextjs\gofamintpsogba_web_v2\.next\server
\chunks\ssr\_5b471efd._.js:1:501203)
    at g (C:\Users\adesu\programming\web\next
js\gofamintpsogba_web_v2\.next\server\chunks\
ssr\_5b471efd._.js:1:506134)
    at async h (C:\Users\adesu\programming\we
b\nextjs\gofamintpsogba_web_v2\.next\server\c
hunks\ssr\_5b471efd._.js:1:507300)
    at async q (C:\Users\adesu\programming\we
b\nextjs\gofamintpsogba_web_v2\.next\server\c
hunks\ssr\_b951e851._.js:4:5581)
Failed to fetch pastor messages: Error: 
Route /pastor-corner/[id] with `dynamic = 
"error"` couldn't be rendered statically 
because it used `revalidate: 0 fetch https://
psogbaasset.gofamintpsogba.org.ng/official_si
te.php?t=official_site_pastorcorner 
/pastor-corner/[id]`. See more info here: htt
ps://nextjs.org/docs/app/building-your-applic
ation/rendering/static-and-dynamic#dynamic-re
ndering
    at x (C:\Users\adesu\programming\web\next
js\gofamintpsogba_web_v2\.next\server\chunks\
ssr\[root-of-the-server]__0d5ae7ad._.js:1:875
42)
    at <unknown> (C:\Users\adesu\programming\
web\nextjs\gofamintpsogba_web_v2\.next\server
\chunks\ssr\[root-of-the-server]__0d5ae7ad._.
js:8:10520) {
  code: 'NEXT_STATIC_GEN_BAILOUT'
}
Failed to fetch pastor messages: TypeError: 
Cannot read properties of undefined (reading 
'replace')
    at <unknown> (C:\Users\adesu\programming\
web\nextjs\gofamintpsogba_web_v2\.next\server
\chunks\ssr\_5b471efd._.js:1:501370)
    at Array.map (<anonymous>)
    at <unknown> (C:\Users\adesu\programming\
web\nextjs\gofamintpsogba_web_v2\.next\server
\chunks\ssr\_5b471efd._.js:1:501203)
    at g (C:\Users\adesu\programming\web\next
js\gofamintpsogba_web_v2\.next\server\chunks\
ssr\_5b471efd._.js:1:506134)
    at async h (C:\Users\adesu\programming\we
b\nextjs\gofamintpsogba_web_v2\.next\server\c
hunks\ssr\_5b471efd._.js:1:507300)
    at async q (C:\Users\adesu\programming\we
b\nextjs\gofamintpsogba_web_v2\.next\server\c
hunks\ssr\_b951e851._.js:4:5581)
Failed to fetch pastor messages: Error: 
Route /pastor-corner/[id] with `dynamic = 
"error"` couldn't be rendered statically 
because it used `revalidate: 0 fetch https://
psogbaasset.gofamintpsogba.org.ng/official_si
te.php?t=official_site_pastorcorner 
/pastor-corner/[id]`. See more info here: htt
ps://nextjs.org/docs/app/building-your-applic
ation/rendering/static-and-dynamic#dynamic-re
ndering
    at x (C:\Users\adesu\programming\web\next
js\gofamintpsogba_web_v2\.next\server\chunks\
ssr\[root-of-the-server]__0d5ae7ad._.js:1:875
42)
    at <unknown> (C:\Users\adesu\programming\
web\nextjs\gofamintpsogba_web_v2\.next\server
\chunks\ssr\[root-of-the-server]__0d5ae7ad._.
js:8:10520) {
  code: 'NEXT_STATIC_GEN_BAILOUT'
}
Failed to fetch pastor messages: TypeError: 
Cannot read properties of undefined (reading 
'replace')
    at <unknown> (C:\Users\adesu\programming\
web\nextjs\gofamintpsogba_web_v2\.next\server
\chunks\ssr\_231ac2f5._.js:1:502902)
    at Array.map (<anonymous>)
    at <unknown> (C:\Users\adesu\programming\
web\nextjs\gofamintpsogba_web_v2\.next\server
\chunks\ssr\_231ac2f5._.js:1:502735)
    at g (C:\Users\adesu\programming\web\next
js\gofamintpsogba_web_v2\.next\server\chunks\
ssr\_231ac2f5._.js:1:506134)
    at async h (C:\Users\adesu\programming\we
b\nextjs\gofamintpsogba_web_v2\.next\server\c
hunks\ssr\_231ac2f5._.js:1:507300)
    at async q (C:\Users\adesu\programming\we
b\nextjs\gofamintpsogba_web_v2\.next\server\c
hunks\ssr\_b951e851._.js:4:5581)
Failed to fetch pastor messages: Error: 
Route /pastor-corner/[id] with `dynamic = 
"error"` couldn't be rendered statically 
because it used `revalidate: 0 fetch https://
psogbaasset.gofamintpsogba.org.ng/official_si
te.php?t=official_site_pastorcorner 
/pastor-corner/[id]`. See more info here: htt
ps://nextjs.org/docs/app/building-your-applic
ation/rendering/static-and-dynamic#dynamic-re
ndering
    at x (C:\Users\adesu\programming\web\next
js\gofamintpsogba_web_v2\.next\server\chunks\
ssr\[root-of-the-server]__0d5ae7ad._.js:1:875
42)
    at <unknown> (C:\Users\adesu\programming\
web\nextjs\gofamintpsogba_web_v2\.next\server
\chunks\ssr\[root-of-the-server]__0d5ae7ad._.
js:8:10520) {
  code: 'NEXT_STATIC_GEN_BAILOUT'
}
Failed to fetch pastor messages: TypeError: 
Cannot read properties of undefined (reading 
'replace')
    at <unknown> (C:\Users\adesu\programming\
web\nextjs\gofamintpsogba_web_v2\.next\server
\chunks\ssr\_5b471efd._.js:1:501370)
    at Array.map (<anonymous>)
    at <unknown> (C:\Users\adesu\programming\
web\nextjs\gofamintpsogba_web_v2\.next\server
\chunks\ssr\_5b471efd._.js:1:501203)
    at g (C:\Users\adesu\programming\web\next
js\gofamintpsogba_web_v2\.next\server\chunks\
ssr\_5b471efd._.js:1:506134)
    at async h (C:\Users\adesu\programming\we
b\nextjs\gofamintpsogba_web_v2\.next\server\c
hunks\ssr\_5b471efd._.js:1:507300)
    at async q (C:\Users\adesu\programming\we
b\nextjs\gofamintpsogba_web_v2\.next\server\c
hunks\ssr\_b951e851._.js:4:5581)
Failed to fetch pastor messages: Error: 
Route /pastor-corner/[id] with `dynamic = 
"error"` couldn't be rendered statically 
because it used `revalidate: 0 fetch https://
psogbaasset.gofamintpsogba.org.ng/official_si
te.php?t=official_site_pastorcorner 
/pastor-corner/[id]`. See more info here: htt
ps://nextjs.org/docs/app/building-your-applic
ation/rendering/static-and-dynamic#dynamic-re
ndering
    at x (C:\Users\adesu\programming\web\next
js\gofamintpsogba_web_v2\.next\server\chunks\
ssr\[root-of-the-server]__0d5ae7ad._.js:1:875
42)
    at <unknown> (C:\Users\adesu\programming\
web\nextjs\gofamintpsogba_web_v2\.next\server
\chunks\ssr\[root-of-the-server]__0d5ae7ad._.
js:8:10520) {
  code: 'NEXT_STATIC_GEN_BAILOUT'
}
Failed to fetch pastor messages: TypeError: 
Cannot read properties of undefined (reading 
'replace')
    at <unknown> (C:\Users\adesu\programming\
web\nextjs\gofamintpsogba_web_v2\.next\server
\chunks\ssr\_5b471efd._.js:1:501370)
    at Array.map (<anonymous>)
    at <unknown> (C:\Users\adesu\programming\
web\nextjs\gofamintpsogba_web_v2\.next\server
\chunks\ssr\_5b471efd._.js:1:501203)
    at g (C:\Users\adesu\programming\web\next
js\gofamintpsogba_web_v2\.next\server\chunks\
ssr\_5b471efd._.js:1:506134)
    at async h (C:\Users\adesu\programming\we
b\nextjs\gofamintpsogba_web_v2\.next\server\c
hunks\ssr\_5b471efd._.js:1:507300)
    at async q (C:\Users\adesu\programming\we
b\nextjs\gofamintpsogba_web_v2\.next\server\c
hunks\ssr\_b951e851._.js:4:5581)
Failed to fetch pastor messages: Error: 
Route /pastor-corner/[id] with `dynamic = 
"error"` couldn't be rendered statically 
because it used `revalidate: 0 fetch https://
psogbaasset.gofamintpsogba.org.ng/official_si
te.php?t=official_site_pastorcorner 
/pastor-corner/[id]`. See more info here: htt
ps://nextjs.org/docs/app/building-your-applic
ation/rendering/static-and-dynamic#dynamic-re
ndering
    at x (C:\Users\adesu\programming\web\next
js\gofamintpsogba_web_v2\.next\server\chunks\
ssr\[root-of-the-server]__0d5ae7ad._.js:1:875
42)
    at <unknown> (C:\Users\adesu\programming\
web\nextjs\gofamintpsogba_web_v2\.next\server
\chunks\ssr\[root-of-the-server]__0d5ae7ad._.
js:8:10520) {
  code: 'NEXT_STATIC_GEN_BAILOUT'
}
Failed to fetch pastor messages: Error: 
Route /pastor-corner/[id] with `dynamic = 
"error"` couldn't be rendered statically 
because it used `revalidate: 0 fetch https://
psogbaasset.gofamintpsogba.org.ng/official_si
te.php?t=official_site_pastorcorner 
/pastor-corner/[id]`. See more info here: htt
ps://nextjs.org/docs/app/building-your-applic
ation/rendering/static-and-dynamic#dynamic-re
ndering
    at x (C:\Users\adesu\programming\web\next
js\gofamintpsogba_web_v2\.next\server\chunks\
ssr\[root-of-the-server]__0d5ae7ad._.js:1:875
42)
    at <unknown> (C:\Users\adesu\programming\
web\nextjs\gofamintpsogba_web_v2\.next\server
\chunks\ssr\[root-of-the-server]__0d5ae7ad._.
js:8:10520) {
  code: 'NEXT_STATIC_GEN_BAILOUT'
}
Failed to fetch pastor messages: TypeError: 
Cannot read properties of undefined (reading 
'replace')
    at <unknown> (C:\Users\adesu\programming\
web\nextjs\gofamintpsogba_web_v2\.next\server
\chunks\ssr\_5b471efd._.js:1:501370)
    at Array.map (<anonymous>)
    at <unknown> (C:\Users\adesu\programming\
web\nextjs\gofamintpsogba_web_v2\.next\server
\chunks\ssr\_5b471efd._.js:1:501203)
    at g (C:\Users\adesu\programming\web\next
js\gofamintpsogba_web_v2\.next\server\chunks\
ssr\_5b471efd._.js:1:506134)
    at async h (C:\Users\adesu\programming\we
b\nextjs\gofamintpsogba_web_v2\.next\server\c
hunks\ssr\_5b471efd._.js:1:507300)
    at async q (C:\Users\adesu\programming\we
b\nextjs\gofamintpsogba_web_v2\.next\server\c
hunks\ssr\_b951e851._.js:4:5581)
Failed to fetch pastor messages: TypeError: 
Cannot read properties of undefined (reading 
'replace')
    at <unknown> (C:\Users\adesu\programming\
web\nextjs\gofamintpsogba_web_v2\.next\server
\chunks\ssr\_5b471efd._.js:1:501370)
    at Array.map (<anonymous>)
    at <unknown> (C:\Users\adesu\programming\
web\nextjs\gofamintpsogba_web_v2\.next\server
\chunks\ssr\_5b471efd._.js:1:501203)
    at g (C:\Users\adesu\programming\web\next
js\gofamintpsogba_web_v2\.next\server\chunks\
ssr\_5b471efd._.js:1:506134)
    at async h (C:\Users\adesu\programming\we
b\nextjs\gofamintpsogba_web_v2\.next\server\c
hunks\ssr\_5b471efd._.js:1:507300)
    at async q (C:\Users\adesu\programming\we
b\nextjs\gofamintpsogba_web_v2\.next\server\c
hunks\ssr\_b951e851._.js:4:5581)
Failed to fetch pastor messages: Error: 
Route /pastor-corner/[id] with `dynamic = 
"error"` couldn't be rendered statically 
because it used `revalidate: 0 fetch https://
psogbaasset.gofamintpsogba.org.ng/official_si
te.php?t=official_site_pastorcorner 
/pastor-corner/[id]`. See more info here: htt
ps://nextjs.org/docs/app/building-your-applic
ation/rendering/static-and-dynamic#dynamic-re
ndering
    at x (C:\Users\adesu\programming\web\next
js\gofamintpsogba_web_v2\.next\server\chunks\
ssr\[root-of-the-server]__0d5ae7ad._.js:1:875
42)
    at <unknown> (C:\Users\adesu\programming\
web\nextjs\gofamintpsogba_web_v2\.next\server
\chunks\ssr\[root-of-the-server]__0d5ae7ad._.
js:8:10520) {
  code: 'NEXT_STATIC_GEN_BAILOUT'
}
Failed to fetch pastor messages: TypeError: 
Cannot read properties of undefined (reading 
'replace')
    at <unknown> (C:\Users\adesu\programming\
web\nextjs\gofamintpsogba_web_v2\.next\server
\chunks\ssr\_5b471efd._.js:1:501370)
    at Array.map (<anonymous>)
    at <unknown> (C:\Users\adesu\programming\
web\nextjs\gofamintpsogba_web_v2\.next\server
\chunks\ssr\_5b471efd._.js:1:501203)
    at g (C:\Users\adesu\programming\web\next
js\gofamintpsogba_web_v2\.next\server\chunks\
ssr\_5b471efd._.js:1:506134)
    at async h (C:\Users\adesu\programming\we
b\nextjs\gofamintpsogba_web_v2\.next\server\c
hunks\ssr\_5b471efd._.js:1:507300)
    at async q (C:\Users\adesu\programming\we
b\nextjs\gofamintpsogba_web_v2\.next\server\c
hunks\ssr\_b951e851._.js:4:5581)
Failed to fetch pastor messages: Error: 
Route /pastor-corner/[id] with `dynamic = 
"error"` couldn't be rendered statically 
because it used `revalidate: 0 fetch https://
psogbaasset.gofamintpsogba.org.ng/official_si
te.php?t=official_site_pastorcorner 
/pastor-corner/[id]`. See more info here: htt
ps://nextjs.org/docs/app/building-your-applic
ation/rendering/static-and-dynamic#dynamic-re
ndering
    at x (C:\Users\adesu\programming\web\next
js\gofamintpsogba_web_v2\.next\server\chunks\
ssr\[root-of-the-server]__0d5ae7ad._.js:1:875
42)
    at <unknown> (C:\Users\adesu\programming\
web\nextjs\gofamintpsogba_web_v2\.next\server
\chunks\ssr\[root-of-the-server]__0d5ae7ad._.
js:8:10520) {
  code: 'NEXT_STATIC_GEN_BAILOUT'
}
Failed to fetch pastor messages: TypeError: 
Cannot read properties of undefined (reading 
'replace')
    at <unknown> (C:\Users\adesu\programming\
web\nextjs\gofamintpsogba_web_v2\.next\server
\chunks\ssr\_5b471efd._.js:1:501370)
    at Array.map (<anonymous>)
    at <unknown> (C:\Users\adesu\programming\
web\nextjs\gofamintpsogba_web_v2\.next\server
\chunks\ssr\_5b471efd._.js:1:501203)
    at g (C:\Users\adesu\programming\web\next
js\gofamintpsogba_web_v2\.next\server\chunks\
ssr\_5b471efd._.js:1:506134)
    at async h (C:\Users\adesu\programming\we
b\nextjs\gofamintpsogba_web_v2\.next\server\c
hunks\ssr\_5b471efd._.js:1:507300)
    at async q (C:\Users\adesu\programming\we
b\nextjs\gofamintpsogba_web_v2\.next\server\c
hunks\ssr\_b951e851._.js:4:5581)
Failed to fetch pastor messages: Error: 
Route /pastor-corner/[id] with `dynamic = 
"error"` couldn't be rendered statically 
because it used `revalidate: 0 fetch https://
psogbaasset.gofamintpsogba.org.ng/official_si
te.php?t=official_site_pastorcorner 
/pastor-corner/[id]`. See more info here: htt
ps://nextjs.org/docs/app/building-your-applic
ation/rendering/static-and-dynamic#dynamic-re
ndering
    at x (C:\Users\adesu\programming\web\next
js\gofamintpsogba_web_v2\.next\server\chunks\
ssr\[root-of-the-server]__0d5ae7ad._.js:1:875
42)
    at <unknown> (C:\Users\adesu\programming\
web\nextjs\gofamintpsogba_web_v2\.next\server
\chunks\ssr\[root-of-the-server]__0d5ae7ad._.
js:8:10520) {
  code: 'NEXT_STATIC_GEN_BAILOUT'
}
Failed to fetch pastor messages: TypeError: 
Cannot read properties of undefined (reading 
'replace')
    at <unknown> (C:\Users\adesu\programming\
web\nextjs\gofamintpsogba_web_v2\.next\server
\chunks\ssr\_5b471efd._.js:1:501370)
    at Array.map (<anonymous>)
    at <unknown> (C:\Users\adesu\programming\
web\nextjs\gofamintpsogba_web_v2\.next\server
\chunks\ssr\_5b471efd._.js:1:501203)
    at g (C:\Users\adesu\programming\web\next
js\gofamintpsogba_web_v2\.next\server\chunks\
ssr\_5b471efd._.js:1:506134)
    at async h (C:\Users\adesu\programming\we
b\nextjs\gofamintpsogba_web_v2\.next\server\c
hunks\ssr\_5b471efd._.js:1:507300)
    at async q (C:\Users\adesu\programming\we
b\nextjs\gofamintpsogba_web_v2\.next\server\c
hunks\ssr\_b951e851._.js:4:5581)
Failed to fetch pastor messages: Error: 
Route /pastor-corner/[id] with `dynamic = 
"error"` couldn't be rendered statically 
because it used `revalidate: 0 fetch https://
psogbaasset.gofamintpsogba.org.ng/official_si
te.php?t=official_site_pastorcorner 
/pastor-corner/[id]`. See more info here: htt
ps://nextjs.org/docs/app/building-your-applic
ation/rendering/static-and-dynamic#dynamic-re
ndering
    at x (C:\Users\adesu\programming\web\next
js\gofamintpsogba_web_v2\.next\server\chunks\
ssr\[root-of-the-server]__0d5ae7ad._.js:1:875
42)
    at <unknown> (C:\Users\adesu\programming\
web\nextjs\gofamintpsogba_web_v2\.next\server
\chunks\ssr\[root-of-the-server]__0d5ae7ad._.
js:8:10520) {
  code: 'NEXT_STATIC_GEN_BAILOUT'
}
Failed to fetch pastor messages: TypeError: 
Cannot read properties of undefined (reading 
'replace')
    at <unknown> (C:\Users\adesu\programming\
web\nextjs\gofamintpsogba_web_v2\.next\server
\chunks\ssr\_231ac2f5._.js:1:502902)
    at Array.map (<anonymous>)
    at <unknown> (C:\Users\adesu\programming\
web\nextjs\gofamintpsogba_web_v2\.next\server
\chunks\ssr\_231ac2f5._.js:1:502735)
    at g (C:\Users\adesu\programming\web\next
js\gofamintpsogba_web_v2\.next\server\chunks\
ssr\_231ac2f5._.js:1:506134)
    at async h (C:\Users\adesu\programming\we
b\nextjs\gofamintpsogba_web_v2\.next\server\c
hunks\ssr\_231ac2f5._.js:1:507300)
    at async q (C:\Users\adesu\programming\we
b\nextjs\gofamintpsogba_web_v2\.next\server\c
hunks\ssr\_b951e851._.js:4:5581)
Failed to fetch pastor messages: Error: 
Route / with `dynamic = "error"` couldn't be 
rendered statically because it used 
`revalidate: 0 fetch https://psogbaasset.gofa
mintpsogba.org.ng/official_site.php?t=officia
l_site_data /`. See more info here: https://n
extjs.org/docs/app/building-your-application/
rendering/static-and-dynamic#dynamic-renderin
g
    at x (C:\Users\adesu\programming\web\next
js\gofamintpsogba_web_v2\.next\server\chunks\
ssr\[root-of-the-server]__0d5ae7ad._.js:1:875
42)
    at <unknown> (C:\Users\adesu\programming\
web\nextjs\gofamintpsogba_web_v2\.next\server
\chunks\ssr\[root-of-the-server]__0d5ae7ad._.
js:8:10520) {
  code: 'NEXT_STATIC_GEN_BAILOUT'
}
Failed to fetch pastor messages: Error: 
Route / with `dynamic = "error"` couldn't be 
rendered statically because it used 
`revalidate: 0 fetch https://psogbaasset.gofa
mintpsogba.org.ng/official_site.php?t=officia
l_site_images /`. See more info here: https:/
/nextjs.org/docs/app/building-your-applicatio
n/rendering/static-and-dynamic#dynamic-render
ing
    at x (C:\Users\adesu\programming\web\next
js\gofamintpsogba_web_v2\.next\server\chunks\
ssr\[root-of-the-server]__0d5ae7ad._.js:1:875
42)
    at <unknown> (C:\Users\adesu\programming\
web\nextjs\gofamintpsogba_web_v2\.next\server
\chunks\ssr\[root-of-the-server]__0d5ae7ad._.
js:8:10520) {
  code: 'NEXT_STATIC_GEN_BAILOUT'
}
Failed to fetch pastor messages: Error: 
Route / with `dynamic = "error"` couldn't be 
rendered statically because it used 
`revalidate: 0 fetch https://psogbaasset.gofa
mintpsogba.org.ng/official_site.php?t=officia
l_site_pastorcorner /`. See more info here: h
ttps://nextjs.org/docs/app/building-your-appl
ication/rendering/static-and-dynamic#dynamic-
rendering
    at x (C:\Users\adesu\programming\web\next
js\gofamintpsogba_web_v2\.next\server\chunks\
ssr\[root-of-the-server]__0d5ae7ad._.js:1:875
42)
    at <unknown> (C:\Users\adesu\programming\
web\nextjs\gofamintpsogba_web_v2\.next\server
\chunks\ssr\[root-of-the-server]__0d5ae7ad._.
js:8:10520) {
  code: 'NEXT_STATIC_GEN_BAILOUT'
}
Failed to fetch pastor messages: Error: 
Route /pastor-corner/[id] with `dynamic = 
"error"` couldn't be rendered statically 
because it used `revalidate: 0 fetch https://
psogbaasset.gofamintpsogba.org.ng/official_si
te.php?t=official_site_pastorcorner 
/pastor-corner/[id]`. See more info here: htt
ps://nextjs.org/docs/app/building-your-applic
ation/rendering/static-and-dynamic#dynamic-re
ndering
    at x (C:\Users\adesu\programming\web\next
js\gofamintpsogba_web_v2\.next\server\chunks\
ssr\[root-of-the-server]__0d5ae7ad._.js:1:875
42)
    at <unknown> (C:\Users\adesu\programming\
web\nextjs\gofamintpsogba_web_v2\.next\server
\chunks\ssr\[root-of-the-server]__0d5ae7ad._.
js:8:10520) {
  code: 'NEXT_STATIC_GEN_BAILOUT'
}
Failed to fetch pastor messages: TypeError: 
Cannot read properties of undefined (reading 
'replace')
    at <unknown> (C:\Users\adesu\programming\
web\nextjs\gofamintpsogba_web_v2\.next\server
\chunks\ssr\_5b471efd._.js:1:501370)
    at Array.map (<anonymous>)
    at <unknown> (C:\Users\adesu\programming\
web\nextjs\gofamintpsogba_web_v2\.next\server
\chunks\ssr\_5b471efd._.js:1:501203)
    at g (C:\Users\adesu\programming\web\next
js\gofamintpsogba_web_v2\.next\server\chunks\
ssr\_5b471efd._.js:1:506134)
    at async h (C:\Users\adesu\programming\we
b\nextjs\gofamintpsogba_web_v2\.next\server\c
hunks\ssr\_5b471efd._.js:1:507300)
    at async q (C:\Users\adesu\programming\we
b\nextjs\gofamintpsogba_web_v2\.next\server\c
hunks\ssr\_b951e851._.js:4:5581)
Failed to fetch pastor messages: Error: 
Route /pastor-corner/[id] with `dynamic = 
"error"` couldn't be rendered statically 
because it used `revalidate: 0 fetch https://
psogbaasset.gofamintpsogba.org.ng/official_si
te.php?t=official_site_pastorcorner 
/pastor-corner/[id]`. See more info here: htt
ps://nextjs.org/docs/app/building-your-applic
ation/rendering/static-and-dynamic#dynamic-re
ndering
    at x (C:\Users\adesu\programming\web\next
js\gofamintpsogba_web_v2\.next\server\chunks\
ssr\[root-of-the-server]__0d5ae7ad._.js:1:875
42)
    at <unknown> (C:\Users\adesu\programming\
web\nextjs\gofamintpsogba_web_v2\.next\server
\chunks\ssr\[root-of-the-server]__0d5ae7ad._.
js:8:10520) {
  code: 'NEXT_STATIC_GEN_BAILOUT'
}
Failed to fetch pastor messages: TypeError: 
Cannot read properties of undefined (reading 
'replace')
    at <unknown> (C:\Users\adesu\programming\
web\nextjs\gofamintpsogba_web_v2\.next\server
\chunks\ssr\_5b471efd._.js:1:501370)
    at Array.map (<anonymous>)
    at <unknown> (C:\Users\adesu\programming\
web\nextjs\gofamintpsogba_web_v2\.next\server
\chunks\ssr\_5b471efd._.js:1:501203)
    at g (C:\Users\adesu\programming\web\next
js\gofamintpsogba_web_v2\.next\server\chunks\
ssr\_5b471efd._.js:1:506134)
    at async h (C:\Users\adesu\programming\we
b\nextjs\gofamintpsogba_web_v2\.next\server\c
hunks\ssr\_5b471efd._.js:1:507300)
    at async q (C:\Users\adesu\programming\we
b\nextjs\gofamintpsogba_web_v2\.next\server\c
hunks\ssr\_b951e851._.js:4:5581)
Failed to fetch pastor messages: Error: 
Route /pastor-corner/[id] with `dynamic = 
"error"` couldn't be rendered statically 
because it used `revalidate: 0 fetch https://
psogbaasset.gofamintpsogba.org.ng/official_si
te.php?t=official_site_pastorcorner 
/pastor-corner/[id]`. See more info here: htt
ps://nextjs.org/docs/app/building-your-applic
ation/rendering/static-and-dynamic#dynamic-re
ndering
    at x (C:\Users\adesu\programming\web\next
js\gofamintpsogba_web_v2\.next\server\chunks\
ssr\[root-of-the-server]__0d5ae7ad._.js:1:875
42)
    at <unknown> (C:\Users\adesu\programming\
web\nextjs\gofamintpsogba_web_v2\.next\server
\chunks\ssr\[root-of-the-server]__0d5ae7ad._.
js:8:10520) {
  code: 'NEXT_STATIC_GEN_BAILOUT'
}
Failed to fetch pastor messages: TypeError: 
Cannot read properties of undefined (reading 
'replace')
    at <unknown> (C:\Users\adesu\programming\
web\nextjs\gofamintpsogba_web_v2\.next\server
\chunks\ssr\_231ac2f5._.js:1:502902)
    at Array.map (<anonymous>)
    at <unknown> (C:\Users\adesu\programming\
web\nextjs\gofamintpsogba_web_v2\.next\server
\chunks\ssr\_231ac2f5._.js:1:502735)
    at g (C:\Users\adesu\programming\web\next
js\gofamintpsogba_web_v2\.next\server\chunks\
ssr\_231ac2f5._.js:1:506134)
    at async h (C:\Users\adesu\programming\we
b\nextjs\gofamintpsogba_web_v2\.next\server\c
hunks\ssr\_231ac2f5._.js:1:507300)
    at async q (C:\Users\adesu\programming\we
b\nextjs\gofamintpsogba_web_v2\.next\server\c
hunks\ssr\_b951e851._.js:4:5581)
Failed to fetch pastor messages: Error: 
Route /pastor-corner/[id] with `dynamic = 
"error"` couldn't be rendered statically 
because it used `revalidate: 0 fetch https://
psogbaasset.gofamintpsogba.org.ng/official_si
te.php?t=official_site_pastorcorner 
/pastor-corner/[id]`. See more info here: htt
ps://nextjs.org/docs/app/building-your-applic
ation/rendering/static-and-dynamic#dynamic-re
ndering
    at x (C:\Users\adesu\programming\web\next
js\gofamintpsogba_web_v2\.next\server\chunks\
ssr\[root-of-the-server]__0d5ae7ad._.js:1:875
42)
    at <unknown> (C:\Users\adesu\programming\
web\nextjs\gofamintpsogba_web_v2\.next\server
\chunks\ssr\[root-of-the-server]__0d5ae7ad._.
js:8:10520) {
  code: 'NEXT_STATIC_GEN_BAILOUT'
}
Failed to fetch pastor messages: TypeError: 
Cannot read properties of undefined (reading 
'replace')
    at <unknown> (C:\Users\adesu\programming\
web\nextjs\gofamintpsogba_web_v2\.next\server
\chunks\ssr\_5b471efd._.js:1:501370)
    at Array.map (<anonymous>)
    at <unknown> (C:\Users\adesu\programming\
web\nextjs\gofamintpsogba_web_v2\.next\server
\chunks\ssr\_5b471efd._.js:1:501203)
    at g (C:\Users\adesu\programming\web\next
js\gofamintpsogba_web_v2\.next\server\chunks\
ssr\_5b471efd._.js:1:506134)
    at async h (C:\Users\adesu\programming\we
b\nextjs\gofamintpsogba_web_v2\.next\server\c
hunks\ssr\_5b471efd._.js:1:507300)
    at async q (C:\Users\adesu\programming\we
b\nextjs\gofamintpsogba_web_v2\.next\server\c
hunks\ssr\_b951e851._.js:4:5581)
Failed to fetch pastor messages: TypeError: 
Cannot read properties of undefined (reading 
'replace')
    at <unknown> (C:\Users\adesu\programming\
web\nextjs\gofamintpsogba_web_v2\.next\server
\chunks\ssr\_5b471efd._.js:1:501370)
    at Array.map (<anonymous>)
    at <unknown> (C:\Users\adesu\programming\
web\nextjs\gofamintpsogba_web_v2\.next\server
\chunks\ssr\_5b471efd._.js:1:501203)
    at g (C:\Users\adesu\programming\web\next
js\gofamintpsogba_web_v2\.next\server\chunks\
ssr\_5b471efd._.js:1:506134)
    at async x (C:\Users\adesu\programming\we
b\nextjs\gofamintpsogba_web_v2\.next\server\c
hunks\ssr\[root-of-the-server]__e2fb2dac._.js
:1:12462)
Failed to fetch pastor messages: Error: 
Route /pastor-corner/[id] with `dynamic = 
"error"` couldn't be rendered statically 
because it used `revalidate: 0 fetch https://
psogbaasset.gofamintpsogba.org.ng/official_si
te.php?t=official_site_pastorcorner 
/pastor-corner/[id]`. See more info here: htt
ps://nextjs.org/docs/app/building-your-applic
ation/rendering/static-and-dynamic#dynamic-re
ndering
    at x (C:\Users\adesu\programming\web\next
js\gofamintpsogba_web_v2\.next\server\chunks\
ssr\[root-of-the-server]__0d5ae7ad._.js:1:875
42)
    at <unknown> (C:\Users\adesu\programming\
web\nextjs\gofamintpsogba_web_v2\.next\server
\chunks\ssr\[root-of-the-server]__0d5ae7ad._.
js:8:10520) {
  code: 'NEXT_STATIC_GEN_BAILOUT'
}
Failed to fetch pastor messages: TypeError: 
Cannot read properties of undefined (reading 
'replace')
    at <unknown> (C:\Users\adesu\programming\
web\nextjs\gofamintpsogba_web_v2\.next\server
\chunks\ssr\_5b471efd._.js:1:501370)
    at Array.map (<anonymous>)
    at <unknown> (C:\Users\adesu\programming\
web\nextjs\gofamintpsogba_web_v2\.next\server
\chunks\ssr\_5b471efd._.js:1:501203)
    at g (C:\Users\adesu\programming\web\next
js\gofamintpsogba_web_v2\.next\server\chunks\
ssr\_5b471efd._.js:1:506134)
    at async h (C:\Users\adesu\programming\we
b\nextjs\gofamintpsogba_web_v2\.next\server\c
hunks\ssr\_5b471efd._.js:1:507300)
    at async q (C:\Users\adesu\programming\we
b\nextjs\gofamintpsogba_web_v2\.next\server\c
hunks\ssr\_b951e851._.js:4:5581)
Failed to fetch pastor messages: Error: 
Route /pastor-corner/[id] with `dynamic = 
"error"` couldn't be rendered statically 
because it used `revalidate: 0 fetch https://
psogbaasset.gofamintpsogba.org.ng/official_si
te.php?t=official_site_pastorcorner 
/pastor-corner/[id]`. See more info here: htt
ps://nextjs.org/docs/app/building-your-applic
ation/rendering/static-and-dynamic#dynamic-re
ndering
    at x (C:\Users\adesu\programming\web\next
js\gofamintpsogba_web_v2\.next\server\chunks\
ssr\[root-of-the-server]__0d5ae7ad._.js:1:875
42)
    at <unknown> (C:\Users\adesu\programming\
web\nextjs\gofamintpsogba_web_v2\.next\server
\chunks\ssr\[root-of-the-server]__0d5ae7ad._.
js:8:10520) {
  code: 'NEXT_STATIC_GEN_BAILOUT'
}
Failed to fetch pastor messages: TypeError: 
Cannot read properties of undefined (reading 
'replace')
    at <unknown> (C:\Users\adesu\programming\
web\nextjs\gofamintpsogba_web_v2\.next\server
\chunks\ssr\_5b471efd._.js:1:501370)
    at Array.map (<anonymous>)
    at <unknown> (C:\Users\adesu\programming\
web\nextjs\gofamintpsogba_web_v2\.next\server
\chunks\ssr\_5b471efd._.js:1:501203)
    at g (C:\Users\adesu\programming\web\next
js\gofamintpsogba_web_v2\.next\server\chunks\
ssr\_5b471efd._.js:1:506134)
    at async h (C:\Users\adesu\programming\we
b\nextjs\gofamintpsogba_web_v2\.next\server\c
hunks\ssr\_5b471efd._.js:1:507300)
    at async q (C:\Users\adesu\programming\we
b\nextjs\gofamintpsogba_web_v2\.next\server\c
hunks\ssr\_b951e851._.js:4:5581)
Failed to fetch pastor messages: Error: 
Route /pastor-corner/[id] with `dynamic = 
"error"` couldn't be rendered statically 
because it used `revalidate: 0 fetch https://
psogbaasset.gofamintpsogba.org.ng/official_si
te.php?t=official_site_pastorcorner 
/pastor-corner/[id]`. See more info here: htt
ps://nextjs.org/docs/app/building-your-applic
ation/rendering/static-and-dynamic#dynamic-re
ndering
    at x (C:\Users\adesu\programming\web\next
js\gofamintpsogba_web_v2\.next\server\chunks\
ssr\[root-of-the-server]__0d5ae7ad._.js:1:875
42)
    at <unknown> (C:\Users\adesu\programming\
web\nextjs\gofamintpsogba_web_v2\.next\server
\chunks\ssr\[root-of-the-server]__0d5ae7ad._.
js:8:10520) {
  code: 'NEXT_STATIC_GEN_BAILOUT'
}
Failed to fetch pastor messages: TypeError: 
Cannot read properties of undefined (reading 
'replace')
    at <unknown> (C:\Users\adesu\programming\
web\nextjs\gofamintpsogba_web_v2\.next\server
\chunks\ssr\_231ac2f5._.js:1:502902)
    at Array.map (<anonymous>)
    at <unknown> (C:\Users\adesu\programming\
web\nextjs\gofamintpsogba_web_v2\.next\server
\chunks\ssr\_231ac2f5._.js:1:502735)
    at g (C:\Users\adesu\programming\web\next
js\gofamintpsogba_web_v2\.next\server\chunks\
ssr\_231ac2f5._.js:1:506134)
    at async h (C:\Users\adesu\programming\we
b\nextjs\gofamintpsogba_web_v2\.next\server\c
hunks\ssr\_231ac2f5._.js:1:507300)
    at async q (C:\Users\adesu\programming\we
b\nextjs\gofamintpsogba_web_v2\.next\server\c
hunks\ssr\_b951e851._.js:4:5581)
Failed to fetch pastor messages: Error: 
Route /pastor-corner/[id] with `dynamic = 
"error"` couldn't be rendered statically 
because it used `revalidate: 0 fetch https://
psogbaasset.gofamintpsogba.org.ng/official_si
te.php?t=official_site_pastorcorner 
/pastor-corner/[id]`. See more info here: htt
ps://nextjs.org/docs/app/building-your-applic
ation/rendering/static-and-dynamic#dynamic-re
ndering
    at x (C:\Users\adesu\programming\web\next
js\gofamintpsogba_web_v2\.next\server\chunks\
ssr\[root-of-the-server]__0d5ae7ad._.js:1:875
42)
    at <unknown> (C:\Users\adesu\programming\
web\nextjs\gofamintpsogba_web_v2\.next\server
\chunks\ssr\[root-of-the-server]__0d5ae7ad._.
js:8:10520) {
  code: 'NEXT_STATIC_GEN_BAILOUT'
}
Failed to fetch pastor messages: TypeError: 
Cannot read properties of undefined (reading 
'replace')
    at <unknown> (C:\Users\adesu\programming\
web\nextjs\gofamintpsogba_web_v2\.next\server
\chunks\ssr\_5b471efd._.js:1:501370)
    at Array.map (<anonymous>)
    at <unknown> (C:\Users\adesu\programming\
web\nextjs\gofamintpsogba_web_v2\.next\server
\chunks\ssr\_5b471efd._.js:1:501203)
    at g (C:\Users\adesu\programming\web\next
js\gofamintpsogba_web_v2\.next\server\chunks\
ssr\_5b471efd._.js:1:506134)
    at async h (C:\Users\adesu\programming\we
b\nextjs\gofamintpsogba_web_v2\.next\server\c
hunks\ssr\_5b471efd._.js:1:507300)
    at async q (C:\Users\adesu\programming\we
b\nextjs\gofamintpsogba_web_v2\.next\server\c
hunks\ssr\_b951e851._.js:4:5581)
Failed to fetch pastor messages: Error: 
Route /pastor-corner/[id] with `dynamic = 
"error"` couldn't be rendered statically 
because it used `revalidate: 0 fetch https://
psogbaasset.gofamintpsogba.org.ng/official_si
te.php?t=official_site_pastorcorner 
/pastor-corner/[id]`. See more info here: htt
ps://nextjs.org/docs/app/building-your-applic
ation/rendering/static-and-dynamic#dynamic-re
ndering
    at x (C:\Users\adesu\programming\web\next
js\gofamintpsogba_web_v2\.next\server\chunks\
ssr\[root-of-the-server]__0d5ae7ad._.js:1:875
42)
    at <unknown> (C:\Users\adesu\programming\
web\nextjs\gofamintpsogba_web_v2\.next\server
\chunks\ssr\[root-of-the-server]__0d5ae7ad._.
js:8:10520) {
  code: 'NEXT_STATIC_GEN_BAILOUT'
}
Failed to fetch pastor messages: TypeError: 
Cannot read properties of undefined (reading 
'replace')
    at <unknown> (C:\Users\adesu\programming\
web\nextjs\gofamintpsogba_web_v2\.next\server
\chunks\ssr\_231ac2f5._.js:1:502902)
    at Array.map (<anonymous>)
    at <unknown> (C:\Users\adesu\programming\
web\nextjs\gofamintpsogba_web_v2\.next\server
\chunks\ssr\_231ac2f5._.js:1:502735)
    at g (C:\Users\adesu\programming\web\next
js\gofamintpsogba_web_v2\.next\server\chunks\
ssr\_231ac2f5._.js:1:506134)
    at async h (C:\Users\adesu\programming\we
b\nextjs\gofamintpsogba_web_v2\.next\server\c
hunks\ssr\_231ac2f5._.js:1:507300)
    at async q (C:\Users\adesu\programming\we
b\nextjs\gofamintpsogba_web_v2\.next\server\c
hunks\ssr\_b951e851._.js:4:5581)
Failed to fetch pastor messages: Error: 
Route /pastor-corner/[id] with `dynamic = 
"error"` couldn't be rendered statically 
because it used `revalidate: 0 fetch https://
psogbaasset.gofamintpsogba.org.ng/official_si
te.php?t=official_site_pastorcorner 
/pastor-corner/[id]`. See more info here: htt
ps://nextjs.org/docs/app/building-your-applic
ation/rendering/static-and-dynamic#dynamic-re
ndering
    at x (C:\Users\adesu\programming\web\next
js\gofamintpsogba_web_v2\.next\server\chunks\
ssr\[root-of-the-server]__0d5ae7ad._.js:1:875
42)
    at <unknown> (C:\Users\adesu\programming\
web\nextjs\gofamintpsogba_web_v2\.next\server
\chunks\ssr\[root-of-the-server]__0d5ae7ad._.
js:8:10520) {
  code: 'NEXT_STATIC_GEN_BAILOUT'
}
Failed to fetch pastor messages: TypeError: 
Cannot read properties of undefined (reading 
'replace')
    at <unknown> (C:\Users\adesu\programming\
web\nextjs\gofamintpsogba_web_v2\.next\server
\chunks\ssr\_5b471efd._.js:1:501370)
    at Array.map (<anonymous>)
    at <unknown> (C:\Users\adesu\programming\
web\nextjs\gofamintpsogba_web_v2\.next\server
\chunks\ssr\_5b471efd._.js:1:501203)
    at g (C:\Users\adesu\programming\web\next
js\gofamintpsogba_web_v2\.next\server\chunks\
ssr\_5b471efd._.js:1:506134)
    at async h (C:\Users\adesu\programming\we
b\nextjs\gofamintpsogba_web_v2\.next\server\c
hunks\ssr\_5b471efd._.js:1:507300)
    at async q (C:\Users\adesu\programming\we
b\nextjs\gofamintpsogba_web_v2\.next\server\c
hunks\ssr\_b951e851._.js:4:5581)
Failed to fetch pastor messages: Error: 
Route /pastor-corner/[id] with `dynamic = 
"error"` couldn't be rendered statically 
because it used `revalidate: 0 fetch https://
psogbaasset.gofamintpsogba.org.ng/official_si
te.php?t=official_site_pastorcorner 
/pastor-corner/[id]`. See more info here: htt
ps://nextjs.org/docs/app/building-your-applic
ation/rendering/static-and-dynamic#dynamic-re
ndering
    at x (C:\Users\adesu\programming\web\next
js\gofamintpsogba_web_v2\.next\server\chunks\
ssr\[root-of-the-server]__0d5ae7ad._.js:1:875
42)
    at <unknown> (C:\Users\adesu\programming\
web\nextjs\gofamintpsogba_web_v2\.next\server
\chunks\ssr\[root-of-the-server]__0d5ae7ad._.
js:8:10520) {
  code: 'NEXT_STATIC_GEN_BAILOUT'
}
Failed to fetch pastor messages: TypeError: 
Cannot read properties of undefined (reading 
'replace')
    at <unknown> (C:\Users\adesu\programming\
web\nextjs\gofamintpsogba_web_v2\.next\server
\chunks\ssr\_5b471efd._.js:1:501370)
    at Array.map (<anonymous>)
    at <unknown> (C:\Users\adesu\programming\
web\nextjs\gofamintpsogba_web_v2\.next\server
\chunks\ssr\_5b471efd._.js:1:501203)
    at g (C:\Users\adesu\programming\web\next
js\gofamintpsogba_web_v2\.next\server\chunks\
ssr\_5b471efd._.js:1:506134)
    at async h (C:\Users\adesu\programming\we
b\nextjs\gofamintpsogba_web_v2\.next\server\c
hunks\ssr\_5b471efd._.js:1:507300)
    at async q (C:\Users\adesu\programming\we
b\nextjs\gofamintpsogba_web_v2\.next\server\c
hunks\ssr\_b951e851._.js:4:5581)
Failed to fetch pastor messages: Error: 
Route /pastor-corner/[id] with `dynamic = 
"error"` couldn't be rendered statically 
because it used `revalidate: 0 fetch https://
psogbaasset.gofamintpsogba.org.ng/official_si
te.php?t=official_site_pastorcorner 
/pastor-corner/[id]`. See more info here: htt
ps://nextjs.org/docs/app/building-your-applic
ation/rendering/static-and-dynamic#dynamic-re
ndering
    at x (C:\Users\adesu\programming\web\next
js\gofamintpsogba_web_v2\.next\server\chunks\
ssr\[root-of-the-server]__0d5ae7ad._.js:1:875
42)
    at <unknown> (C:\Users\adesu\programming\
web\nextjs\gofamintpsogba_web_v2\.next\server
\chunks\ssr\[root-of-the-server]__0d5ae7ad._.
js:8:10520) {
  code: 'NEXT_STATIC_GEN_BAILOUT'
}
Failed to fetch pastor messages: TypeError: 
Cannot read properties of undefined (reading 
'replace')
    at <unknown> (C:\Users\adesu\programming\
web\nextjs\gofamintpsogba_web_v2\.next\server
\chunks\ssr\_5b471efd._.js:1:501370)
    at Array.map (<anonymous>)
    at <unknown> (C:\Users\adesu\programming\
web\nextjs\gofamintpsogba_web_v2\.next\server
\chunks\ssr\_5b471efd._.js:1:501203)
    at g (C:\Users\adesu\programming\web\next
js\gofamintpsogba_web_v2\.next\server\chunks\
ssr\_5b471efd._.js:1:506134)
    at async h (C:\Users\adesu\programming\we
b\nextjs\gofamintpsogba_web_v2\.next\server\c
hunks\ssr\_5b471efd._.js:1:507300)
    at async q (C:\Users\adesu\programming\we
b\nextjs\gofamintpsogba_web_v2\.next\server\c
hunks\ssr\_b951e851._.js:4:5581)
Failed to fetch pastor messages: Error: 
Route /pastor-corner/[id] with `dynamic = 
"error"` couldn't be rendered statically 
because it used `revalidate: 0 fetch https://
psogbaasset.gofamintpsogba.org.ng/official_si
te.php?t=official_site_pastorcorner 
/pastor-corner/[id]`. See more info here: htt
ps://nextjs.org/docs/app/building-your-applic
ation/rendering/static-and-dynamic#dynamic-re
ndering
    at x (C:\Users\adesu\programming\web\next
js\gofamintpsogba_web_v2\.next\server\chunks\
ssr\[root-of-the-server]__0d5ae7ad._.js:1:875
42)
    at <unknown> (C:\Users\adesu\programming\
web\nextjs\gofamintpsogba_web_v2\.next\server
\chunks\ssr\[root-of-the-server]__0d5ae7ad._.
js:8:10520) {
  code: 'NEXT_STATIC_GEN_BAILOUT'
}
Failed to fetch pastor messages: TypeError: 
Cannot read properties of undefined (reading 
'replace')
    at <unknown> (C:\Users\adesu\programming\
web\nextjs\gofamintpsogba_web_v2\.next\server
\chunks\ssr\_5b471efd._.js:1:501370)
    at Array.map (<anonymous>)
    at <unknown> (C:\Users\adesu\programming\
web\nextjs\gofamintpsogba_web_v2\.next\server
\chunks\ssr\_5b471efd._.js:1:501203)
    at g (C:\Users\adesu\programming\web\next
js\gofamintpsogba_web_v2\.next\server\chunks\
ssr\_5b471efd._.js:1:506134)
    at async h (C:\Users\adesu\programming\we
b\nextjs\gofamintpsogba_web_v2\.next\server\c
hunks\ssr\_5b471efd._.js:1:507300)
    at async q (C:\Users\adesu\programming\we
b\nextjs\gofamintpsogba_web_v2\.next\server\c
hunks\ssr\_b951e851._.js:4:5581)
Failed to fetch pastor messages: Error: 
Route /pastor-corner/[id] with `dynamic = 
"error"` couldn't be rendered statically 
because it used `revalidate: 0 fetch https://
psogbaasset.gofamintpsogba.org.ng/official_si
te.php?t=official_site_pastorcorner 
/pastor-corner/[id]`. See more info here: htt
ps://nextjs.org/docs/app/building-your-applic
ation/rendering/static-and-dynamic#dynamic-re
ndering
    at x (C:\Users\adesu\programming\web\next
js\gofamintpsogba_web_v2\.next\server\chunks\
ssr\[root-of-the-server]__0d5ae7ad._.js:1:875
42)
    at <unknown> (C:\Users\adesu\programming\
web\nextjs\gofamintpsogba_web_v2\.next\server
\chunks\ssr\[root-of-the-server]__0d5ae7ad._.
js:8:10520) {
  code: 'NEXT_STATIC_GEN_BAILOUT'
}
Failed to fetch pastor messages: TypeError: 
Cannot read properties of undefined (reading 
'replace')
    at <unknown> (C:\Users\adesu\programming\
web\nextjs\gofamintpsogba_web_v2\.next\server
\chunks\ssr\_5b471efd._.js:1:501370)
    at Array.map (<anonymous>)
    at <unknown> (C:\Users\adesu\programming\
web\nextjs\gofamintpsogba_web_v2\.next\server
\chunks\ssr\_5b471efd._.js:1:501203)
    at g (C:\Users\adesu\programming\web\next
js\gofamintpsogba_web_v2\.next\server\chunks\
ssr\_5b471efd._.js:1:506134)
    at async h (C:\Users\adesu\programming\we
b\nextjs\gofamintpsogba_web_v2\.next\server\c
hunks\ssr\_5b471efd._.js:1:507300)
    at async q (C:\Users\adesu\programming\we
b\nextjs\gofamintpsogba_web_v2\.next\server\c
hunks\ssr\_b951e851._.js:4:5581)
Failed to fetch pastor messages: Error: 
Route /pastor-corner/[id] with `dynamic = 
"error"` couldn't be rendered statically 
because it used `revalidate: 0 fetch https://
psogbaasset.gofamintpsogba.org.ng/official_si
te.php?t=official_site_pastorcorner 
/pastor-corner/[id]`. See more info here: htt
ps://nextjs.org/docs/app/building-your-applic
ation/rendering/static-and-dynamic#dynamic-re
ndering
    at x (C:\Users\adesu\programming\web\next
js\gofamintpsogba_web_v2\.next\server\chunks\
ssr\[root-of-the-server]__0d5ae7ad._.js:1:875
42)
    at <unknown> (C:\Users\adesu\programming\
web\nextjs\gofamintpsogba_web_v2\.next\server
\chunks\ssr\[root-of-the-server]__0d5ae7ad._.
js:8:10520) {
  code: 'NEXT_STATIC_GEN_BAILOUT'
}
Failed to fetch pastor messages: TypeError: 
Cannot read properties of undefined (reading 
'replace')
    at <unknown> (C:\Users\adesu\programming\
web\nextjs\gofamintpsogba_web_v2\.next\server
\chunks\ssr\_5b471efd._.js:1:501370)
    at Array.map (<anonymous>)
    at <unknown> (C:\Users\adesu\programming\
web\nextjs\gofamintpsogba_web_v2\.next\server
\chunks\ssr\_5b471efd._.js:1:501203)
    at g (C:\Users\adesu\programming\web\next
js\gofamintpsogba_web_v2\.next\server\chunks\
ssr\_5b471efd._.js:1:506134)
    at async h (C:\Users\adesu\programming\we
b\nextjs\gofamintpsogba_web_v2\.next\server\c
hunks\ssr\_5b471efd._.js:1:507300)
    at async q (C:\Users\adesu\programming\we
b\nextjs\gofamintpsogba_web_v2\.next\server\c
hunks\ssr\_b951e851._.js:4:5581)
Failed to fetch pastor messages: Error: 
Route /pastor-corner/[id] with `dynamic = 
"error"` couldn't be rendered statically 
because it used `revalidate: 0 fetch https://
psogbaasset.gofamintpsogba.org.ng/official_si
te.php?t=official_site_pastorcorner 
/pastor-corner/[id]`. See more info here: htt
ps://nextjs.org/docs/app/building-your-applic
ation/rendering/static-and-dynamic#dynamic-re
ndering
    at x (C:\Users\adesu\programming\web\next
js\gofamintpsogba_web_v2\.next\server\chunks\
ssr\[root-of-the-server]__0d5ae7ad._.js:1:875
42)
    at <unknown> (C:\Users\adesu\programming\
web\nextjs\gofamintpsogba_web_v2\.next\server
\chunks\ssr\[root-of-the-server]__0d5ae7ad._.
js:8:10520) {
  code: 'NEXT_STATIC_GEN_BAILOUT'
}
Failed to fetch pastor messages: TypeError: 
Cannot read properties of undefined (reading 
'replace')
    at <unknown> (C:\Users\adesu\programming\
web\nextjs\gofamintpsogba_web_v2\.next\server
\chunks\ssr\_5b471efd._.js:1:501370)
    at Array.map (<anonymous>)
    at <unknown> (C:\Users\adesu\programming\
web\nextjs\gofamintpsogba_web_v2\.next\server
\chunks\ssr\_5b471efd._.js:1:501203)
    at g (C:\Users\adesu\programming\web\next
js\gofamintpsogba_web_v2\.next\server\chunks\
ssr\_5b471efd._.js:1:506134)
    at async h (C:\Users\adesu\programming\we
b\nextjs\gofamintpsogba_web_v2\.next\server\c
hunks\ssr\_5b471efd._.js:1:507300)
    at async q (C:\Users\adesu\programming\we
b\nextjs\gofamintpsogba_web_v2\.next\server\c
hunks\ssr\_b951e851._.js:4:5581)
Failed to fetch pastor messages: Error: 
Route /pastor-corner/[id] with `dynamic = 
"error"` couldn't be rendered statically 
because it used `revalidate: 0 fetch https://
psogbaasset.gofamintpsogba.org.ng/official_si
te.php?t=official_site_pastorcorner 
/pastor-corner/[id]`. See more info here: htt
ps://nextjs.org/docs/app/building-your-applic
ation/rendering/static-and-dynamic#dynamic-re
ndering
    at x (C:\Users\adesu\programming\web\next
js\gofamintpsogba_web_v2\.next\server\chunks\
ssr\[root-of-the-server]__0d5ae7ad._.js:1:875
42)
    at <unknown> (C:\Users\adesu\programming\
web\nextjs\gofamintpsogba_web_v2\.next\server
\chunks\ssr\[root-of-the-server]__0d5ae7ad._.
js:8:10520) {
  code: 'NEXT_STATIC_GEN_BAILOUT'
}
Failed to fetch pastor messages: TypeError: 
Cannot read properties of undefined (reading 
'replace')
    at <unknown> (C:\Users\adesu\programming\
web\nextjs\gofamintpsogba_web_v2\.next\server
\chunks\ssr\_5b471efd._.js:1:501370)
    at Array.map (<anonymous>)
    at <unknown> (C:\Users\adesu\programming\
web\nextjs\gofamintpsogba_web_v2\.next\server
\chunks\ssr\_5b471efd._.js:1:501203)
    at g (C:\Users\adesu\programming\web\next
js\gofamintpsogba_web_v2\.next\server\chunks\
ssr\_5b471efd._.js:1:506134)
    at async h (C:\Users\adesu\programming\we
b\nextjs\gofamintpsogba_web_v2\.next\server\c
hunks\ssr\_5b471efd._.js:1:507300)
    at async q (C:\Users\adesu\programming\we
b\nextjs\gofamintpsogba_web_v2\.next\server\c
hunks\ssr\_b951e851._.js:4:5581)
Failed to fetch pastor messages: Error: 
Route /pastor-corner/[id] with `dynamic = 
"error"` couldn't be rendered statically 
because it used `revalidate: 0 fetch https://
psogbaasset.gofamintpsogba.org.ng/official_si
te.php?t=official_site_pastorcorner 
/pastor-corner/[id]`. See more info here: htt
ps://nextjs.org/docs/app/building-your-applic
ation/rendering/static-and-dynamic#dynamic-re
ndering
    at x (C:\Users\adesu\programming\web\next
js\gofamintpsogba_web_v2\.next\server\chunks\
ssr\[root-of-the-server]__0d5ae7ad._.js:1:875
42)
    at <unknown> (C:\Users\adesu\programming\
web\nextjs\gofamintpsogba_web_v2\.next\server
\chunks\ssr\[root-of-the-server]__0d5ae7ad._.
js:8:10520) {
  code: 'NEXT_STATIC_GEN_BAILOUT'
}
Failed to fetch pastor messages: TypeError: 
Cannot read properties of undefined (reading 
'replace')
    at <unknown> (C:\Users\adesu\programming\
web\nextjs\gofamintpsogba_web_v2\.next\server
\chunks\ssr\_5b471efd._.js:1:501370)
    at Array.map (<anonymous>)
    at <unknown> (C:\Users\adesu\programming\
web\nextjs\gofamintpsogba_web_v2\.next\server
\chunks\ssr\_5b471efd._.js:1:501203)
    at g (C:\Users\adesu\programming\web\next
js\gofamintpsogba_web_v2\.next\server\chunks\
ssr\_5b471efd._.js:1:506134)
    at async h (C:\Users\adesu\programming\we
b\nextjs\gofamintpsogba_web_v2\.next\server\c
hunks\ssr\_5b471efd._.js:1:507300)
    at async q (C:\Users\adesu\programming\we
b\nextjs\gofamintpsogba_web_v2\.next\server\c
hunks\ssr\_b951e851._.js:4:5581)
Failed to fetch pastor messages: Error: 
Route /pastor-corner/[id] with `dynamic = 
"error"` couldn't be rendered statically 
because it used `revalidate: 0 fetch https://
psogbaasset.gofamintpsogba.org.ng/official_si
te.php?t=official_site_pastorcorner 
/pastor-corner/[id]`. See more info here: htt
ps://nextjs.org/docs/app/building-your-applic
ation/rendering/static-and-dynamic#dynamic-re
ndering
    at x (C:\Users\adesu\programming\web\next
js\gofamintpsogba_web_v2\.next\server\chunks\
ssr\[root-of-the-server]__0d5ae7ad._.js:1:875
42)
    at <unknown> (C:\Users\adesu\programming\
web\nextjs\gofamintpsogba_web_v2\.next\server
\chunks\ssr\[root-of-the-server]__0d5ae7ad._.
js:8:10520) {
  code: 'NEXT_STATIC_GEN_BAILOUT'
}
Failed to fetch pastor messages: TypeError: 
Cannot read properties of undefined (reading 
'replace')
    at <unknown> (C:\Users\adesu\programming\
web\nextjs\gofamintpsogba_web_v2\.next\server
\chunks\ssr\_5b471efd._.js:1:501370)
    at Array.map (<anonymous>)
    at <unknown> (C:\Users\adesu\programming\
web\nextjs\gofamintpsogba_web_v2\.next\server
\chunks\ssr\_5b471efd._.js:1:501203)
    at g (C:\Users\adesu\programming\web\next
js\gofamintpsogba_web_v2\.next\server\chunks\
ssr\_5b471efd._.js:1:506134)
    at async h (C:\Users\adesu\programming\we
b\nextjs\gofamintpsogba_web_v2\.next\server\c
hunks\ssr\_5b471efd._.js:1:507300)
    at async q (C:\Users\adesu\programming\we
b\nextjs\gofamintpsogba_web_v2\.next\server\c
hunks\ssr\_b951e851._.js:4:5581)
Failed to fetch pastor messages: Error: 
Route /pastor-corner/[id] with `dynamic = 
"error"` couldn't be rendered statically 
because it used `revalidate: 0 fetch https://
psogbaasset.gofamintpsogba.org.ng/official_si
te.php?t=official_site_pastorcorner 
/pastor-corner/[id]`. See more info here: htt
ps://nextjs.org/docs/app/building-your-applic
ation/rendering/static-and-dynamic#dynamic-re
ndering
    at x (C:\Users\adesu\programming\web\next
js\gofamintpsogba_web_v2\.next\server\chunks\
ssr\[root-of-the-server]__0d5ae7ad._.js:1:875
42)
    at <unknown> (C:\Users\adesu\programming\
web\nextjs\gofamintpsogba_web_v2\.next\server
\chunks\ssr\[root-of-the-server]__0d5ae7ad._.
js:8:10520) {
  code: 'NEXT_STATIC_GEN_BAILOUT'
}
Failed to fetch pastor messages: TypeError: 
Cannot read properties of undefined (reading 
'replace')
    at <unknown> (C:\Users\adesu\programming\
web\nextjs\gofamintpsogba_web_v2\.next\server
\chunks\ssr\_5b471efd._.js:1:501370)
    at Array.map (<anonymous>)
    at <unknown> (C:\Users\adesu\programming\
web\nextjs\gofamintpsogba_web_v2\.next\server
\chunks\ssr\_5b471efd._.js:1:501203)
    at g (C:\Users\adesu\programming\web\next
js\gofamintpsogba_web_v2\.next\server\chunks\
ssr\_5b471efd._.js:1:506134)
    at async h (C:\Users\adesu\programming\we
b\nextjs\gofamintpsogba_web_v2\.next\server\c
hunks\ssr\_5b471efd._.js:1:507300)
    at async q (C:\Users\adesu\programming\we
b\nextjs\gofamintpsogba_web_v2\.next\server\c
hunks\ssr\_b951e851._.js:4:5581)
Failed to fetch pastor messages: Error: 
Route /pastor-corner/[id] with `dynamic = 
"error"` couldn't be rendered statically 
because it used `revalidate: 0 fetch https://
psogbaasset.gofamintpsogba.org.ng/official_si
te.php?t=official_site_pastorcorner 
/pastor-corner/[id]`. See more info here: htt
ps://nextjs.org/docs/app/building-your-applic
ation/rendering/static-and-dynamic#dynamic-re
ndering
    at x (C:\Users\adesu\programming\web\next
js\gofamintpsogba_web_v2\.next\server\chunks\
ssr\[root-of-the-server]__0d5ae7ad._.js:1:875
42)
    at <unknown> (C:\Users\adesu\programming\
web\nextjs\gofamintpsogba_web_v2\.next\server
\chunks\ssr\[root-of-the-server]__0d5ae7ad._.
js:8:10520) {
  code: 'NEXT_STATIC_GEN_BAILOUT'
}
Failed to fetch pastor messages: TypeError: 
Cannot read properties of undefined (reading 
'replace')
    at <unknown> (C:\Users\adesu\programming\
web\nextjs\gofamintpsogba_web_v2\.next\server
\chunks\ssr\_5b471efd._.js:1:501370)
    at Array.map (<anonymous>)
    at <unknown> (C:\Users\adesu\programming\
web\nextjs\gofamintpsogba_web_v2\.next\server
\chunks\ssr\_5b471efd._.js:1:501203)
    at g (C:\Users\adesu\programming\web\next
js\gofamintpsogba_web_v2\.next\server\chunks\
ssr\_5b471efd._.js:1:506134)
    at async h (C:\Users\adesu\programming\we
b\nextjs\gofamintpsogba_web_v2\.next\server\c
hunks\ssr\_5b471efd._.js:1:507300)
    at async q (C:\Users\adesu\programming\we
b\nextjs\gofamintpsogba_web_v2\.next\server\c
hunks\ssr\_b951e851._.js:4:5581)
Failed to fetch pastor messages: Error: 
Route /pastor-corner/[id] with `dynamic = 
"error"` couldn't be rendered statically 
because it used `revalidate: 0 fetch https://
psogbaasset.gofamintpsogba.org.ng/official_si
te.php?t=official_site_pastorcorner 
/pastor-corner/[id]`. See more info here: htt
ps://nextjs.org/docs/app/building-your-applic
ation/rendering/static-and-dynamic#dynamic-re
ndering
    at x (C:\Users\adesu\programming\web\next
js\gofamintpsogba_web_v2\.next\server\chunks\
ssr\[root-of-the-server]__0d5ae7ad._.js:1:875
42)
    at <unknown> (C:\Users\adesu\programming\
web\nextjs\gofamintpsogba_web_v2\.next\server
\chunks\ssr\[root-of-the-server]__0d5ae7ad._.
js:8:10520) {
  code: 'NEXT_STATIC_GEN_BAILOUT'
}
Failed to fetch pastor messages: TypeError: 
Cannot read properties of undefined (reading 
'replace')
    at <unknown> (C:\Users\adesu\programming\
web\nextjs\gofamintpsogba_web_v2\.next\server
\chunks\ssr\_5b471efd._.js:1:501370)
    at Array.map (<anonymous>)
    at <unknown> (C:\Users\adesu\programming\
web\nextjs\gofamintpsogba_web_v2\.next\server
\chunks\ssr\_5b471efd._.js:1:501203)
    at g (C:\Users\adesu\programming\web\next
js\gofamintpsogba_web_v2\.next\server\chunks\
ssr\_5b471efd._.js:1:506134)
    at async h (C:\Users\adesu\programming\we
b\nextjs\gofamintpsogba_web_v2\.next\server\c
hunks\ssr\_5b471efd._.js:1:507300)
    at async q (C:\Users\adesu\programming\we
b\nextjs\gofamintpsogba_web_v2\.next\server\c
hunks\ssr\_b951e851._.js:4:5581)
Failed to fetch pastor messages: Error: 
Route /pastor-corner/[id] with `dynamic = 
"error"` couldn't be rendered statically 
because it used `revalidate: 0 fetch https://
psogbaasset.gofamintpsogba.org.ng/official_si
te.php?t=official_site_pastorcorner 
/pastor-corner/[id]`. See more info here: htt
ps://nextjs.org/docs/app/building-your-applic
ation/rendering/static-and-dynamic#dynamic-re
ndering
    at x (C:\Users\adesu\programming\web\next
js\gofamintpsogba_web_v2\.next\server\chunks\
ssr\[root-of-the-server]__0d5ae7ad._.js:1:875
42)
    at <unknown> (C:\Users\adesu\programming\
web\nextjs\gofamintpsogba_web_v2\.next\server
\chunks\ssr\[root-of-the-server]__0d5ae7ad._.
js:8:10520) {
  code: 'NEXT_STATIC_GEN_BAILOUT'
}
Failed to fetch pastor messages: TypeError: 
Cannot read properties of undefined (reading 
'replace')
    at <unknown> (C:\Users\adesu\programming\
web\nextjs\gofamintpsogba_web_v2\.next\server
\chunks\ssr\_5b471efd._.js:1:501370)
    at Array.map (<anonymous>)
    at <unknown> (C:\Users\adesu\programming\
web\nextjs\gofamintpsogba_web_v2\.next\server
\chunks\ssr\_5b471efd._.js:1:501203)
    at g (C:\Users\adesu\programming\web\next
js\gofamintpsogba_web_v2\.next\server\chunks\
ssr\_5b471efd._.js:1:506134)
    at async h (C:\Users\adesu\programming\we
b\nextjs\gofamintpsogba_web_v2\.next\server\c
hunks\ssr\_5b471efd._.js:1:507300)
    at async q (C:\Users\adesu\programming\we
b\nextjs\gofamintpsogba_web_v2\.next\server\c
hunks\ssr\_b951e851._.js:4:5581)
Failed to fetch pastor messages: Error: 
Route /pastor-corner/[id] with `dynamic = 
"error"` couldn't be rendered statically 
because it used `revalidate: 0 fetch https://
psogbaasset.gofamintpsogba.org.ng/official_si
te.php?t=official_site_pastorcorner 
/pastor-corner/[id]`. See more info here: htt
ps://nextjs.org/docs/app/building-your-applic
ation/rendering/static-and-dynamic#dynamic-re
ndering
    at x (C:\Users\adesu\programming\web\next
js\gofamintpsogba_web_v2\.next\server\chunks\
ssr\[root-of-the-server]__0d5ae7ad._.js:1:875
42)
    at <unknown> (C:\Users\adesu\programming\
web\nextjs\gofamintpsogba_web_v2\.next\server
\chunks\ssr\[root-of-the-server]__0d5ae7ad._.
js:8:10520) {
  code: 'NEXT_STATIC_GEN_BAILOUT'
}
Failed to fetch pastor messages: TypeError: 
Cannot read properties of undefined (reading 
'replace')
    at <unknown> (C:\Users\adesu\programming\
web\nextjs\gofamintpsogba_web_v2\.next\server
\chunks\ssr\_5b471efd._.js:1:501370)
    at Array.map (<anonymous>)
    at <unknown> (C:\Users\adesu\programming\
web\nextjs\gofamintpsogba_web_v2\.next\server
\chunks\ssr\_5b471efd._.js:1:501203)
    at g (C:\Users\adesu\programming\web\next
js\gofamintpsogba_web_v2\.next\server\chunks\
ssr\_5b471efd._.js:1:506134)
    at async h (C:\Users\adesu\programming\we
b\nextjs\gofamintpsogba_web_v2\.next\server\c
hunks\ssr\_5b471efd._.js:1:507300)
    at async q (C:\Users\adesu\programming\we
b\nextjs\gofamintpsogba_web_v2\.next\server\c
hunks\ssr\_b951e851._.js:4:5581)
Failed to fetch pastor messages: Error: 
Route /pastor-corner/[id] with `dynamic = 
"error"` couldn't be rendered statically 
because it used `revalidate: 0 fetch https://
psogbaasset.gofamintpsogba.org.ng/official_si
te.php?t=official_site_pastorcorner 
/pastor-corner/[id]`. See more info here: htt
ps://nextjs.org/docs/app/building-your-applic
ation/rendering/static-and-dynamic#dynamic-re
ndering
    at x (C:\Users\adesu\programming\web\next
js\gofamintpsogba_web_v2\.next\server\chunks\
ssr\[root-of-the-server]__0d5ae7ad._.js:1:875
42)
    at <unknown> (C:\Users\adesu\programming\
web\nextjs\gofamintpsogba_web_v2\.next\server
\chunks\ssr\[root-of-the-server]__0d5ae7ad._.
js:8:10520) {
  code: 'NEXT_STATIC_GEN_BAILOUT'
}
Failed to fetch pastor messages: TypeError: 
Cannot read properties of undefined (reading 
'replace')
    at <unknown> (C:\Users\adesu\programming\
web\nextjs\gofamintpsogba_web_v2\.next\server
\chunks\ssr\_5b471efd._.js:1:501370)
    at Array.map (<anonymous>)
    at <unknown> (C:\Users\adesu\programming\
web\nextjs\gofamintpsogba_web_v2\.next\server
\chunks\ssr\_5b471efd._.js:1:501203)
    at g (C:\Users\adesu\programming\web\next
js\gofamintpsogba_web_v2\.next\server\chunks\
ssr\_5b471efd._.js:1:506134)
    at async h (C:\Users\adesu\programming\we
b\nextjs\gofamintpsogba_web_v2\.next\server\c
hunks\ssr\_5b471efd._.js:1:507300)
    at async q (C:\Users\adesu\programming\we
b\nextjs\gofamintpsogba_web_v2\.next\server\c
hunks\ssr\_b951e851._.js:4:5581)
  Generating static pages using 7 workers (31/125) 
Failed to fetch pastor messages: Error: 
Route /pastor-corner/[id] with `dynamic = 
"error"` couldn't be rendered statically 
because it used `revalidate: 0 fetch https://
psogbaasset.gofamintpsogba.org.ng/official_si
te.php?t=official_site_pastorcorner 
/pastor-corner/[id]`. See more info here: htt
ps://nextjs.org/docs/app/building-your-applic
ation/rendering/static-and-dynamic#dynamic-re
ndering
    at x (C:\Users\adesu\programming\web\next
js\gofamintpsogba_web_v2\.next\server\chunks\
ssr\[root-of-the-server]__0d5ae7ad._.js:1:875
42)
    at <unknown> (C:\Users\adesu\programming\
web\nextjs\gofamintpsogba_web_v2\.next\server
\chunks\ssr\[root-of-the-server]__0d5ae7ad._.
js:8:10520) {
  code: 'NEXT_STATIC_GEN_BAILOUT'
}
Failed to fetch pastor messages: TypeError: 
Cannot read properties of undefined (reading 
'replace')
    at <unknown> (C:\Users\adesu\programming\
web\nextjs\gofamintpsogba_web_v2\.next\server
\chunks\ssr\_231ac2f5._.js:1:502902)
    at Array.map (<anonymous>)
    at <unknown> (C:\Users\adesu\programming\
web\nextjs\gofamintpsogba_web_v2\.next\server
\chunks\ssr\_231ac2f5._.js:1:502735)
    at g (C:\Users\adesu\programming\web\next
js\gofamintpsogba_web_v2\.next\server\chunks\
ssr\_231ac2f5._.js:1:506134)
    at async h (C:\Users\adesu\programming\we
b\nextjs\gofamintpsogba_web_v2\.next\server\c
hunks\ssr\_231ac2f5._.js:1:507300)
    at async q (C:\Users\adesu\programming\we
b\nextjs\gofamintpsogba_web_v2\.next\server\c
hunks\ssr\_b951e851._.js:4:5581)
Failed to fetch pastor messages: Error: 
Route /pastor-corner/[id] with `dynamic = 
"error"` couldn't be rendered statically 
because it used `revalidate: 0 fetch https://
psogbaasset.gofamintpsogba.org.ng/official_si
te.php?t=official_site_pastorcorner 
/pastor-corner/[id]`. See more info here: htt
ps://nextjs.org/docs/app/building-your-applic
ation/rendering/static-and-dynamic#dynamic-re
ndering
    at x (C:\Users\adesu\programming\web\next
js\gofamintpsogba_web_v2\.next\server\chunks\
ssr\[root-of-the-server]__0d5ae7ad._.js:1:875
42)
    at <unknown> (C:\Users\adesu\programming\
web\nextjs\gofamintpsogba_web_v2\.next\server
\chunks\ssr\[root-of-the-server]__0d5ae7ad._.
js:8:10520) {
  code: 'NEXT_STATIC_GEN_BAILOUT'
}
Failed to fetch pastor messages: TypeError: 
Cannot read properties of undefined (reading 
'replace')
    at <unknown> (C:\Users\adesu\programming\
web\nextjs\gofamintpsogba_web_v2\.next\server
\chunks\ssr\_5b471efd._.js:1:501370)
    at Array.map (<anonymous>)
    at <unknown> (C:\Users\adesu\programming\
web\nextjs\gofamintpsogba_web_v2\.next\server
\chunks\ssr\_5b471efd._.js:1:501203)
    at g (C:\Users\adesu\programming\web\next
js\gofamintpsogba_web_v2\.next\server\chunks\
ssr\_5b471efd._.js:1:506134)
    at async h (C:\Users\adesu\programming\we
b\nextjs\gofamintpsogba_web_v2\.next\server\c
hunks\ssr\_5b471efd._.js:1:507300)
    at async q (C:\Users\adesu\programming\we
b\nextjs\gofamintpsogba_web_v2\.next\server\c
hunks\ssr\_b951e851._.js:4:5581)
Failed to fetch pastor messages: Error: 
Route /pastor-corner/[id] with `dynamic = 
"error"` couldn't be rendered statically 
because it used `revalidate: 0 fetch https://
psogbaasset.gofamintpsogba.org.ng/official_si
te.php?t=official_site_pastorcorner 
/pastor-corner/[id]`. See more info here: htt
ps://nextjs.org/docs/app/building-your-applic
ation/rendering/static-and-dynamic#dynamic-re
ndering
    at x (C:\Users\adesu\programming\web\next
js\gofamintpsogba_web_v2\.next\server\chunks\
ssr\[root-of-the-server]__0d5ae7ad._.js:1:875
42)
    at <unknown> (C:\Users\adesu\programming\
web\nextjs\gofamintpsogba_web_v2\.next\server
\chunks\ssr\[root-of-the-server]__0d5ae7ad._.
js:8:10520) {
  code: 'NEXT_STATIC_GEN_BAILOUT'
}
Failed to fetch pastor messages: TypeError: 
Cannot read properties of undefined (reading 
'replace')
    at <unknown> (C:\Users\adesu\programming\
web\nextjs\gofamintpsogba_web_v2\.next\server
\chunks\ssr\_231ac2f5._.js:1:502902)
    at Array.map (<anonymous>)
    at <unknown> (C:\Users\adesu\programming\
web\nextjs\gofamintpsogba_web_v2\.next\server
\chunks\ssr\_231ac2f5._.js:1:502735)
    at g (C:\Users\adesu\programming\web\next
js\gofamintpsogba_web_v2\.next\server\chunks\
ssr\_231ac2f5._.js:1:506134)
    at async h (C:\Users\adesu\programming\we
b\nextjs\gofamintpsogba_web_v2\.next\server\c
hunks\ssr\_231ac2f5._.js:1:507300)
    at async q (C:\Users\adesu\programming\we
b\nextjs\gofamintpsogba_web_v2\.next\server\c
hunks\ssr\_b951e851._.js:4:5581)
Failed to fetch pastor messages: Error: 
Route /pastor-corner/[id] with `dynamic = 
"error"` couldn't be rendered statically 
because it used `revalidate: 0 fetch https://
psogbaasset.gofamintpsogba.org.ng/official_si
te.php?t=official_site_pastorcorner 
/pastor-corner/[id]`. See more info here: htt
ps://nextjs.org/docs/app/building-your-applic
ation/rendering/static-and-dynamic#dynamic-re
ndering
    at x (C:\Users\adesu\programming\web\next
js\gofamintpsogba_web_v2\.next\server\chunks\
ssr\[root-of-the-server]__0d5ae7ad._.js:1:875
42)
    at <unknown> (C:\Users\adesu\programming\
web\nextjs\gofamintpsogba_web_v2\.next\server
\chunks\ssr\[root-of-the-server]__0d5ae7ad._.
js:8:10520) {
  code: 'NEXT_STATIC_GEN_BAILOUT'
}
Failed to fetch pastor messages: TypeError: 
Cannot read properties of undefined (reading 
'replace')
    at <unknown> (C:\Users\adesu\programming\
web\nextjs\gofamintpsogba_web_v2\.next\server
\chunks\ssr\_231ac2f5._.js:1:502902)
    at Array.map (<anonymous>)
    at <unknown> (C:\Users\adesu\programming\
web\nextjs\gofamintpsogba_web_v2\.next\server
\chunks\ssr\_231ac2f5._.js:1:502735)
    at g (C:\Users\adesu\programming\web\next
js\gofamintpsogba_web_v2\.next\server\chunks\
ssr\_231ac2f5._.js:1:506134)
    at async h (C:\Users\adesu\programming\we
b\nextjs\gofamintpsogba_web_v2\.next\server\c
hunks\ssr\_231ac2f5._.js:1:507300)
    at async q (C:\Users\adesu\programming\we
b\nextjs\gofamintpsogba_web_v2\.next\server\c
hunks\ssr\_b951e851._.js:4:5581)
Failed to fetch pastor messages: Error: 
Route /pastor-corner/[id] with `dynamic = 
"error"` couldn't be rendered statically 
because it used `revalidate: 0 fetch https://
psogbaasset.gofamintpsogba.org.ng/official_si
te.php?t=official_site_pastorcorner 
/pastor-corner/[id]`. See more info here: htt
ps://nextjs.org/docs/app/building-your-applic
ation/rendering/static-and-dynamic#dynamic-re
ndering
    at x (C:\Users\adesu\programming\web\next
js\gofamintpsogba_web_v2\.next\server\chunks\
ssr\[root-of-the-server]__0d5ae7ad._.js:1:875
42)
    at <unknown> (C:\Users\adesu\programming\
web\nextjs\gofamintpsogba_web_v2\.next\server
\chunks\ssr\[root-of-the-server]__0d5ae7ad._.
js:8:10520) {
  code: 'NEXT_STATIC_GEN_BAILOUT'
}
Failed to fetch pastor messages: TypeError: 
Cannot read properties of undefined (reading 
'replace')
    at <unknown> (C:\Users\adesu\programming\
web\nextjs\gofamintpsogba_web_v2\.next\server
\chunks\ssr\_231ac2f5._.js:1:502902)
    at Array.map (<anonymous>)
    at <unknown> (C:\Users\adesu\programming\
web\nextjs\gofamintpsogba_web_v2\.next\server
\chunks\ssr\_231ac2f5._.js:1:502735)
    at g (C:\Users\adesu\programming\web\next
js\gofamintpsogba_web_v2\.next\server\chunks\
ssr\_231ac2f5._.js:1:506134)
    at async h (C:\Users\adesu\programming\we
b\nextjs\gofamintpsogba_web_v2\.next\server\c
hunks\ssr\_231ac2f5._.js:1:507300)
    at async q (C:\Users\adesu\programming\we
b\nextjs\gofamintpsogba_web_v2\.next\server\c
hunks\ssr\_b951e851._.js:4:5581)
Failed to fetch pastor messages: Error: 
Route /pastor-corner/[id] with `dynamic = 
"error"` couldn't be rendered statically 
because it used `revalidate: 0 fetch https://
psogbaasset.gofamintpsogba.org.ng/official_si
te.php?t=official_site_pastorcorner 
/pastor-corner/[id]`. See more info here: htt
ps://nextjs.org/docs/app/building-your-applic
ation/rendering/static-and-dynamic#dynamic-re
ndering
    at x (C:\Users\adesu\programming\web\next
js\gofamintpsogba_web_v2\.next\server\chunks\
ssr\[root-of-the-server]__0d5ae7ad._.js:1:875
42)
    at <unknown> (C:\Users\adesu\programming\
web\nextjs\gofamintpsogba_web_v2\.next\server
\chunks\ssr\[root-of-the-server]__0d5ae7ad._.
js:8:10520) {
  code: 'NEXT_STATIC_GEN_BAILOUT'
}
Failed to fetch pastor messages: Error: 
Route /pastor-corner/[id] with `dynamic = 
"error"` couldn't be rendered statically 
because it used `revalidate: 0 fetch https://
psogbaasset.gofamintpsogba.org.ng/official_si
te.php?t=official_site_pastorcorner 
/pastor-corner/[id]`. See more info here: htt
ps://nextjs.org/docs/app/building-your-applic
ation/rendering/static-and-dynamic#dynamic-re
ndering
    at x (C:\Users\adesu\programming\web\next
js\gofamintpsogba_web_v2\.next\server\chunks\
ssr\[root-of-the-server]__0d5ae7ad._.js:1:875
42)
    at <unknown> (C:\Users\adesu\programming\
web\nextjs\gofamintpsogba_web_v2\.next\server
\chunks\ssr\[root-of-the-server]__0d5ae7ad._.
js:8:10520) {
  code: 'NEXT_STATIC_GEN_BAILOUT'
}
Failed to fetch pastor messages: TypeError: 
Cannot read properties of undefined (reading 
'replace')
    at <unknown> (C:\Users\adesu\programming\
web\nextjs\gofamintpsogba_web_v2\.next\server
\chunks\ssr\_231ac2f5._.js:1:502902)
    at Array.map (<anonymous>)
    at <unknown> (C:\Users\adesu\programming\
web\nextjs\gofamintpsogba_web_v2\.next\server
\chunks\ssr\_231ac2f5._.js:1:502735)
    at g (C:\Users\adesu\programming\web\next
js\gofamintpsogba_web_v2\.next\server\chunks\
ssr\_231ac2f5._.js:1:506134)
    at async h (C:\Users\adesu\programming\we
b\nextjs\gofamintpsogba_web_v2\.next\server\c
hunks\ssr\_231ac2f5._.js:1:507300)
    at async q (C:\Users\adesu\programming\we
b\nextjs\gofamintpsogba_web_v2\.next\server\c
hunks\ssr\_b951e851._.js:4:5581)
Failed to fetch pastor messages: TypeError: 
Cannot read properties of undefined (reading 
'replace')
    at <unknown> (C:\Users\adesu\programming\
web\nextjs\gofamintpsogba_web_v2\.next\server
\chunks\ssr\_5b471efd._.js:1:501370)
    at Array.map (<anonymous>)
    at <unknown> (C:\Users\adesu\programming\
web\nextjs\gofamintpsogba_web_v2\.next\server
\chunks\ssr\_5b471efd._.js:1:501203)
    at g (C:\Users\adesu\programming\web\next
js\gofamintpsogba_web_v2\.next\server\chunks\
ssr\_5b471efd._.js:1:506134)
    at async h (C:\Users\adesu\programming\we
b\nextjs\gofamintpsogba_web_v2\.next\server\c
hunks\ssr\_5b471efd._.js:1:507300)
    at async q (C:\Users\adesu\programming\we
b\nextjs\gofamintpsogba_web_v2\.next\server\c
hunks\ssr\_b951e851._.js:4:5581)
Failed to fetch pastor messages: Error: 
Route /pastor-corner/[id] with `dynamic = 
"error"` couldn't be rendered statically 
because it used `revalidate: 0 fetch https://
psogbaasset.gofamintpsogba.org.ng/official_si
te.php?t=official_site_pastorcorner 
/pastor-corner/[id]`. See more info here: htt
ps://nextjs.org/docs/app/building-your-applic
ation/rendering/static-and-dynamic#dynamic-re
ndering
    at x (C:\Users\adesu\programming\web\next
js\gofamintpsogba_web_v2\.next\server\chunks\
ssr\[root-of-the-server]__0d5ae7ad._.js:1:875
42)
    at <unknown> (C:\Users\adesu\programming\
web\nextjs\gofamintpsogba_web_v2\.next\server
\chunks\ssr\[root-of-the-server]__0d5ae7ad._.
js:8:10520) {
  code: 'NEXT_STATIC_GEN_BAILOUT'
}
Failed to fetch pastor messages: TypeError: 
Cannot read properties of undefined (reading 
'replace')
    at <unknown> (C:\Users\adesu\programming\
web\nextjs\gofamintpsogba_web_v2\.next\server
\chunks\ssr\_231ac2f5._.js:1:502902)
    at Array.map (<anonymous>)
    at <unknown> (C:\Users\adesu\programming\
web\nextjs\gofamintpsogba_web_v2\.next\server
\chunks\ssr\_231ac2f5._.js:1:502735)
    at g (C:\Users\adesu\programming\web\next
js\gofamintpsogba_web_v2\.next\server\chunks\
ssr\_231ac2f5._.js:1:506134)
    at async h (C:\Users\adesu\programming\we
b\nextjs\gofamintpsogba_web_v2\.next\server\c
hunks\ssr\_231ac2f5._.js:1:507300)
    at async q (C:\Users\adesu\programming\we
b\nextjs\gofamintpsogba_web_v2\.next\server\c
hunks\ssr\_b951e851._.js:4:5581)
Failed to fetch pastor messages: Error: 
Route /pastor-corner/[id] with `dynamic = 
"error"` couldn't be rendered statically 
because it used `revalidate: 0 fetch https://
psogbaasset.gofamintpsogba.org.ng/official_si
te.php?t=official_site_pastorcorner 
/pastor-corner/[id]`. See more info here: htt
ps://nextjs.org/docs/app/building-your-applic
ation/rendering/static-and-dynamic#dynamic-re
ndering
    at x (C:\Users\adesu\programming\web\next
js\gofamintpsogba_web_v2\.next\server\chunks\
ssr\[root-of-the-server]__0d5ae7ad._.js:1:875
42)
    at <unknown> (C:\Users\adesu\programming\
web\nextjs\gofamintpsogba_web_v2\.next\server
\chunks\ssr\[root-of-the-server]__0d5ae7ad._.
js:8:10520) {
  code: 'NEXT_STATIC_GEN_BAILOUT'
}
Failed to fetch pastor messages: Error: 
Route /pastor-corner/[id] with `dynamic = 
"error"` couldn't be rendered statically 
because it used `revalidate: 0 fetch https://
psogbaasset.gofamintpsogba.org.ng/official_si
te.php?t=official_site_pastorcorner 
/pastor-corner/[id]`. See more info here: htt
ps://nextjs.org/docs/app/building-your-applic
ation/rendering/static-and-dynamic#dynamic-re
ndering
    at x (C:\Users\adesu\programming\web\next
js\gofamintpsogba_web_v2\.next\server\chunks\
ssr\[root-of-the-server]__0d5ae7ad._.js:1:875
42)
    at <unknown> (C:\Users\adesu\programming\
web\nextjs\gofamintpsogba_web_v2\.next\server
\chunks\ssr\[root-of-the-server]__0d5ae7ad._.
js:8:10520) {
  code: 'NEXT_STATIC_GEN_BAILOUT'
}
Failed to fetch pastor messages: TypeError: 
Cannot read properties of undefined (reading 
'replace')
    at <unknown> (C:\Users\adesu\programming\
web\nextjs\gofamintpsogba_web_v2\.next\server
\chunks\ssr\_231ac2f5._.js:1:502902)
    at Array.map (<anonymous>)
    at <unknown> (C:\Users\adesu\programming\
web\nextjs\gofamintpsogba_web_v2\.next\server
\chunks\ssr\_231ac2f5._.js:1:502735)
    at g (C:\Users\adesu\programming\web\next
js\gofamintpsogba_web_v2\.next\server\chunks\
ssr\_231ac2f5._.js:1:506134)
    at async h (C:\Users\adesu\programming\we
b\nextjs\gofamintpsogba_web_v2\.next\server\c
hunks\ssr\_231ac2f5._.js:1:507300)
    at async q (C:\Users\adesu\programming\we
b\nextjs\gofamintpsogba_web_v2\.next\server\c
hunks\ssr\_b951e851._.js:4:5581)
Failed to fetch pastor messages: TypeError: 
Cannot read properties of undefined (reading 
'replace')
    at <unknown> (C:\Users\adesu\programming\
web\nextjs\gofamintpsogba_web_v2\.next\server
\chunks\ssr\_5b471efd._.js:1:501370)
    at Array.map (<anonymous>)
    at <unknown> (C:\Users\adesu\programming\
web\nextjs\gofamintpsogba_web_v2\.next\server
\chunks\ssr\_5b471efd._.js:1:501203)
    at g (C:\Users\adesu\programming\web\next
js\gofamintpsogba_web_v2\.next\server\chunks\
ssr\_5b471efd._.js:1:506134)
    at async h (C:\Users\adesu\programming\we
b\nextjs\gofamintpsogba_web_v2\.next\server\c
hunks\ssr\_5b471efd._.js:1:507300)
    at async q (C:\Users\adesu\programming\we
b\nextjs\gofamintpsogba_web_v2\.next\server\c
hunks\ssr\_b951e851._.js:4:5581)
Failed to fetch pastor messages: Error: 
Route /pastor-corner/[id] with `dynamic = 
"error"` couldn't be rendered statically 
because it used `revalidate: 0 fetch https://
psogbaasset.gofamintpsogba.org.ng/official_si
te.php?t=official_site_pastorcorner 
/pastor-corner/[id]`. See more info here: htt
ps://nextjs.org/docs/app/building-your-applic
ation/rendering/static-and-dynamic#dynamic-re
ndering
    at x (C:\Users\adesu\programming\web\next
js\gofamintpsogba_web_v2\.next\server\chunks\
ssr\[root-of-the-server]__0d5ae7ad._.js:1:875
42)
    at <unknown> (C:\Users\adesu\programming\
web\nextjs\gofamintpsogba_web_v2\.next\server
\chunks\ssr\[root-of-the-server]__0d5ae7ad._.
js:8:10520) {
  code: 'NEXT_STATIC_GEN_BAILOUT'
}
Failed to fetch pastor messages: TypeError: 
Cannot read properties of undefined (reading 
'replace')
    at <unknown> (C:\Users\adesu\programming\
web\nextjs\gofamintpsogba_web_v2\.next\server
\chunks\ssr\_231ac2f5._.js:1:502902)
    at Array.map (<anonymous>)
    at <unknown> (C:\Users\adesu\programming\
web\nextjs\gofamintpsogba_web_v2\.next\server
\chunks\ssr\_231ac2f5._.js:1:502735)
    at g (C:\Users\adesu\programming\web\next
js\gofamintpsogba_web_v2\.next\server\chunks\
ssr\_231ac2f5._.js:1:506134)
    at async h (C:\Users\adesu\programming\we
b\nextjs\gofamintpsogba_web_v2\.next\server\c
hunks\ssr\_231ac2f5._.js:1:507300)
    at async q (C:\Users\adesu\programming\we
b\nextjs\gofamintpsogba_web_v2\.next\server\c
hunks\ssr\_b951e851._.js:4:5581)
Failed to fetch pastor messages: Error: 
Route /pastor-corner/[id] with `dynamic = 
"error"` couldn't be rendered statically 
because it used `revalidate: 0 fetch https://
psogbaasset.gofamintpsogba.org.ng/official_si
te.php?t=official_site_pastorcorner 
/pastor-corner/[id]`. See more info here: htt
ps://nextjs.org/docs/app/building-your-applic
ation/rendering/static-and-dynamic#dynamic-re
ndering
    at x (C:\Users\adesu\programming\web\next
js\gofamintpsogba_web_v2\.next\server\chunks\
ssr\[root-of-the-server]__0d5ae7ad._.js:1:875
42)
    at <unknown> (C:\Users\adesu\programming\
web\nextjs\gofamintpsogba_web_v2\.next\server
\chunks\ssr\[root-of-the-server]__0d5ae7ad._.
js:8:10520) {
  code: 'NEXT_STATIC_GEN_BAILOUT'
}
Failed to fetch pastor messages: TypeError: 
Cannot read properties of undefined (reading 
'replace')
    at <unknown> (C:\Users\adesu\programming\
web\nextjs\gofamintpsogba_web_v2\.next\server
\chunks\ssr\_5b471efd._.js:1:501370)
    at Array.map (<anonymous>)
    at <unknown> (C:\Users\adesu\programming\
web\nextjs\gofamintpsogba_web_v2\.next\server
\chunks\ssr\_5b471efd._.js:1:501203)
    at g (C:\Users\adesu\programming\web\next
js\gofamintpsogba_web_v2\.next\server\chunks\
ssr\_5b471efd._.js:1:506134)
    at async h (C:\Users\adesu\programming\we
b\nextjs\gofamintpsogba_web_v2\.next\server\c
hunks\ssr\_5b471efd._.js:1:507300)
    at async q (C:\Users\adesu\programming\we
b\nextjs\gofamintpsogba_web_v2\.next\server\c
hunks\ssr\_b951e851._.js:4:5581)
Failed to fetch pastor messages: Error: 
Route /pastor-corner/[id] with `dynamic = 
"error"` couldn't be rendered statically 
because it used `revalidate: 0 fetch https://
psogbaasset.gofamintpsogba.org.ng/official_si
te.php?t=official_site_pastorcorner 
/pastor-corner/[id]`. See more info here: htt
ps://nextjs.org/docs/app/building-your-applic
ation/rendering/static-and-dynamic#dynamic-re
ndering
    at x (C:\Users\adesu\programming\web\next
js\gofamintpsogba_web_v2\.next\server\chunks\
ssr\[root-of-the-server]__0d5ae7ad._.js:1:875
42)
    at <unknown> (C:\Users\adesu\programming\
web\nextjs\gofamintpsogba_web_v2\.next\server
\chunks\ssr\[root-of-the-server]__0d5ae7ad._.
js:8:10520) {
  code: 'NEXT_STATIC_GEN_BAILOUT'
}
Failed to fetch pastor messages: TypeError: 
Cannot read properties of undefined (reading 
'replace')
    at <unknown> (C:\Users\adesu\programming\
web\nextjs\gofamintpsogba_web_v2\.next\server
\chunks\ssr\_5b471efd._.js:1:501370)
    at Array.map (<anonymous>)
    at <unknown> (C:\Users\adesu\programming\
web\nextjs\gofamintpsogba_web_v2\.next\server
\chunks\ssr\_5b471efd._.js:1:501203)
    at g (C:\Users\adesu\programming\web\next
js\gofamintpsogba_web_v2\.next\server\chunks\
ssr\_5b471efd._.js:1:506134)
    at async h (C:\Users\adesu\programming\we
b\nextjs\gofamintpsogba_web_v2\.next\server\c
hunks\ssr\_5b471efd._.js:1:507300)
    at async q (C:\Users\adesu\programming\we
b\nextjs\gofamintpsogba_web_v2\.next\server\c
hunks\ssr\_b951e851._.js:4:5581)
Failed to fetch pastor messages: Error: 
Route /pastor-corner/[id] with `dynamic = 
"error"` couldn't be rendered statically 
because it used `revalidate: 0 fetch https://
psogbaasset.gofamintpsogba.org.ng/official_si
te.php?t=official_site_pastorcorner 
/pastor-corner/[id]`. See more info here: htt
ps://nextjs.org/docs/app/building-your-applic
ation/rendering/static-and-dynamic#dynamic-re
ndering
    at x (C:\Users\adesu\programming\web\next
js\gofamintpsogba_web_v2\.next\server\chunks\
ssr\[root-of-the-server]__0d5ae7ad._.js:1:875
42)
    at <unknown> (C:\Users\adesu\programming\
web\nextjs\gofamintpsogba_web_v2\.next\server
\chunks\ssr\[root-of-the-server]__0d5ae7ad._.
js:8:10520) {
  code: 'NEXT_STATIC_GEN_BAILOUT'
}
Failed to fetch pastor messages: TypeError: 
Cannot read properties of undefined (reading 
'replace')
    at <unknown> (C:\Users\adesu\programming\
web\nextjs\gofamintpsogba_web_v2\.next\server
\chunks\ssr\_5b471efd._.js:1:501370)
    at Array.map (<anonymous>)
    at <unknown> (C:\Users\adesu\programming\
web\nextjs\gofamintpsogba_web_v2\.next\server
\chunks\ssr\_5b471efd._.js:1:501203)
    at g (C:\Users\adesu\programming\web\next
js\gofamintpsogba_web_v2\.next\server\chunks\
ssr\_5b471efd._.js:1:506134)
    at async h (C:\Users\adesu\programming\we
b\nextjs\gofamintpsogba_web_v2\.next\server\c
hunks\ssr\_5b471efd._.js:1:507300)
    at async q (C:\Users\adesu\programming\we
b\nextjs\gofamintpsogba_web_v2\.next\server\c
hunks\ssr\_b951e851._.js:4:5581)
Failed to fetch pastor messages: Error: 
Route /pastor-corner/[id] with `dynamic = 
"error"` couldn't be rendered statically 
because it used `revalidate: 0 fetch https://
psogbaasset.gofamintpsogba.org.ng/official_si
te.php?t=official_site_pastorcorner 
/pastor-corner/[id]`. See more info here: htt
ps://nextjs.org/docs/app/building-your-applic
ation/rendering/static-and-dynamic#dynamic-re
ndering
    at x (C:\Users\adesu\programming\web\next
js\gofamintpsogba_web_v2\.next\server\chunks\
ssr\[root-of-the-server]__0d5ae7ad._.js:1:875
42)
    at <unknown> (C:\Users\adesu\programming\
web\nextjs\gofamintpsogba_web_v2\.next\server
\chunks\ssr\[root-of-the-server]__0d5ae7ad._.
js:8:10520) {
  code: 'NEXT_STATIC_GEN_BAILOUT'
}
Failed to fetch pastor messages: TypeError: 
Cannot read properties of undefined (reading 
'replace')
    at <unknown> (C:\Users\adesu\programming\
web\nextjs\gofamintpsogba_web_v2\.next\server
\chunks\ssr\_5b471efd._.js:1:501370)
    at Array.map (<anonymous>)
    at <unknown> (C:\Users\adesu\programming\
web\nextjs\gofamintpsogba_web_v2\.next\server
\chunks\ssr\_5b471efd._.js:1:501203)
    at g (C:\Users\adesu\programming\web\next
js\gofamintpsogba_web_v2\.next\server\chunks\
ssr\_5b471efd._.js:1:506134)
    at async h (C:\Users\adesu\programming\we
b\nextjs\gofamintpsogba_web_v2\.next\server\c
hunks\ssr\_5b471efd._.js:1:507300)
    at async q (C:\Users\adesu\programming\we
b\nextjs\gofamintpsogba_web_v2\.next\server\c
hunks\ssr\_b951e851._.js:4:5581)
Failed to fetch pastor messages: Error: 
Route /pastor-corner/[id] with `dynamic = 
"error"` couldn't be rendered statically 
because it used `revalidate: 0 fetch https://
psogbaasset.gofamintpsogba.org.ng/official_si
te.php?t=official_site_pastorcorner 
/pastor-corner/[id]`. See more info here: htt
ps://nextjs.org/docs/app/building-your-applic
ation/rendering/static-and-dynamic#dynamic-re
ndering
    at x (C:\Users\adesu\programming\web\next
js\gofamintpsogba_web_v2\.next\server\chunks\
ssr\[root-of-the-server]__0d5ae7ad._.js:1:875
42)
    at <unknown> (C:\Users\adesu\programming\
web\nextjs\gofamintpsogba_web_v2\.next\server
\chunks\ssr\[root-of-the-server]__0d5ae7ad._.
js:8:10520) {
  code: 'NEXT_STATIC_GEN_BAILOUT'
}
Failed to fetch pastor messages: TypeError: 
Cannot read properties of undefined (reading 
'replace')
    at <unknown> (C:\Users\adesu\programming\
web\nextjs\gofamintpsogba_web_v2\.next\server
\chunks\ssr\_5b471efd._.js:1:501370)
    at Array.map (<anonymous>)
    at <unknown> (C:\Users\adesu\programming\
web\nextjs\gofamintpsogba_web_v2\.next\server
\chunks\ssr\_5b471efd._.js:1:501203)
    at g (C:\Users\adesu\programming\web\next
js\gofamintpsogba_web_v2\.next\server\chunks\
ssr\_5b471efd._.js:1:506134)
    at async h (C:\Users\adesu\programming\we
b\nextjs\gofamintpsogba_web_v2\.next\server\c
hunks\ssr\_5b471efd._.js:1:507300)
    at async q (C:\Users\adesu\programming\we
b\nextjs\gofamintpsogba_web_v2\.next\server\c
hunks\ssr\_b951e851._.js:4:5581)
Failed to fetch pastor messages: Error: 
Route /pastor-corner/[id] with `dynamic = 
"error"` couldn't be rendered statically 
because it used `revalidate: 0 fetch https://
psogbaasset.gofamintpsogba.org.ng/official_si
te.php?t=official_site_pastorcorner 
/pastor-corner/[id]`. See more info here: htt
ps://nextjs.org/docs/app/building-your-applic
ation/rendering/static-and-dynamic#dynamic-re
ndering
    at x (C:\Users\adesu\programming\web\next
js\gofamintpsogba_web_v2\.next\server\chunks\
ssr\[root-of-the-server]__0d5ae7ad._.js:1:875
42)
    at <unknown> (C:\Users\adesu\programming\
web\nextjs\gofamintpsogba_web_v2\.next\server
\chunks\ssr\[root-of-the-server]__0d5ae7ad._.
js:8:10520) {
  code: 'NEXT_STATIC_GEN_BAILOUT'
}
Failed to fetch pastor messages: TypeError: 
Cannot read properties of undefined (reading 
'replace')
    at <unknown> (C:\Users\adesu\programming\
web\nextjs\gofamintpsogba_web_v2\.next\server
\chunks\ssr\_5b471efd._.js:1:501370)
    at Array.map (<anonymous>)
    at <unknown> (C:\Users\adesu\programming\
web\nextjs\gofamintpsogba_web_v2\.next\server
\chunks\ssr\_5b471efd._.js:1:501203)
    at g (C:\Users\adesu\programming\web\next
js\gofamintpsogba_web_v2\.next\server\chunks\
ssr\_5b471efd._.js:1:506134)
    at async h (C:\Users\adesu\programming\we
b\nextjs\gofamintpsogba_web_v2\.next\server\c
hunks\ssr\_5b471efd._.js:1:507300)
    at async q (C:\Users\adesu\programming\we
b\nextjs\gofamintpsogba_web_v2\.next\server\c
hunks\ssr\_b951e851._.js:4:5581)
Failed to fetch pastor messages: Error: 
Route /pastor-corner/[id] with `dynamic = 
"error"` couldn't be rendered statically 
because it used `revalidate: 0 fetch https://
psogbaasset.gofamintpsogba.org.ng/official_si
te.php?t=official_site_pastorcorner 
/pastor-corner/[id]`. See more info here: htt
ps://nextjs.org/docs/app/building-your-applic
ation/rendering/static-and-dynamic#dynamic-re
ndering
    at x (C:\Users\adesu\programming\web\next
js\gofamintpsogba_web_v2\.next\server\chunks\
ssr\[root-of-the-server]__0d5ae7ad._.js:1:875
42)
    at <unknown> (C:\Users\adesu\programming\
web\nextjs\gofamintpsogba_web_v2\.next\server
\chunks\ssr\[root-of-the-server]__0d5ae7ad._.
js:8:10520) {
  code: 'NEXT_STATIC_GEN_BAILOUT'
}
Failed to fetch pastor messages: TypeError: 
Cannot read properties of undefined (reading 
'replace')
    at <unknown> (C:\Users\adesu\programming\
web\nextjs\gofamintpsogba_web_v2\.next\server
\chunks\ssr\_5b471efd._.js:1:501370)
    at Array.map (<anonymous>)
    at <unknown> (C:\Users\adesu\programming\
web\nextjs\gofamintpsogba_web_v2\.next\server
\chunks\ssr\_5b471efd._.js:1:501203)
    at g (C:\Users\adesu\programming\web\next
js\gofamintpsogba_web_v2\.next\server\chunks\
ssr\_5b471efd._.js:1:506134)
    at async h (C:\Users\adesu\programming\we
b\nextjs\gofamintpsogba_web_v2\.next\server\c
hunks\ssr\_5b471efd._.js:1:507300)
    at async q (C:\Users\adesu\programming\we
b\nextjs\gofamintpsogba_web_v2\.next\server\c
hunks\ssr\_b951e851._.js:4:5581)
Failed to fetch pastor messages: Error: 
Route /pastor-corner/[id] with `dynamic = 
"error"` couldn't be rendered statically 
because it used `revalidate: 0 fetch https://
psogbaasset.gofamintpsogba.org.ng/official_si
te.php?t=official_site_pastorcorner 
/pastor-corner/[id]`. See more info here: htt
ps://nextjs.org/docs/app/building-your-applic
ation/rendering/static-and-dynamic#dynamic-re
ndering
    at x (C:\Users\adesu\programming\web\next
js\gofamintpsogba_web_v2\.next\server\chunks\
ssr\[root-of-the-server]__0d5ae7ad._.js:1:875
42)
    at <unknown> (C:\Users\adesu\programming\
web\nextjs\gofamintpsogba_web_v2\.next\server
\chunks\ssr\[root-of-the-server]__0d5ae7ad._.
js:8:10520) {
  code: 'NEXT_STATIC_GEN_BAILOUT'
}
Failed to fetch pastor messages: TypeError: 
Cannot read properties of undefined (reading 
'replace')
    at <unknown> (C:\Users\adesu\programming\
web\nextjs\gofamintpsogba_web_v2\.next\server
\chunks\ssr\_5b471efd._.js:1:501370)
    at Array.map (<anonymous>)
    at <unknown> (C:\Users\adesu\programming\
web\nextjs\gofamintpsogba_web_v2\.next\server
\chunks\ssr\_5b471efd._.js:1:501203)
    at g (C:\Users\adesu\programming\web\next
js\gofamintpsogba_web_v2\.next\server\chunks\
ssr\_5b471efd._.js:1:506134)
    at async h (C:\Users\adesu\programming\we
b\nextjs\gofamintpsogba_web_v2\.next\server\c
hunks\ssr\_5b471efd._.js:1:507300)
    at async q (C:\Users\adesu\programming\we
b\nextjs\gofamintpsogba_web_v2\.next\server\c
hunks\ssr\_b951e851._.js:4:5581)
Failed to fetch pastor messages: Error: 
Route /pastor-corner/[id] with `dynamic = 
"error"` couldn't be rendered statically 
because it used `revalidate: 0 fetch https://
psogbaasset.gofamintpsogba.org.ng/official_si
te.php?t=official_site_pastorcorner 
/pastor-corner/[id]`. See more info here: htt
ps://nextjs.org/docs/app/building-your-applic
ation/rendering/static-and-dynamic#dynamic-re
ndering
    at x (C:\Users\adesu\programming\web\next
js\gofamintpsogba_web_v2\.next\server\chunks\
ssr\[root-of-the-server]__0d5ae7ad._.js:1:875
42)
    at <unknown> (C:\Users\adesu\programming\
web\nextjs\gofamintpsogba_web_v2\.next\server
\chunks\ssr\[root-of-the-server]__0d5ae7ad._.
js:8:10520) {
  code: 'NEXT_STATIC_GEN_BAILOUT'
}
Failed to fetch pastor messages: TypeError: 
Cannot read properties of undefined (reading 
'replace')
    at <unknown> (C:\Users\adesu\programming\
web\nextjs\gofamintpsogba_web_v2\.next\server
\chunks\ssr\_5b471efd._.js:1:501370)
    at Array.map (<anonymous>)
    at <unknown> (C:\Users\adesu\programming\
web\nextjs\gofamintpsogba_web_v2\.next\server
\chunks\ssr\_5b471efd._.js:1:501203)
    at g (C:\Users\adesu\programming\web\next
js\gofamintpsogba_web_v2\.next\server\chunks\
ssr\_5b471efd._.js:1:506134)
    at async h (C:\Users\adesu\programming\we
b\nextjs\gofamintpsogba_web_v2\.next\server\c
hunks\ssr\_5b471efd._.js:1:507300)
    at async q (C:\Users\adesu\programming\we
b\nextjs\gofamintpsogba_web_v2\.next\server\c
hunks\ssr\_b951e851._.js:4:5581)
Failed to fetch pastor messages: Error: 
Route /pastor-corner/[id] with `dynamic = 
"error"` couldn't be rendered statically 
because it used `revalidate: 0 fetch https://
psogbaasset.gofamintpsogba.org.ng/official_si
te.php?t=official_site_pastorcorner 
/pastor-corner/[id]`. See more info here: htt
ps://nextjs.org/docs/app/building-your-applic
ation/rendering/static-and-dynamic#dynamic-re
ndering
    at x (C:\Users\adesu\programming\web\next
js\gofamintpsogba_web_v2\.next\server\chunks\
ssr\[root-of-the-server]__0d5ae7ad._.js:1:875
42)
    at <unknown> (C:\Users\adesu\programming\
web\nextjs\gofamintpsogba_web_v2\.next\server
\chunks\ssr\[root-of-the-server]__0d5ae7ad._.
js:8:10520) {
  code: 'NEXT_STATIC_GEN_BAILOUT'
}
Failed to fetch pastor messages: TypeError: 
Cannot read properties of undefined (reading 
'replace')
    at <unknown> (C:\Users\adesu\programming\
web\nextjs\gofamintpsogba_web_v2\.next\server
\chunks\ssr\_5b471efd._.js:1:501370)
    at Array.map (<anonymous>)
    at <unknown> (C:\Users\adesu\programming\
web\nextjs\gofamintpsogba_web_v2\.next\server
\chunks\ssr\_5b471efd._.js:1:501203)
    at g (C:\Users\adesu\programming\web\next
js\gofamintpsogba_web_v2\.next\server\chunks\
ssr\_5b471efd._.js:1:506134)
    at async h (C:\Users\adesu\programming\we
b\nextjs\gofamintpsogba_web_v2\.next\server\c
hunks\ssr\_5b471efd._.js:1:507300)
    at async q (C:\Users\adesu\programming\we
b\nextjs\gofamintpsogba_web_v2\.next\server\c
hunks\ssr\_b951e851._.js:4:5581)
Failed to fetch pastor messages: Error: 
Route /pastor-corner/[id] with `dynamic = 
"error"` couldn't be rendered statically 
because it used `revalidate: 0 fetch https://
psogbaasset.gofamintpsogba.org.ng/official_si
te.php?t=official_site_pastorcorner 
/pastor-corner/[id]`. See more info here: htt
ps://nextjs.org/docs/app/building-your-applic
ation/rendering/static-and-dynamic#dynamic-re
ndering
    at x (C:\Users\adesu\programming\web\next
js\gofamintpsogba_web_v2\.next\server\chunks\
ssr\[root-of-the-server]__0d5ae7ad._.js:1:875
42)
    at <unknown> (C:\Users\adesu\programming\
web\nextjs\gofamintpsogba_web_v2\.next\server
\chunks\ssr\[root-of-the-server]__0d5ae7ad._.
js:8:10520) {
  code: 'NEXT_STATIC_GEN_BAILOUT'
}
Failed to fetch pastor messages: TypeError: 
Cannot read properties of undefined (reading 
'replace')
    at <unknown> (C:\Users\adesu\programming\
web\nextjs\gofamintpsogba_web_v2\.next\server
\chunks\ssr\_5b471efd._.js:1:501370)
    at Array.map (<anonymous>)
    at <unknown> (C:\Users\adesu\programming\
web\nextjs\gofamintpsogba_web_v2\.next\server
\chunks\ssr\_5b471efd._.js:1:501203)
    at g (C:\Users\adesu\programming\web\next
js\gofamintpsogba_web_v2\.next\server\chunks\
ssr\_5b471efd._.js:1:506134)
    at async h (C:\Users\adesu\programming\we
b\nextjs\gofamintpsogba_web_v2\.next\server\c
hunks\ssr\_5b471efd._.js:1:507300)
    at async q (C:\Users\adesu\programming\we
b\nextjs\gofamintpsogba_web_v2\.next\server\c
hunks\ssr\_b951e851._.js:4:5581)
Failed to fetch pastor messages: Error: 
Route /pastor-corner/[id] with `dynamic = 
"error"` couldn't be rendered statically 
because it used `revalidate: 0 fetch https://
psogbaasset.gofamintpsogba.org.ng/official_si
te.php?t=official_site_pastorcorner 
/pastor-corner/[id]`. See more info here: htt
ps://nextjs.org/docs/app/building-your-applic
ation/rendering/static-and-dynamic#dynamic-re
ndering
    at x (C:\Users\adesu\programming\web\next
js\gofamintpsogba_web_v2\.next\server\chunks\
ssr\[root-of-the-server]__0d5ae7ad._.js:1:875
42)
    at <unknown> (C:\Users\adesu\programming\
web\nextjs\gofamintpsogba_web_v2\.next\server
\chunks\ssr\[root-of-the-server]__0d5ae7ad._.
js:8:10520) {
  code: 'NEXT_STATIC_GEN_BAILOUT'
}
Failed to fetch pastor messages: TypeError: 
Cannot read properties of undefined (reading 
'replace')
    at <unknown> (C:\Users\adesu\programming\
web\nextjs\gofamintpsogba_web_v2\.next\server
\chunks\ssr\_5b471efd._.js:1:501370)
    at Array.map (<anonymous>)
    at <unknown> (C:\Users\adesu\programming\
web\nextjs\gofamintpsogba_web_v2\.next\server
\chunks\ssr\_5b471efd._.js:1:501203)
    at g (C:\Users\adesu\programming\web\next
js\gofamintpsogba_web_v2\.next\server\chunks\
ssr\_5b471efd._.js:1:506134)
    at async h (C:\Users\adesu\programming\we
b\nextjs\gofamintpsogba_web_v2\.next\server\c
hunks\ssr\_5b471efd._.js:1:507300)
    at async q (C:\Users\adesu\programming\we
b\nextjs\gofamintpsogba_web_v2\.next\server\c
hunks\ssr\_b951e851._.js:4:5581)
Failed to fetch pastor messages: Error: 
Route /pastor-corner/[id] with `dynamic = 
"error"` couldn't be rendered statically 
because it used `revalidate: 0 fetch https://
psogbaasset.gofamintpsogba.org.ng/official_si
te.php?t=official_site_pastorcorner 
/pastor-corner/[id]`. See more info here: htt
ps://nextjs.org/docs/app/building-your-applic
ation/rendering/static-and-dynamic#dynamic-re
ndering
    at x (C:\Users\adesu\programming\web\next
js\gofamintpsogba_web_v2\.next\server\chunks\
ssr\[root-of-the-server]__0d5ae7ad._.js:1:875
42)
    at <unknown> (C:\Users\adesu\programming\
web\nextjs\gofamintpsogba_web_v2\.next\server
\chunks\ssr\[root-of-the-server]__0d5ae7ad._.
js:8:10520) {
  code: 'NEXT_STATIC_GEN_BAILOUT'
}
Failed to fetch pastor messages: TypeError: 
Cannot read properties of undefined (reading 
'replace')
    at <unknown> (C:\Users\adesu\programming\
web\nextjs\gofamintpsogba_web_v2\.next\server
\chunks\ssr\_5b471efd._.js:1:501370)
    at Array.map (<anonymous>)
    at <unknown> (C:\Users\adesu\programming\
web\nextjs\gofamintpsogba_web_v2\.next\server
\chunks\ssr\_5b471efd._.js:1:501203)
    at g (C:\Users\adesu\programming\web\next
js\gofamintpsogba_web_v2\.next\server\chunks\
ssr\_5b471efd._.js:1:506134)
    at async h (C:\Users\adesu\programming\we
b\nextjs\gofamintpsogba_web_v2\.next\server\c
hunks\ssr\_5b471efd._.js:1:507300)
    at async q (C:\Users\adesu\programming\we
b\nextjs\gofamintpsogba_web_v2\.next\server\c
hunks\ssr\_b951e851._.js:4:5581)
Failed to fetch pastor messages: Error: 
Route /pastor-corner/[id] with `dynamic = 
"error"` couldn't be rendered statically 
because it used `revalidate: 0 fetch https://
psogbaasset.gofamintpsogba.org.ng/official_si
te.php?t=official_site_pastorcorner 
/pastor-corner/[id]`. See more info here: htt
ps://nextjs.org/docs/app/building-your-applic
ation/rendering/static-and-dynamic#dynamic-re
ndering
    at x (C:\Users\adesu\programming\web\next
js\gofamintpsogba_web_v2\.next\server\chunks\
ssr\[root-of-the-server]__0d5ae7ad._.js:1:875
42)
    at <unknown> (C:\Users\adesu\programming\
web\nextjs\gofamintpsogba_web_v2\.next\server
\chunks\ssr\[root-of-the-server]__0d5ae7ad._.
js:8:10520) {
  code: 'NEXT_STATIC_GEN_BAILOUT'
}
Failed to fetch pastor messages: TypeError: 
Cannot read properties of undefined (reading 
'replace')
    at <unknown> (C:\Users\adesu\programming\
web\nextjs\gofamintpsogba_web_v2\.next\server
\chunks\ssr\_5b471efd._.js:1:501370)
    at Array.map (<anonymous>)
    at <unknown> (C:\Users\adesu\programming\
web\nextjs\gofamintpsogba_web_v2\.next\server
\chunks\ssr\_5b471efd._.js:1:501203)
    at g (C:\Users\adesu\programming\web\next
js\gofamintpsogba_web_v2\.next\server\chunks\
ssr\_5b471efd._.js:1:506134)
    at async h (C:\Users\adesu\programming\we
b\nextjs\gofamintpsogba_web_v2\.next\server\c
hunks\ssr\_5b471efd._.js:1:507300)
    at async q (C:\Users\adesu\programming\we
b\nextjs\gofamintpsogba_web_v2\.next\server\c
hunks\ssr\_b951e851._.js:4:5581)
Failed to fetch pastor messages: Error: 
Route /pastor-corner/[id] with `dynamic = 
"error"` couldn't be rendered statically 
because it used `revalidate: 0 fetch https://
psogbaasset.gofamintpsogba.org.ng/official_si
te.php?t=official_site_pastorcorner 
/pastor-corner/[id]`. See more info here: htt
ps://nextjs.org/docs/app/building-your-applic
ation/rendering/static-and-dynamic#dynamic-re
ndering
    at x (C:\Users\adesu\programming\web\next
js\gofamintpsogba_web_v2\.next\server\chunks\
ssr\[root-of-the-server]__0d5ae7ad._.js:1:875
42)
    at <unknown> (C:\Users\adesu\programming\
web\nextjs\gofamintpsogba_web_v2\.next\server
\chunks\ssr\[root-of-the-server]__0d5ae7ad._.
js:8:10520) {
  code: 'NEXT_STATIC_GEN_BAILOUT'
}
Failed to fetch pastor messages: TypeError: 
Cannot read properties of undefined (reading 
'replace')
    at <unknown> (C:\Users\adesu\programming\
web\nextjs\gofamintpsogba_web_v2\.next\server
\chunks\ssr\_5b471efd._.js:1:501370)
    at Array.map (<anonymous>)
    at <unknown> (C:\Users\adesu\programming\
web\nextjs\gofamintpsogba_web_v2\.next\server
\chunks\ssr\_5b471efd._.js:1:501203)
    at g (C:\Users\adesu\programming\web\next
js\gofamintpsogba_web_v2\.next\server\chunks\
ssr\_5b471efd._.js:1:506134)
    at async h (C:\Users\adesu\programming\we
b\nextjs\gofamintpsogba_web_v2\.next\server\c
hunks\ssr\_5b471efd._.js:1:507300)
    at async q (C:\Users\adesu\programming\we
b\nextjs\gofamintpsogba_web_v2\.next\server\c
hunks\ssr\_b951e851._.js:4:5581)
Failed to fetch pastor messages: Error: 
Route /pastor-corner/[id] with `dynamic = 
"error"` couldn't be rendered statically 
because it used `revalidate: 0 fetch https://
psogbaasset.gofamintpsogba.org.ng/official_si
te.php?t=official_site_pastorcorner 
/pastor-corner/[id]`. See more info here: htt
ps://nextjs.org/docs/app/building-your-applic
ation/rendering/static-and-dynamic#dynamic-re
ndering
    at x (C:\Users\adesu\programming\web\next
js\gofamintpsogba_web_v2\.next\server\chunks\
ssr\[root-of-the-server]__0d5ae7ad._.js:1:875
42)
    at <unknown> (C:\Users\adesu\programming\
web\nextjs\gofamintpsogba_web_v2\.next\server
\chunks\ssr\[root-of-the-server]__0d5ae7ad._.
js:8:10520) {
  code: 'NEXT_STATIC_GEN_BAILOUT'
}
Failed to fetch pastor messages: TypeError: 
Cannot read properties of undefined (reading 
'replace')
    at <unknown> (C:\Users\adesu\programming\
web\nextjs\gofamintpsogba_web_v2\.next\server
\chunks\ssr\_5b471efd._.js:1:501370)
    at Array.map (<anonymous>)
    at <unknown> (C:\Users\adesu\programming\
web\nextjs\gofamintpsogba_web_v2\.next\server
\chunks\ssr\_5b471efd._.js:1:501203)
    at g (C:\Users\adesu\programming\web\next
js\gofamintpsogba_web_v2\.next\server\chunks\
ssr\_5b471efd._.js:1:506134)
    at async h (C:\Users\adesu\programming\we
b\nextjs\gofamintpsogba_web_v2\.next\server\c
hunks\ssr\_5b471efd._.js:1:507300)
    at async q (C:\Users\adesu\programming\we
b\nextjs\gofamintpsogba_web_v2\.next\server\c
hunks\ssr\_b951e851._.js:4:5581)
Failed to fetch pastor messages: Error: 
Route /pastor-corner/[id] with `dynamic = 
"error"` couldn't be rendered statically 
because it used `revalidate: 0 fetch https://
psogbaasset.gofamintpsogba.org.ng/official_si
te.php?t=official_site_pastorcorner 
/pastor-corner/[id]`. See more info here: htt
ps://nextjs.org/docs/app/building-your-applic
ation/rendering/static-and-dynamic#dynamic-re
ndering
    at x (C:\Users\adesu\programming\web\next
js\gofamintpsogba_web_v2\.next\server\chunks\
ssr\[root-of-the-server]__0d5ae7ad._.js:1:875
42)
    at <unknown> (C:\Users\adesu\programming\
web\nextjs\gofamintpsogba_web_v2\.next\server
\chunks\ssr\[root-of-the-server]__0d5ae7ad._.
js:8:10520) {
  code: 'NEXT_STATIC_GEN_BAILOUT'
}
Failed to fetch pastor messages: TypeError: 
Cannot read properties of undefined (reading 
'replace')
    at <unknown> (C:\Users\adesu\programming\
web\nextjs\gofamintpsogba_web_v2\.next\server
\chunks\ssr\_5b471efd._.js:1:501370)
    at Array.map (<anonymous>)
    at <unknown> (C:\Users\adesu\programming\
web\nextjs\gofamintpsogba_web_v2\.next\server
\chunks\ssr\_5b471efd._.js:1:501203)
    at g (C:\Users\adesu\programming\web\next
js\gofamintpsogba_web_v2\.next\server\chunks\
ssr\_5b471efd._.js:1:506134)
    at async h (C:\Users\adesu\programming\we
b\nextjs\gofamintpsogba_web_v2\.next\server\c
hunks\ssr\_5b471efd._.js:1:507300)
    at async q (C:\Users\adesu\programming\we
b\nextjs\gofamintpsogba_web_v2\.next\server\c
hunks\ssr\_b951e851._.js:4:5581)
Failed to fetch pastor messages: Error: 
Route /pastor-corner/[id] with `dynamic = 
"error"` couldn't be rendered statically 
because it used `revalidate: 0 fetch https://
psogbaasset.gofamintpsogba.org.ng/official_si
te.php?t=official_site_pastorcorner 
/pastor-corner/[id]`. See more info here: htt
ps://nextjs.org/docs/app/building-your-applic
ation/rendering/static-and-dynamic#dynamic-re
ndering
    at x (C:\Users\adesu\programming\web\next
js\gofamintpsogba_web_v2\.next\server\chunks\
ssr\[root-of-the-server]__0d5ae7ad._.js:1:875
42)
    at <unknown> (C:\Users\adesu\programming\
web\nextjs\gofamintpsogba_web_v2\.next\server
\chunks\ssr\[root-of-the-server]__0d5ae7ad._.
js:8:10520) {
  code: 'NEXT_STATIC_GEN_BAILOUT'
}
Failed to fetch pastor messages: TypeError: 
Cannot read properties of undefined (reading 
'replace')
    at <unknown> (C:\Users\adesu\programming\
web\nextjs\gofamintpsogba_web_v2\.next\server
\chunks\ssr\_5b471efd._.js:1:501370)
    at Array.map (<anonymous>)
    at <unknown> (C:\Users\adesu\programming\
web\nextjs\gofamintpsogba_web_v2\.next\server
\chunks\ssr\_5b471efd._.js:1:501203)
    at g (C:\Users\adesu\programming\web\next
js\gofamintpsogba_web_v2\.next\server\chunks\
ssr\_5b471efd._.js:1:506134)
    at async h (C:\Users\adesu\programming\we
b\nextjs\gofamintpsogba_web_v2\.next\server\c
hunks\ssr\_5b471efd._.js:1:507300)
    at async q (C:\Users\adesu\programming\we
b\nextjs\gofamintpsogba_web_v2\.next\server\c
hunks\ssr\_b951e851._.js:4:5581)
Failed to fetch pastor messages: Error: 
Route /pastor-corner/[id] with `dynamic = 
"error"` couldn't be rendered statically 
because it used `revalidate: 0 fetch https://
psogbaasset.gofamintpsogba.org.ng/official_si
te.php?t=official_site_pastorcorner 
/pastor-corner/[id]`. See more info here: htt
ps://nextjs.org/docs/app/building-your-applic
ation/rendering/static-and-dynamic#dynamic-re
ndering
    at x (C:\Users\adesu\programming\web\next
js\gofamintpsogba_web_v2\.next\server\chunks\
ssr\[root-of-the-server]__0d5ae7ad._.js:1:875
42)
    at <unknown> (C:\Users\adesu\programming\
web\nextjs\gofamintpsogba_web_v2\.next\server
\chunks\ssr\[root-of-the-server]__0d5ae7ad._.
js:8:10520) {
  code: 'NEXT_STATIC_GEN_BAILOUT'
}
Failed to fetch pastor messages: TypeError: 
Cannot read properties of undefined (reading 
'replace')
    at <unknown> (C:\Users\adesu\programming\
web\nextjs\gofamintpsogba_web_v2\.next\server
\chunks\ssr\_5b471efd._.js:1:501370)
    at Array.map (<anonymous>)
    at <unknown> (C:\Users\adesu\programming\
web\nextjs\gofamintpsogba_web_v2\.next\server
\chunks\ssr\_5b471efd._.js:1:501203)
    at g (C:\Users\adesu\programming\web\next
js\gofamintpsogba_web_v2\.next\server\chunks\
ssr\_5b471efd._.js:1:506134)
    at async h (C:\Users\adesu\programming\we
b\nextjs\gofamintpsogba_web_v2\.next\server\c
hunks\ssr\_5b471efd._.js:1:507300)
    at async q (C:\Users\adesu\programming\we
b\nextjs\gofamintpsogba_web_v2\.next\server\c
hunks\ssr\_b951e851._.js:4:5581)
Failed to fetch pastor messages: Error: 
Route /pastor-corner/[id] with `dynamic = 
"error"` couldn't be rendered statically 
because it used `revalidate: 0 fetch https://
psogbaasset.gofamintpsogba.org.ng/official_si
te.php?t=official_site_pastorcorner 
/pastor-corner/[id]`. See more info here: htt
ps://nextjs.org/docs/app/building-your-applic
ation/rendering/static-and-dynamic#dynamic-re
ndering
    at x (C:\Users\adesu\programming\web\next
js\gofamintpsogba_web_v2\.next\server\chunks\
ssr\[root-of-the-server]__0d5ae7ad._.js:1:875
42)
    at <unknown> (C:\Users\adesu\programming\
web\nextjs\gofamintpsogba_web_v2\.next\server
\chunks\ssr\[root-of-the-server]__0d5ae7ad._.
js:8:10520) {
  code: 'NEXT_STATIC_GEN_BAILOUT'
}
Failed to fetch pastor messages: Error: 
Route /pastor-corner/[id] with `dynamic = 
"error"` couldn't be rendered statically 
because it used `revalidate: 0 fetch https://
psogbaasset.gofamintpsogba.org.ng/official_si
te.php?t=official_site_pastorcorner 
/pastor-corner/[id]`. See more info here: htt
ps://nextjs.org/docs/app/building-your-applic
ation/rendering/static-and-dynamic#dynamic-re
ndering
    at x (C:\Users\adesu\programming\web\next
js\gofamintpsogba_web_v2\.next\server\chunks\
ssr\[root-of-the-server]__0d5ae7ad._.js:1:875
42)
    at <unknown> (C:\Users\adesu\programming\
web\nextjs\gofamintpsogba_web_v2\.next\server
\chunks\ssr\[root-of-the-server]__0d5ae7ad._.
js:8:10520) {
  code: 'NEXT_STATIC_GEN_BAILOUT'
}
Failed to fetch pastor messages: TypeError: 
Cannot read properties of undefined (reading 
'replace')
    at <unknown> (C:\Users\adesu\programming\
web\nextjs\gofamintpsogba_web_v2\.next\server
\chunks\ssr\_5b471efd._.js:1:501370)
    at Array.map (<anonymous>)
    at <unknown> (C:\Users\adesu\programming\
web\nextjs\gofamintpsogba_web_v2\.next\server
\chunks\ssr\_5b471efd._.js:1:501203)
    at g (C:\Users\adesu\programming\web\next
js\gofamintpsogba_web_v2\.next\server\chunks\
ssr\_5b471efd._.js:1:506134)
    at async h (C:\Users\adesu\programming\we
b\nextjs\gofamintpsogba_web_v2\.next\server\c
hunks\ssr\_5b471efd._.js:1:507300)
    at async q (C:\Users\adesu\programming\we
b\nextjs\gofamintpsogba_web_v2\.next\server\c
hunks\ssr\_b951e851._.js:4:5581)
Failed to fetch pastor messages: TypeError: 
Cannot read properties of undefined (reading 
'replace')
    at <unknown> (C:\Users\adesu\programming\
web\nextjs\gofamintpsogba_web_v2\.next\server
\chunks\ssr\_5b471efd._.js:1:501370)
    at Array.map (<anonymous>)
    at <unknown> (C:\Users\adesu\programming\
web\nextjs\gofamintpsogba_web_v2\.next\server
\chunks\ssr\_5b471efd._.js:1:501203)
    at g (C:\Users\adesu\programming\web\next
js\gofamintpsogba_web_v2\.next\server\chunks\
ssr\_5b471efd._.js:1:506134)
    at async h (C:\Users\adesu\programming\we
b\nextjs\gofamintpsogba_web_v2\.next\server\c
hunks\ssr\_5b471efd._.js:1:507300)
    at async q (C:\Users\adesu\programming\we
b\nextjs\gofamintpsogba_web_v2\.next\server\c
hunks\ssr\_b951e851._.js:4:5581)
Failed to fetch pastor messages: Error: 
Route /pastor-corner/[id] with `dynamic = 
"error"` couldn't be rendered statically 
because it used `revalidate: 0 fetch https://
psogbaasset.gofamintpsogba.org.ng/official_si
te.php?t=official_site_pastorcorner 
/pastor-corner/[id]`. See more info here: htt
ps://nextjs.org/docs/app/building-your-applic
ation/rendering/static-and-dynamic#dynamic-re
ndering
    at x (C:\Users\adesu\programming\web\next
js\gofamintpsogba_web_v2\.next\server\chunks\
ssr\[root-of-the-server]__0d5ae7ad._.js:1:875
42)
    at <unknown> (C:\Users\adesu\programming\
web\nextjs\gofamintpsogba_web_v2\.next\server
\chunks\ssr\[root-of-the-server]__0d5ae7ad._.
js:8:10520) {
  code: 'NEXT_STATIC_GEN_BAILOUT'
}
Failed to fetch pastor messages: TypeError: 
Cannot read properties of undefined (reading 
'replace')
    at <unknown> (C:\Users\adesu\programming\
web\nextjs\gofamintpsogba_web_v2\.next\server
\chunks\ssr\_5b471efd._.js:1:501370)
    at Array.map (<anonymous>)
    at <unknown> (C:\Users\adesu\programming\
web\nextjs\gofamintpsogba_web_v2\.next\server
\chunks\ssr\_5b471efd._.js:1:501203)
    at g (C:\Users\adesu\programming\web\next
js\gofamintpsogba_web_v2\.next\server\chunks\
ssr\_5b471efd._.js:1:506134)
    at async h (C:\Users\adesu\programming\we
b\nextjs\gofamintpsogba_web_v2\.next\server\c
hunks\ssr\_5b471efd._.js:1:507300)
    at async q (C:\Users\adesu\programming\we
b\nextjs\gofamintpsogba_web_v2\.next\server\c
hunks\ssr\_b951e851._.js:4:5581)
Failed to fetch pastor messages: Error: 
Route /pastor-corner/[id] with `dynamic = 
"error"` couldn't be rendered statically 
because it used `revalidate: 0 fetch https://
psogbaasset.gofamintpsogba.org.ng/official_si
te.php?t=official_site_pastorcorner 
/pastor-corner/[id]`. See more info here: htt
ps://nextjs.org/docs/app/building-your-applic
ation/rendering/static-and-dynamic#dynamic-re
ndering
    at x (C:\Users\adesu\programming\web\next
js\gofamintpsogba_web_v2\.next\server\chunks\
ssr\[root-of-the-server]__0d5ae7ad._.js:1:875
42)
    at <unknown> (C:\Users\adesu\programming\
web\nextjs\gofamintpsogba_web_v2\.next\server
\chunks\ssr\[root-of-the-server]__0d5ae7ad._.
js:8:10520) {
  code: 'NEXT_STATIC_GEN_BAILOUT'
}
Failed to fetch pastor messages: TypeError: 
Cannot read properties of undefined (reading 
'replace')
    at <unknown> (C:\Users\adesu\programming\
web\nextjs\gofamintpsogba_web_v2\.next\server
\chunks\ssr\_5b471efd._.js:1:501370)
    at Array.map (<anonymous>)
    at <unknown> (C:\Users\adesu\programming\
web\nextjs\gofamintpsogba_web_v2\.next\server
\chunks\ssr\_5b471efd._.js:1:501203)
    at g (C:\Users\adesu\programming\web\next
js\gofamintpsogba_web_v2\.next\server\chunks\
ssr\_5b471efd._.js:1:506134)
    at async h (C:\Users\adesu\programming\we
b\nextjs\gofamintpsogba_web_v2\.next\server\c
hunks\ssr\_5b471efd._.js:1:507300)
    at async q (C:\Users\adesu\programming\we
b\nextjs\gofamintpsogba_web_v2\.next\server\c
hunks\ssr\_b951e851._.js:4:5581)
Failed to fetch pastor messages: Error: 
Route /pastor-corner/[id] with `dynamic = 
"error"` couldn't be rendered statically 
because it used `revalidate: 0 fetch https://
psogbaasset.gofamintpsogba.org.ng/official_si
te.php?t=official_site_pastorcorner 
/pastor-corner/[id]`. See more info here: htt
ps://nextjs.org/docs/app/building-your-applic
ation/rendering/static-and-dynamic#dynamic-re
ndering
    at x (C:\Users\adesu\programming\web\next
js\gofamintpsogba_web_v2\.next\server\chunks\
ssr\[root-of-the-server]__0d5ae7ad._.js:1:875
42)
    at <unknown> (C:\Users\adesu\programming\
web\nextjs\gofamintpsogba_web_v2\.next\server
\chunks\ssr\[root-of-the-server]__0d5ae7ad._.
js:8:10520) {
  code: 'NEXT_STATIC_GEN_BAILOUT'
}
Failed to fetch pastor messages: TypeError: 
Cannot read properties of undefined (reading 
'replace')
    at <unknown> (C:\Users\adesu\programming\
web\nextjs\gofamintpsogba_web_v2\.next\server
\chunks\ssr\_5b471efd._.js:1:501370)
    at Array.map (<anonymous>)
    at <unknown> (C:\Users\adesu\programming\
web\nextjs\gofamintpsogba_web_v2\.next\server
\chunks\ssr\_5b471efd._.js:1:501203)
    at g (C:\Users\adesu\programming\web\next
js\gofamintpsogba_web_v2\.next\server\chunks\
ssr\_5b471efd._.js:1:506134)
    at async h (C:\Users\adesu\programming\we
b\nextjs\gofamintpsogba_web_v2\.next\server\c
hunks\ssr\_5b471efd._.js:1:507300)
    at async q (C:\Users\adesu\programming\we
b\nextjs\gofamintpsogba_web_v2\.next\server\c
hunks\ssr\_b951e851._.js:4:5581)
Failed to fetch pastor messages: Error: 
Route /pastor-corner/[id] with `dynamic = 
"error"` couldn't be rendered statically 
because it used `revalidate: 0 fetch https://
psogbaasset.gofamintpsogba.org.ng/official_si
te.php?t=official_site_pastorcorner 
/pastor-corner/[id]`. See more info here: htt
ps://nextjs.org/docs/app/building-your-applic
ation/rendering/static-and-dynamic#dynamic-re
ndering
    at x (C:\Users\adesu\programming\web\next
js\gofamintpsogba_web_v2\.next\server\chunks\
ssr\[root-of-the-server]__0d5ae7ad._.js:1:875
42)
    at <unknown> (C:\Users\adesu\programming\
web\nextjs\gofamintpsogba_web_v2\.next\server
\chunks\ssr\[root-of-the-server]__0d5ae7ad._.
js:8:10520) {
  code: 'NEXT_STATIC_GEN_BAILOUT'
}
Failed to fetch pastor messages: TypeError: 
Cannot read properties of undefined (reading 
'replace')
    at <unknown> (C:\Users\adesu\programming\
web\nextjs\gofamintpsogba_web_v2\.next\server
\chunks\ssr\_5b471efd._.js:1:501370)
    at Array.map (<anonymous>)
    at <unknown> (C:\Users\adesu\programming\
web\nextjs\gofamintpsogba_web_v2\.next\server
\chunks\ssr\_5b471efd._.js:1:501203)
    at g (C:\Users\adesu\programming\web\next
js\gofamintpsogba_web_v2\.next\server\chunks\
ssr\_5b471efd._.js:1:506134)
    at async h (C:\Users\adesu\programming\we
b\nextjs\gofamintpsogba_web_v2\.next\server\c
hunks\ssr\_5b471efd._.js:1:507300)
    at async q (C:\Users\adesu\programming\we
b\nextjs\gofamintpsogba_web_v2\.next\server\c
hunks\ssr\_b951e851._.js:4:5581)
Failed to fetch pastor messages: Error: 
Route /pastor-corner/[id] with `dynamic = 
"error"` couldn't be rendered statically 
because it used `revalidate: 0 fetch https://
psogbaasset.gofamintpsogba.org.ng/official_si
te.php?t=official_site_pastorcorner 
/pastor-corner/[id]`. See more info here: htt
ps://nextjs.org/docs/app/building-your-applic
ation/rendering/static-and-dynamic#dynamic-re
ndering
    at x (C:\Users\adesu\programming\web\next
js\gofamintpsogba_web_v2\.next\server\chunks\
ssr\[root-of-the-server]__0d5ae7ad._.js:1:875
42)
    at <unknown> (C:\Users\adesu\programming\
web\nextjs\gofamintpsogba_web_v2\.next\server
\chunks\ssr\[root-of-the-server]__0d5ae7ad._.
js:8:10520) {
  code: 'NEXT_STATIC_GEN_BAILOUT'
}
Failed to fetch pastor messages: TypeError: 
Cannot read properties of undefined (reading 
'replace')
    at <unknown> (C:\Users\adesu\programming\
web\nextjs\gofamintpsogba_web_v2\.next\server
\chunks\ssr\_5b471efd._.js:1:501370)
    at Array.map (<anonymous>)
    at <unknown> (C:\Users\adesu\programming\
web\nextjs\gofamintpsogba_web_v2\.next\server
\chunks\ssr\_5b471efd._.js:1:501203)
    at g (C:\Users\adesu\programming\web\next
js\gofamintpsogba_web_v2\.next\server\chunks\
ssr\_5b471efd._.js:1:506134)
    at async h (C:\Users\adesu\programming\we
b\nextjs\gofamintpsogba_web_v2\.next\server\c
hunks\ssr\_5b471efd._.js:1:507300)
    at async q (C:\Users\adesu\programming\we
b\nextjs\gofamintpsogba_web_v2\.next\server\c
hunks\ssr\_b951e851._.js:4:5581)
Failed to fetch pastor messages: Error: 
Route /pastor-corner/[id] with `dynamic = 
"error"` couldn't be rendered statically 
because it used `revalidate: 0 fetch https://
psogbaasset.gofamintpsogba.org.ng/official_si
te.php?t=official_site_pastorcorner 
/pastor-corner/[id]`. See more info here: htt
ps://nextjs.org/docs/app/building-your-applic
ation/rendering/static-and-dynamic#dynamic-re
ndering
    at x (C:\Users\adesu\programming\web\next
js\gofamintpsogba_web_v2\.next\server\chunks\
ssr\[root-of-the-server]__0d5ae7ad._.js:1:875
42)
    at <unknown> (C:\Users\adesu\programming\
web\nextjs\gofamintpsogba_web_v2\.next\server
\chunks\ssr\[root-of-the-server]__0d5ae7ad._.
js:8:10520) {
  code: 'NEXT_STATIC_GEN_BAILOUT'
}
Failed to fetch pastor messages: Error: 
Route /pastor-corner/[id] with `dynamic = 
"error"` couldn't be rendered statically 
because it used `revalidate: 0 fetch https://
psogbaasset.gofamintpsogba.org.ng/official_si
te.php?t=official_site_pastorcorner 
/pastor-corner/[id]`. See more info here: htt
ps://nextjs.org/docs/app/building-your-applic
ation/rendering/static-and-dynamic#dynamic-re
ndering
    at x (C:\Users\adesu\programming\web\next
js\gofamintpsogba_web_v2\.next\server\chunks\
ssr\[root-of-the-server]__0d5ae7ad._.js:1:875
42)
    at <unknown> (C:\Users\adesu\programming\
web\nextjs\gofamintpsogba_web_v2\.next\server
\chunks\ssr\[root-of-the-server]__0d5ae7ad._.
js:8:10520) {
  code: 'NEXT_STATIC_GEN_BAILOUT'
}
Failed to fetch pastor messages: TypeError: 
Cannot read properties of undefined (reading 
'replace')
    at <unknown> (C:\Users\adesu\programming\
web\nextjs\gofamintpsogba_web_v2\.next\server
\chunks\ssr\_5b471efd._.js:1:501370)
    at Array.map (<anonymous>)
    at <unknown> (C:\Users\adesu\programming\
web\nextjs\gofamintpsogba_web_v2\.next\server
\chunks\ssr\_5b471efd._.js:1:501203)
    at g (C:\Users\adesu\programming\web\next
js\gofamintpsogba_web_v2\.next\server\chunks\
ssr\_5b471efd._.js:1:506134)
    at async h (C:\Users\adesu\programming\we
b\nextjs\gofamintpsogba_web_v2\.next\server\c
hunks\ssr\_5b471efd._.js:1:507300)
    at async q (C:\Users\adesu\programming\we
b\nextjs\gofamintpsogba_web_v2\.next\server\c
hunks\ssr\_b951e851._.js:4:5581)
Failed to fetch pastor messages: TypeError: 
Cannot read properties of undefined (reading 
'replace')
    at <unknown> (C:\Users\adesu\programming\
web\nextjs\gofamintpsogba_web_v2\.next\server
\chunks\ssr\_5b471efd._.js:1:501370)
    at Array.map (<anonymous>)
    at <unknown> (C:\Users\adesu\programming\
web\nextjs\gofamintpsogba_web_v2\.next\server
\chunks\ssr\_5b471efd._.js:1:501203)
    at g (C:\Users\adesu\programming\web\next
js\gofamintpsogba_web_v2\.next\server\chunks\
ssr\_5b471efd._.js:1:506134)
    at async h (C:\Users\adesu\programming\we
b\nextjs\gofamintpsogba_web_v2\.next\server\c
hunks\ssr\_5b471efd._.js:1:507300)
    at async q (C:\Users\adesu\programming\we
b\nextjs\gofamintpsogba_web_v2\.next\server\c
hunks\ssr\_b951e851._.js:4:5581)
  Generating static pages using 7 workers (62/125) 
Failed to fetch pastor messages: Error: 
Route /pastor-corner/[id] with `dynamic = 
"error"` couldn't be rendered statically 
because it used `revalidate: 0 fetch https://
psogbaasset.gofamintpsogba.org.ng/official_si
te.php?t=official_site_pastorcorner 
/pastor-corner/[id]`. See more info here: htt
ps://nextjs.org/docs/app/building-your-applic
ation/rendering/static-and-dynamic#dynamic-re
ndering
    at x (C:\Users\adesu\programming\web\next
js\gofamintpsogba_web_v2\.next\server\chunks\
ssr\[root-of-the-server]__0d5ae7ad._.js:1:875
42)
    at <unknown> (C:\Users\adesu\programming\
web\nextjs\gofamintpsogba_web_v2\.next\server
\chunks\ssr\[root-of-the-server]__0d5ae7ad._.
js:8:10520) {
  code: 'NEXT_STATIC_GEN_BAILOUT'
}
Failed to fetch pastor messages: TypeError: 
Cannot read properties of undefined (reading 
'replace')
    at <unknown> (C:\Users\adesu\programming\
web\nextjs\gofamintpsogba_web_v2\.next\server
\chunks\ssr\_5b471efd._.js:1:501370)
    at Array.map (<anonymous>)
    at <unknown> (C:\Users\adesu\programming\
web\nextjs\gofamintpsogba_web_v2\.next\server
\chunks\ssr\_5b471efd._.js:1:501203)
    at g (C:\Users\adesu\programming\web\next
js\gofamintpsogba_web_v2\.next\server\chunks\
ssr\_5b471efd._.js:1:506134)
    at async h (C:\Users\adesu\programming\we
b\nextjs\gofamintpsogba_web_v2\.next\server\c
hunks\ssr\_5b471efd._.js:1:507300)
    at async q (C:\Users\adesu\programming\we
b\nextjs\gofamintpsogba_web_v2\.next\server\c
hunks\ssr\_b951e851._.js:4:5581)
Failed to fetch pastor messages: Error: 
Route /pastor-corner/[id] with `dynamic = 
"error"` couldn't be rendered statically 
because it used `revalidate: 0 fetch https://
psogbaasset.gofamintpsogba.org.ng/official_si
te.php?t=official_site_pastorcorner 
/pastor-corner/[id]`. See more info here: htt
ps://nextjs.org/docs/app/building-your-applic
ation/rendering/static-and-dynamic#dynamic-re
ndering
    at x (C:\Users\adesu\programming\web\next
js\gofamintpsogba_web_v2\.next\server\chunks\
ssr\[root-of-the-server]__0d5ae7ad._.js:1:875
42)
    at <unknown> (C:\Users\adesu\programming\
web\nextjs\gofamintpsogba_web_v2\.next\server
\chunks\ssr\[root-of-the-server]__0d5ae7ad._.
js:8:10520) {
  code: 'NEXT_STATIC_GEN_BAILOUT'
}
Failed to fetch pastor messages: TypeError: 
Cannot read properties of undefined (reading 
'replace')
    at <unknown> (C:\Users\adesu\programming\
web\nextjs\gofamintpsogba_web_v2\.next\server
\chunks\ssr\_231ac2f5._.js:1:502902)
    at Array.map (<anonymous>)
    at <unknown> (C:\Users\adesu\programming\
web\nextjs\gofamintpsogba_web_v2\.next\server
\chunks\ssr\_231ac2f5._.js:1:502735)
    at g (C:\Users\adesu\programming\web\next
js\gofamintpsogba_web_v2\.next\server\chunks\
ssr\_231ac2f5._.js:1:506134)
    at async h (C:\Users\adesu\programming\we
b\nextjs\gofamintpsogba_web_v2\.next\server\c
hunks\ssr\_231ac2f5._.js:1:507300)
    at async q (C:\Users\adesu\programming\we
b\nextjs\gofamintpsogba_web_v2\.next\server\c
hunks\ssr\_b951e851._.js:4:5581)
Failed to fetch pastor messages: Error: 
Route /pastor-corner/[id] with `dynamic = 
"error"` couldn't be rendered statically 
because it used `revalidate: 0 fetch https://
psogbaasset.gofamintpsogba.org.ng/official_si
te.php?t=official_site_pastorcorner 
/pastor-corner/[id]`. See more info here: htt
ps://nextjs.org/docs/app/building-your-applic
ation/rendering/static-and-dynamic#dynamic-re
ndering
    at x (C:\Users\adesu\programming\web\next
js\gofamintpsogba_web_v2\.next\server\chunks\
ssr\[root-of-the-server]__0d5ae7ad._.js:1:875
42)
    at <unknown> (C:\Users\adesu\programming\
web\nextjs\gofamintpsogba_web_v2\.next\server
\chunks\ssr\[root-of-the-server]__0d5ae7ad._.
js:8:10520) {
  code: 'NEXT_STATIC_GEN_BAILOUT'
}
Failed to fetch pastor messages: TypeError: 
Cannot read properties of undefined (reading 
'replace')
    at <unknown> (C:\Users\adesu\programming\
web\nextjs\gofamintpsogba_web_v2\.next\server
\chunks\ssr\_5b471efd._.js:1:501370)
    at Array.map (<anonymous>)
    at <unknown> (C:\Users\adesu\programming\
web\nextjs\gofamintpsogba_web_v2\.next\server
\chunks\ssr\_5b471efd._.js:1:501203)
    at g (C:\Users\adesu\programming\web\next
js\gofamintpsogba_web_v2\.next\server\chunks\
ssr\_5b471efd._.js:1:506134)
    at async h (C:\Users\adesu\programming\we
b\nextjs\gofamintpsogba_web_v2\.next\server\c
hunks\ssr\_5b471efd._.js:1:507300)
    at async q (C:\Users\adesu\programming\we
b\nextjs\gofamintpsogba_web_v2\.next\server\c
hunks\ssr\_b951e851._.js:4:5581)
Failed to fetch pastor messages: Error: 
Route /pastor-corner/[id] with `dynamic = 
"error"` couldn't be rendered statically 
because it used `revalidate: 0 fetch https://
psogbaasset.gofamintpsogba.org.ng/official_si
te.php?t=official_site_pastorcorner 
/pastor-corner/[id]`. See more info here: htt
ps://nextjs.org/docs/app/building-your-applic
ation/rendering/static-and-dynamic#dynamic-re
ndering
    at x (C:\Users\adesu\programming\web\next
js\gofamintpsogba_web_v2\.next\server\chunks\
ssr\[root-of-the-server]__0d5ae7ad._.js:1:875
42)
    at <unknown> (C:\Users\adesu\programming\
web\nextjs\gofamintpsogba_web_v2\.next\server
\chunks\ssr\[root-of-the-server]__0d5ae7ad._.
js:8:10520) {
  code: 'NEXT_STATIC_GEN_BAILOUT'
}
Failed to fetch pastor messages: TypeError: 
Cannot read properties of undefined (reading 
'replace')
    at <unknown> (C:\Users\adesu\programming\
web\nextjs\gofamintpsogba_web_v2\.next\server
\chunks\ssr\_231ac2f5._.js:1:502902)
    at Array.map (<anonymous>)
    at <unknown> (C:\Users\adesu\programming\
web\nextjs\gofamintpsogba_web_v2\.next\server
\chunks\ssr\_231ac2f5._.js:1:502735)
    at g (C:\Users\adesu\programming\web\next
js\gofamintpsogba_web_v2\.next\server\chunks\
ssr\_231ac2f5._.js:1:506134)
    at async h (C:\Users\adesu\programming\we
b\nextjs\gofamintpsogba_web_v2\.next\server\c
hunks\ssr\_231ac2f5._.js:1:507300)
    at async q (C:\Users\adesu\programming\we
b\nextjs\gofamintpsogba_web_v2\.next\server\c
hunks\ssr\_b951e851._.js:4:5581)
Failed to fetch pastor messages: Error: 
Route /pastor-corner/[id] with `dynamic = 
"error"` couldn't be rendered statically 
because it used `revalidate: 0 fetch https://
psogbaasset.gofamintpsogba.org.ng/official_si
te.php?t=official_site_pastorcorner 
/pastor-corner/[id]`. See more info here: htt
ps://nextjs.org/docs/app/building-your-applic
ation/rendering/static-and-dynamic#dynamic-re
ndering
    at x (C:\Users\adesu\programming\web\next
js\gofamintpsogba_web_v2\.next\server\chunks\
ssr\[root-of-the-server]__0d5ae7ad._.js:1:875
42)
    at <unknown> (C:\Users\adesu\programming\
web\nextjs\gofamintpsogba_web_v2\.next\server
\chunks\ssr\[root-of-the-server]__0d5ae7ad._.
js:8:10520) {
  code: 'NEXT_STATIC_GEN_BAILOUT'
}
Failed to fetch pastor messages: TypeError: 
Cannot read properties of undefined (reading 
'replace')
    at <unknown> (C:\Users\adesu\programming\
web\nextjs\gofamintpsogba_web_v2\.next\server
\chunks\ssr\_231ac2f5._.js:1:502902)
    at Array.map (<anonymous>)
    at <unknown> (C:\Users\adesu\programming\
web\nextjs\gofamintpsogba_web_v2\.next\server
\chunks\ssr\_231ac2f5._.js:1:502735)
    at g (C:\Users\adesu\programming\web\next
js\gofamintpsogba_web_v2\.next\server\chunks\
ssr\_231ac2f5._.js:1:506134)
    at async h (C:\Users\adesu\programming\we
b\nextjs\gofamintpsogba_web_v2\.next\server\c
hunks\ssr\_231ac2f5._.js:1:507300)
    at async q (C:\Users\adesu\programming\we
b\nextjs\gofamintpsogba_web_v2\.next\server\c
hunks\ssr\_b951e851._.js:4:5581)
Failed to fetch pastor messages: Error: 
Route /pastor-corner/[id] with `dynamic = 
"error"` couldn't be rendered statically 
because it used `revalidate: 0 fetch https://
psogbaasset.gofamintpsogba.org.ng/official_si
te.php?t=official_site_pastorcorner 
/pastor-corner/[id]`. See more info here: htt
ps://nextjs.org/docs/app/building-your-applic
ation/rendering/static-and-dynamic#dynamic-re
ndering
    at x (C:\Users\adesu\programming\web\next
js\gofamintpsogba_web_v2\.next\server\chunks\
ssr\[root-of-the-server]__0d5ae7ad._.js:1:875
42)
    at <unknown> (C:\Users\adesu\programming\
web\nextjs\gofamintpsogba_web_v2\.next\server
\chunks\ssr\[root-of-the-server]__0d5ae7ad._.
js:8:10520) {
  code: 'NEXT_STATIC_GEN_BAILOUT'
}
Failed to fetch pastor messages: TypeError: 
Cannot read properties of undefined (reading 
'replace')
    at <unknown> (C:\Users\adesu\programming\
web\nextjs\gofamintpsogba_web_v2\.next\server
\chunks\ssr\_5b471efd._.js:1:501370)
    at Array.map (<anonymous>)
    at <unknown> (C:\Users\adesu\programming\
web\nextjs\gofamintpsogba_web_v2\.next\server
\chunks\ssr\_5b471efd._.js:1:501203)
    at g (C:\Users\adesu\programming\web\next
js\gofamintpsogba_web_v2\.next\server\chunks\
ssr\_5b471efd._.js:1:506134)
    at async h (C:\Users\adesu\programming\we
b\nextjs\gofamintpsogba_web_v2\.next\server\c
hunks\ssr\_5b471efd._.js:1:507300)
    at async q (C:\Users\adesu\programming\we
b\nextjs\gofamintpsogba_web_v2\.next\server\c
hunks\ssr\_b951e851._.js:4:5581)
Failed to fetch pastor messages: Error: 
Route /pastor-corner/[id] with `dynamic = 
"error"` couldn't be rendered statically 
because it used `revalidate: 0 fetch https://
psogbaasset.gofamintpsogba.org.ng/official_si
te.php?t=official_site_pastorcorner 
/pastor-corner/[id]`. See more info here: htt
ps://nextjs.org/docs/app/building-your-applic
ation/rendering/static-and-dynamic#dynamic-re
ndering
    at x (C:\Users\adesu\programming\web\next
js\gofamintpsogba_web_v2\.next\server\chunks\
ssr\[root-of-the-server]__0d5ae7ad._.js:1:875
42)
    at <unknown> (C:\Users\adesu\programming\
web\nextjs\gofamintpsogba_web_v2\.next\server
\chunks\ssr\[root-of-the-server]__0d5ae7ad._.
js:8:10520) {
  code: 'NEXT_STATIC_GEN_BAILOUT'
}
Failed to fetch pastor messages: TypeError: 
Cannot read properties of undefined (reading 
'replace')
    at <unknown> (C:\Users\adesu\programming\
web\nextjs\gofamintpsogba_web_v2\.next\server
\chunks\ssr\_231ac2f5._.js:1:502902)
    at Array.map (<anonymous>)
    at <unknown> (C:\Users\adesu\programming\
web\nextjs\gofamintpsogba_web_v2\.next\server
\chunks\ssr\_231ac2f5._.js:1:502735)
    at g (C:\Users\adesu\programming\web\next
js\gofamintpsogba_web_v2\.next\server\chunks\
ssr\_231ac2f5._.js:1:506134)
    at async h (C:\Users\adesu\programming\we
b\nextjs\gofamintpsogba_web_v2\.next\server\c
hunks\ssr\_231ac2f5._.js:1:507300)
    at async q (C:\Users\adesu\programming\we
b\nextjs\gofamintpsogba_web_v2\.next\server\c
hunks\ssr\_b951e851._.js:4:5581)
Failed to fetch pastor messages: Error: 
Route /pastor-corner/[id] with `dynamic = 
"error"` couldn't be rendered statically 
because it used `revalidate: 0 fetch https://
psogbaasset.gofamintpsogba.org.ng/official_si
te.php?t=official_site_pastorcorner 
/pastor-corner/[id]`. See more info here: htt
ps://nextjs.org/docs/app/building-your-applic
ation/rendering/static-and-dynamic#dynamic-re
ndering
    at x (C:\Users\adesu\programming\web\next
js\gofamintpsogba_web_v2\.next\server\chunks\
ssr\[root-of-the-server]__0d5ae7ad._.js:1:875
42)
    at <unknown> (C:\Users\adesu\programming\
web\nextjs\gofamintpsogba_web_v2\.next\server
\chunks\ssr\[root-of-the-server]__0d5ae7ad._.
js:8:10520) {
  code: 'NEXT_STATIC_GEN_BAILOUT'
}
Failed to fetch pastor messages: TypeError: 
Cannot read properties of undefined (reading 
'replace')
    at <unknown> (C:\Users\adesu\programming\
web\nextjs\gofamintpsogba_web_v2\.next\server
\chunks\ssr\_5b471efd._.js:1:501370)
    at Array.map (<anonymous>)
    at <unknown> (C:\Users\adesu\programming\
web\nextjs\gofamintpsogba_web_v2\.next\server
\chunks\ssr\_5b471efd._.js:1:501203)
    at g (C:\Users\adesu\programming\web\next
js\gofamintpsogba_web_v2\.next\server\chunks\
ssr\_5b471efd._.js:1:506134)
    at async h (C:\Users\adesu\programming\we
b\nextjs\gofamintpsogba_web_v2\.next\server\c
hunks\ssr\_5b471efd._.js:1:507300)
    at async q (C:\Users\adesu\programming\we
b\nextjs\gofamintpsogba_web_v2\.next\server\c
hunks\ssr\_b951e851._.js:4:5581)
Failed to fetch pastor messages: Error: 
Route /pastor-corner/[id] with `dynamic = 
"error"` couldn't be rendered statically 
because it used `revalidate: 0 fetch https://
psogbaasset.gofamintpsogba.org.ng/official_si
te.php?t=official_site_pastorcorner 
/pastor-corner/[id]`. See more info here: htt
ps://nextjs.org/docs/app/building-your-applic
ation/rendering/static-and-dynamic#dynamic-re
ndering
    at x (C:\Users\adesu\programming\web\next
js\gofamintpsogba_web_v2\.next\server\chunks\
ssr\[root-of-the-server]__0d5ae7ad._.js:1:875
42)
    at <unknown> (C:\Users\adesu\programming\
web\nextjs\gofamintpsogba_web_v2\.next\server
\chunks\ssr\[root-of-the-server]__0d5ae7ad._.
js:8:10520) {
  code: 'NEXT_STATIC_GEN_BAILOUT'
}
Failed to fetch pastor messages: TypeError: 
Cannot read properties of undefined (reading 
'replace')
    at <unknown> (C:\Users\adesu\programming\
web\nextjs\gofamintpsogba_web_v2\.next\server
\chunks\ssr\_5b471efd._.js:1:501370)
    at Array.map (<anonymous>)
    at <unknown> (C:\Users\adesu\programming\
web\nextjs\gofamintpsogba_web_v2\.next\server
\chunks\ssr\_5b471efd._.js:1:501203)
    at g (C:\Users\adesu\programming\web\next
js\gofamintpsogba_web_v2\.next\server\chunks\
ssr\_5b471efd._.js:1:506134)
    at async h (C:\Users\adesu\programming\we
b\nextjs\gofamintpsogba_web_v2\.next\server\c
hunks\ssr\_5b471efd._.js:1:507300)
    at async q (C:\Users\adesu\programming\we
b\nextjs\gofamintpsogba_web_v2\.next\server\c
hunks\ssr\_b951e851._.js:4:5581)
Failed to fetch pastor messages: Error: 
Route /pastor-corner/[id] with `dynamic = 
"error"` couldn't be rendered statically 
because it used `revalidate: 0 fetch https://
psogbaasset.gofamintpsogba.org.ng/official_si
te.php?t=official_site_pastorcorner 
/pastor-corner/[id]`. See more info here: htt
ps://nextjs.org/docs/app/building-your-applic
ation/rendering/static-and-dynamic#dynamic-re
ndering
    at x (C:\Users\adesu\programming\web\next
js\gofamintpsogba_web_v2\.next\server\chunks\
ssr\[root-of-the-server]__0d5ae7ad._.js:1:875
42)
    at <unknown> (C:\Users\adesu\programming\
web\nextjs\gofamintpsogba_web_v2\.next\server
\chunks\ssr\[root-of-the-server]__0d5ae7ad._.
js:8:10520) {
  code: 'NEXT_STATIC_GEN_BAILOUT'
}
Failed to fetch pastor messages: TypeError: 
Cannot read properties of undefined (reading 
'replace')
    at <unknown> (C:\Users\adesu\programming\
web\nextjs\gofamintpsogba_web_v2\.next\server
\chunks\ssr\_231ac2f5._.js:1:502902)
    at Array.map (<anonymous>)
    at <unknown> (C:\Users\adesu\programming\
web\nextjs\gofamintpsogba_web_v2\.next\server
\chunks\ssr\_231ac2f5._.js:1:502735)
    at g (C:\Users\adesu\programming\web\next
js\gofamintpsogba_web_v2\.next\server\chunks\
ssr\_231ac2f5._.js:1:506134)
    at async h (C:\Users\adesu\programming\we
b\nextjs\gofamintpsogba_web_v2\.next\server\c
hunks\ssr\_231ac2f5._.js:1:507300)
    at async q (C:\Users\adesu\programming\we
b\nextjs\gofamintpsogba_web_v2\.next\server\c
hunks\ssr\_b951e851._.js:4:5581)
Failed to fetch pastor messages: Error: 
Route /pastor-corner/[id] with `dynamic = 
"error"` couldn't be rendered statically 
because it used `revalidate: 0 fetch https://
psogbaasset.gofamintpsogba.org.ng/official_si
te.php?t=official_site_pastorcorner 
/pastor-corner/[id]`. See more info here: htt
ps://nextjs.org/docs/app/building-your-applic
ation/rendering/static-and-dynamic#dynamic-re
ndering
    at x (C:\Users\adesu\programming\web\next
js\gofamintpsogba_web_v2\.next\server\chunks\
ssr\[root-of-the-server]__0d5ae7ad._.js:1:875
42)
    at <unknown> (C:\Users\adesu\programming\
web\nextjs\gofamintpsogba_web_v2\.next\server
\chunks\ssr\[root-of-the-server]__0d5ae7ad._.
js:8:10520) {
  code: 'NEXT_STATIC_GEN_BAILOUT'
}
Failed to fetch pastor messages: TypeError: 
Cannot read properties of undefined (reading 
'replace')
    at <unknown> (C:\Users\adesu\programming\
web\nextjs\gofamintpsogba_web_v2\.next\server
\chunks\ssr\_5b471efd._.js:1:501370)
    at Array.map (<anonymous>)
    at <unknown> (C:\Users\adesu\programming\
web\nextjs\gofamintpsogba_web_v2\.next\server
\chunks\ssr\_5b471efd._.js:1:501203)
    at g (C:\Users\adesu\programming\web\next
js\gofamintpsogba_web_v2\.next\server\chunks\
ssr\_5b471efd._.js:1:506134)
    at async h (C:\Users\adesu\programming\we
b\nextjs\gofamintpsogba_web_v2\.next\server\c
hunks\ssr\_5b471efd._.js:1:507300)
    at async q (C:\Users\adesu\programming\we
b\nextjs\gofamintpsogba_web_v2\.next\server\c
hunks\ssr\_b951e851._.js:4:5581)
Failed to fetch pastor messages: Error: 
Route /pastor-corner/[id] with `dynamic = 
"error"` couldn't be rendered statically 
because it used `revalidate: 0 fetch https://
psogbaasset.gofamintpsogba.org.ng/official_si
te.php?t=official_site_pastorcorner 
/pastor-corner/[id]`. See more info here: htt
ps://nextjs.org/docs/app/building-your-applic
ation/rendering/static-and-dynamic#dynamic-re
ndering
    at x (C:\Users\adesu\programming\web\next
js\gofamintpsogba_web_v2\.next\server\chunks\
ssr\[root-of-the-server]__0d5ae7ad._.js:1:875
42)
    at <unknown> (C:\Users\adesu\programming\
web\nextjs\gofamintpsogba_web_v2\.next\server
\chunks\ssr\[root-of-the-server]__0d5ae7ad._.
js:8:10520) {
  code: 'NEXT_STATIC_GEN_BAILOUT'
}
Failed to fetch pastor messages: TypeError: 
Cannot read properties of undefined (reading 
'replace')
    at <unknown> (C:\Users\adesu\programming\
web\nextjs\gofamintpsogba_web_v2\.next\server
\chunks\ssr\_5b471efd._.js:1:501370)
    at Array.map (<anonymous>)
    at <unknown> (C:\Users\adesu\programming\
web\nextjs\gofamintpsogba_web_v2\.next\server
\chunks\ssr\_5b471efd._.js:1:501203)
    at g (C:\Users\adesu\programming\web\next
js\gofamintpsogba_web_v2\.next\server\chunks\
ssr\_5b471efd._.js:1:506134)
    at async h (C:\Users\adesu\programming\we
b\nextjs\gofamintpsogba_web_v2\.next\server\c
hunks\ssr\_5b471efd._.js:1:507300)
    at async q (C:\Users\adesu\programming\we
b\nextjs\gofamintpsogba_web_v2\.next\server\c
hunks\ssr\_b951e851._.js:4:5581)
Failed to fetch pastor messages: Error: 
Route /pastor-corner/[id] with `dynamic = 
"error"` couldn't be rendered statically 
because it used `revalidate: 0 fetch https://
psogbaasset.gofamintpsogba.org.ng/official_si
te.php?t=official_site_pastorcorner 
/pastor-corner/[id]`. See more info here: htt
ps://nextjs.org/docs/app/building-your-applic
ation/rendering/static-and-dynamic#dynamic-re
ndering
    at x (C:\Users\adesu\programming\web\next
js\gofamintpsogba_web_v2\.next\server\chunks\
ssr\[root-of-the-server]__0d5ae7ad._.js:1:875
42)
    at <unknown> (C:\Users\adesu\programming\
web\nextjs\gofamintpsogba_web_v2\.next\server
\chunks\ssr\[root-of-the-server]__0d5ae7ad._.
js:8:10520) {
  code: 'NEXT_STATIC_GEN_BAILOUT'
}
Failed to fetch pastor messages: TypeError: 
Cannot read properties of undefined (reading 
'replace')
    at <unknown> (C:\Users\adesu\programming\
web\nextjs\gofamintpsogba_web_v2\.next\server
\chunks\ssr\_231ac2f5._.js:1:502902)
    at Array.map (<anonymous>)
    at <unknown> (C:\Users\adesu\programming\
web\nextjs\gofamintpsogba_web_v2\.next\server
\chunks\ssr\_231ac2f5._.js:1:502735)
    at g (C:\Users\adesu\programming\web\next
js\gofamintpsogba_web_v2\.next\server\chunks\
ssr\_231ac2f5._.js:1:506134)
    at async h (C:\Users\adesu\programming\we
b\nextjs\gofamintpsogba_web_v2\.next\server\c
hunks\ssr\_231ac2f5._.js:1:507300)
    at async q (C:\Users\adesu\programming\we
b\nextjs\gofamintpsogba_web_v2\.next\server\c
hunks\ssr\_b951e851._.js:4:5581)
Failed to fetch pastor messages: Error: 
Route /pastor-corner/[id] with `dynamic = 
"error"` couldn't be rendered statically 
because it used `revalidate: 0 fetch https://
psogbaasset.gofamintpsogba.org.ng/official_si
te.php?t=official_site_pastorcorner 
/pastor-corner/[id]`. See more info here: htt
ps://nextjs.org/docs/app/building-your-applic
ation/rendering/static-and-dynamic#dynamic-re
ndering
    at x (C:\Users\adesu\programming\web\next
js\gofamintpsogba_web_v2\.next\server\chunks\
ssr\[root-of-the-server]__0d5ae7ad._.js:1:875
42)
    at <unknown> (C:\Users\adesu\programming\
web\nextjs\gofamintpsogba_web_v2\.next\server
\chunks\ssr\[root-of-the-server]__0d5ae7ad._.
js:8:10520) {
  code: 'NEXT_STATIC_GEN_BAILOUT'
}
Failed to fetch pastor messages: TypeError: 
Cannot read properties of undefined (reading 
'replace')
    at <unknown> (C:\Users\adesu\programming\
web\nextjs\gofamintpsogba_web_v2\.next\server
\chunks\ssr\_5b471efd._.js:1:501370)
    at Array.map (<anonymous>)
    at <unknown> (C:\Users\adesu\programming\
web\nextjs\gofamintpsogba_web_v2\.next\server
\chunks\ssr\_5b471efd._.js:1:501203)
    at g (C:\Users\adesu\programming\web\next
js\gofamintpsogba_web_v2\.next\server\chunks\
ssr\_5b471efd._.js:1:506134)
    at async h (C:\Users\adesu\programming\we
b\nextjs\gofamintpsogba_web_v2\.next\server\c
hunks\ssr\_5b471efd._.js:1:507300)
    at async q (C:\Users\adesu\programming\we
b\nextjs\gofamintpsogba_web_v2\.next\server\c
hunks\ssr\_b951e851._.js:4:5581)
Failed to fetch pastor messages: Error: 
Route /pastor-corner/[id] with `dynamic = 
"error"` couldn't be rendered statically 
because it used `revalidate: 0 fetch https://
psogbaasset.gofamintpsogba.org.ng/official_si
te.php?t=official_site_pastorcorner 
/pastor-corner/[id]`. See more info here: htt
ps://nextjs.org/docs/app/building-your-applic
ation/rendering/static-and-dynamic#dynamic-re
ndering
    at x (C:\Users\adesu\programming\web\next
js\gofamintpsogba_web_v2\.next\server\chunks\
ssr\[root-of-the-server]__0d5ae7ad._.js:1:875
42)
    at <unknown> (C:\Users\adesu\programming\
web\nextjs\gofamintpsogba_web_v2\.next\server
\chunks\ssr\[root-of-the-server]__0d5ae7ad._.
js:8:10520) {
  code: 'NEXT_STATIC_GEN_BAILOUT'
}
Failed to fetch pastor messages: TypeError: 
Cannot read properties of undefined (reading 
'replace')
    at <unknown> (C:\Users\adesu\programming\
web\nextjs\gofamintpsogba_web_v2\.next\server
\chunks\ssr\_5b471efd._.js:1:501370)
    at Array.map (<anonymous>)
    at <unknown> (C:\Users\adesu\programming\
web\nextjs\gofamintpsogba_web_v2\.next\server
\chunks\ssr\_5b471efd._.js:1:501203)
    at g (C:\Users\adesu\programming\web\next
js\gofamintpsogba_web_v2\.next\server\chunks\
ssr\_5b471efd._.js:1:506134)
    at async h (C:\Users\adesu\programming\we
b\nextjs\gofamintpsogba_web_v2\.next\server\c
hunks\ssr\_5b471efd._.js:1:507300)
    at async q (C:\Users\adesu\programming\we
b\nextjs\gofamintpsogba_web_v2\.next\server\c
hunks\ssr\_b951e851._.js:4:5581)
Failed to fetch pastor messages: Error: 
Route /pastor-corner/[id] with `dynamic = 
"error"` couldn't be rendered statically 
because it used `revalidate: 0 fetch https://
psogbaasset.gofamintpsogba.org.ng/official_si
te.php?t=official_site_pastorcorner 
/pastor-corner/[id]`. See more info here: htt
ps://nextjs.org/docs/app/building-your-applic
ation/rendering/static-and-dynamic#dynamic-re
ndering
    at x (C:\Users\adesu\programming\web\next
js\gofamintpsogba_web_v2\.next\server\chunks\
ssr\[root-of-the-server]__0d5ae7ad._.js:1:875
42)
    at <unknown> (C:\Users\adesu\programming\
web\nextjs\gofamintpsogba_web_v2\.next\server
\chunks\ssr\[root-of-the-server]__0d5ae7ad._.
js:8:10520) {
  code: 'NEXT_STATIC_GEN_BAILOUT'
}
Failed to fetch pastor messages: TypeError: 
Cannot read properties of undefined (reading 
'replace')
    at <unknown> (C:\Users\adesu\programming\
web\nextjs\gofamintpsogba_web_v2\.next\server
\chunks\ssr\_231ac2f5._.js:1:502902)
    at Array.map (<anonymous>)
    at <unknown> (C:\Users\adesu\programming\
web\nextjs\gofamintpsogba_web_v2\.next\server
\chunks\ssr\_231ac2f5._.js:1:502735)
    at g (C:\Users\adesu\programming\web\next
js\gofamintpsogba_web_v2\.next\server\chunks\
ssr\_231ac2f5._.js:1:506134)
    at async h (C:\Users\adesu\programming\we
b\nextjs\gofamintpsogba_web_v2\.next\server\c
hunks\ssr\_231ac2f5._.js:1:507300)
    at async q (C:\Users\adesu\programming\we
b\nextjs\gofamintpsogba_web_v2\.next\server\c
hunks\ssr\_b951e851._.js:4:5581)
Failed to fetch pastor messages: Error: 
Route /pastor-corner/[id] with `dynamic = 
"error"` couldn't be rendered statically 
because it used `revalidate: 0 fetch https://
psogbaasset.gofamintpsogba.org.ng/official_si
te.php?t=official_site_pastorcorner 
/pastor-corner/[id]`. See more info here: htt
ps://nextjs.org/docs/app/building-your-applic
ation/rendering/static-and-dynamic#dynamic-re
ndering
    at x (C:\Users\adesu\programming\web\next
js\gofamintpsogba_web_v2\.next\server\chunks\
ssr\[root-of-the-server]__0d5ae7ad._.js:1:875
42)
    at <unknown> (C:\Users\adesu\programming\
web\nextjs\gofamintpsogba_web_v2\.next\server
\chunks\ssr\[root-of-the-server]__0d5ae7ad._.
js:8:10520) {
  code: 'NEXT_STATIC_GEN_BAILOUT'
}
Failed to fetch pastor messages: Error: 
Route /pastor-corner/[id] with `dynamic = 
"error"` couldn't be rendered statically 
because it used `revalidate: 0 fetch https://
psogbaasset.gofamintpsogba.org.ng/official_si
te.php?t=official_site_pastorcorner 
/pastor-corner/[id]`. See more info here: htt
ps://nextjs.org/docs/app/building-your-applic
ation/rendering/static-and-dynamic#dynamic-re
ndering
    at x (C:\Users\adesu\programming\web\next
js\gofamintpsogba_web_v2\.next\server\chunks\
ssr\[root-of-the-server]__0d5ae7ad._.js:1:875
42)
    at <unknown> (C:\Users\adesu\programming\
web\nextjs\gofamintpsogba_web_v2\.next\server
\chunks\ssr\[root-of-the-server]__0d5ae7ad._.
js:8:10520) {
  code: 'NEXT_STATIC_GEN_BAILOUT'
}
Failed to fetch pastor messages: TypeError: 
Cannot read properties of undefined (reading 
'replace')
    at <unknown> (C:\Users\adesu\programming\
web\nextjs\gofamintpsogba_web_v2\.next\server
\chunks\ssr\_5b471efd._.js:1:501370)
    at Array.map (<anonymous>)
    at <unknown> (C:\Users\adesu\programming\
web\nextjs\gofamintpsogba_web_v2\.next\server
\chunks\ssr\_5b471efd._.js:1:501203)
    at g (C:\Users\adesu\programming\web\next
js\gofamintpsogba_web_v2\.next\server\chunks\
ssr\_5b471efd._.js:1:506134)
    at async h (C:\Users\adesu\programming\we
b\nextjs\gofamintpsogba_web_v2\.next\server\c
hunks\ssr\_5b471efd._.js:1:507300)
    at async q (C:\Users\adesu\programming\we
b\nextjs\gofamintpsogba_web_v2\.next\server\c
hunks\ssr\_b951e851._.js:4:5581)
Failed to fetch pastor messages: TypeError: 
Cannot read properties of undefined (reading 
'replace')
    at <unknown> (C:\Users\adesu\programming\
web\nextjs\gofamintpsogba_web_v2\.next\server
\chunks\ssr\_5b471efd._.js:1:501370)
    at Array.map (<anonymous>)
    at <unknown> (C:\Users\adesu\programming\
web\nextjs\gofamintpsogba_web_v2\.next\server
\chunks\ssr\_5b471efd._.js:1:501203)
    at g (C:\Users\adesu\programming\web\next
js\gofamintpsogba_web_v2\.next\server\chunks\
ssr\_5b471efd._.js:1:506134)
    at async h (C:\Users\adesu\programming\we
b\nextjs\gofamintpsogba_web_v2\.next\server\c
hunks\ssr\_5b471efd._.js:1:507300)
    at async q (C:\Users\adesu\programming\we
b\nextjs\gofamintpsogba_web_v2\.next\server\c
hunks\ssr\_b951e851._.js:4:5581)
Failed to fetch pastor messages: Error: 
Route /pastor-corner/[id] with `dynamic = 
"error"` couldn't be rendered statically 
because it used `revalidate: 0 fetch https://
psogbaasset.gofamintpsogba.org.ng/official_si
te.php?t=official_site_pastorcorner 
/pastor-corner/[id]`. See more info here: htt
ps://nextjs.org/docs/app/building-your-applic
ation/rendering/static-and-dynamic#dynamic-re
ndering
    at x (C:\Users\adesu\programming\web\next
js\gofamintpsogba_web_v2\.next\server\chunks\
ssr\[root-of-the-server]__0d5ae7ad._.js:1:875
42)
    at <unknown> (C:\Users\adesu\programming\
web\nextjs\gofamintpsogba_web_v2\.next\server
\chunks\ssr\[root-of-the-server]__0d5ae7ad._.
js:8:10520) {
  code: 'NEXT_STATIC_GEN_BAILOUT'
}
Failed to fetch pastor messages: TypeError: 
Cannot read properties of undefined (reading 
'replace')
    at <unknown> (C:\Users\adesu\programming\
web\nextjs\gofamintpsogba_web_v2\.next\server
\chunks\ssr\_231ac2f5._.js:1:502902)
    at Array.map (<anonymous>)
    at <unknown> (C:\Users\adesu\programming\
web\nextjs\gofamintpsogba_web_v2\.next\server
\chunks\ssr\_231ac2f5._.js:1:502735)
    at g (C:\Users\adesu\programming\web\next
js\gofamintpsogba_web_v2\.next\server\chunks\
ssr\_231ac2f5._.js:1:506134)
    at async h (C:\Users\adesu\programming\we
b\nextjs\gofamintpsogba_web_v2\.next\server\c
hunks\ssr\_231ac2f5._.js:1:507300)
    at async q (C:\Users\adesu\programming\we
b\nextjs\gofamintpsogba_web_v2\.next\server\c
hunks\ssr\_b951e851._.js:4:5581)
  Generating static pages using 7 workers (93/125) 
Failed to fetch pastor messages: Error: 
Route /pastor-corner/[id] with `dynamic = 
"error"` couldn't be rendered statically 
because it used `revalidate: 0 fetch https://
psogbaasset.gofamintpsogba.org.ng/official_si
te.php?t=official_site_pastorcorner 
/pastor-corner/[id]`. See more info here: htt
ps://nextjs.org/docs/app/building-your-applic
ation/rendering/static-and-dynamic#dynamic-re
ndering
    at x (C:\Users\adesu\programming\web\next
js\gofamintpsogba_web_v2\.next\server\chunks\
ssr\[root-of-the-server]__0d5ae7ad._.js:1:875
42)
    at <unknown> (C:\Users\adesu\programming\
web\nextjs\gofamintpsogba_web_v2\.next\server
\chunks\ssr\[root-of-the-server]__0d5ae7ad._.
js:8:10520) {
  code: 'NEXT_STATIC_GEN_BAILOUT'
}
Failed to fetch pastor messages: TypeError: 
Cannot read properties of undefined (reading 
'replace')
    at <unknown> (C:\Users\adesu\programming\
web\nextjs\gofamintpsogba_web_v2\.next\server
\chunks\ssr\_5b471efd._.js:1:501370)
    at Array.map (<anonymous>)
    at <unknown> (C:\Users\adesu\programming\
web\nextjs\gofamintpsogba_web_v2\.next\server
\chunks\ssr\_5b471efd._.js:1:501203)
    at g (C:\Users\adesu\programming\web\next
js\gofamintpsogba_web_v2\.next\server\chunks\
ssr\_5b471efd._.js:1:506134)
    at async h (C:\Users\adesu\programming\we
b\nextjs\gofamintpsogba_web_v2\.next\server\c
hunks\ssr\_5b471efd._.js:1:507300)
    at async q (C:\Users\adesu\programming\we
b\nextjs\gofamintpsogba_web_v2\.next\server\c
hunks\ssr\_b951e851._.js:4:5581)
Failed to fetch pastor messages: Error: 
Route /pastor-corner/[id] with `dynamic = 
"error"` couldn't be rendered statically 
because it used `revalidate: 0 fetch https://
psogbaasset.gofamintpsogba.org.ng/official_si
te.php?t=official_site_pastorcorner 
/pastor-corner/[id]`. See more info here: htt
ps://nextjs.org/docs/app/building-your-applic
ation/rendering/static-and-dynamic#dynamic-re
ndering
    at x (C:\Users\adesu\programming\web\next
js\gofamintpsogba_web_v2\.next\server\chunks\
ssr\[root-of-the-server]__0d5ae7ad._.js:1:875
42)
    at <unknown> (C:\Users\adesu\programming\
web\nextjs\gofamintpsogba_web_v2\.next\server
\chunks\ssr\[root-of-the-server]__0d5ae7ad._.
js:8:10520) {
  code: 'NEXT_STATIC_GEN_BAILOUT'
}
Failed to fetch pastor messages: TypeError: 
Cannot read properties of undefined (reading 
'replace')
    at <unknown> (C:\Users\adesu\programming\
web\nextjs\gofamintpsogba_web_v2\.next\server
\chunks\ssr\_5b471efd._.js:1:501370)
    at Array.map (<anonymous>)
    at <unknown> (C:\Users\adesu\programming\
web\nextjs\gofamintpsogba_web_v2\.next\server
\chunks\ssr\_5b471efd._.js:1:501203)
    at g (C:\Users\adesu\programming\web\next
js\gofamintpsogba_web_v2\.next\server\chunks\
ssr\_5b471efd._.js:1:506134)
    at async h (C:\Users\adesu\programming\we
b\nextjs\gofamintpsogba_web_v2\.next\server\c
hunks\ssr\_5b471efd._.js:1:507300)
    at async q (C:\Users\adesu\programming\we
b\nextjs\gofamintpsogba_web_v2\.next\server\c
hunks\ssr\_b951e851._.js:4:5581)
Failed to fetch pastor messages: Error: 
Route /pastor-corner/[id] with `dynamic = 
"error"` couldn't be rendered statically 
because it used `revalidate: 0 fetch https://
psogbaasset.gofamintpsogba.org.ng/official_si
te.php?t=official_site_pastorcorner 
/pastor-corner/[id]`. See more info here: htt
ps://nextjs.org/docs/app/building-your-applic
ation/rendering/static-and-dynamic#dynamic-re
ndering
    at x (C:\Users\adesu\programming\web\next
js\gofamintpsogba_web_v2\.next\server\chunks\
ssr\[root-of-the-server]__0d5ae7ad._.js:1:875
42)
    at <unknown> (C:\Users\adesu\programming\
web\nextjs\gofamintpsogba_web_v2\.next\server
\chunks\ssr\[root-of-the-server]__0d5ae7ad._.
js:8:10520) {
  code: 'NEXT_STATIC_GEN_BAILOUT'
}
Failed to fetch pastor messages: TypeError: 
Cannot read properties of undefined (reading 
'replace')
    at <unknown> (C:\Users\adesu\programming\
web\nextjs\gofamintpsogba_web_v2\.next\server
\chunks\ssr\_5b471efd._.js:1:501370)
    at Array.map (<anonymous>)
    at <unknown> (C:\Users\adesu\programming\
web\nextjs\gofamintpsogba_web_v2\.next\server
\chunks\ssr\_5b471efd._.js:1:501203)
    at g (C:\Users\adesu\programming\web\next
js\gofamintpsogba_web_v2\.next\server\chunks\
ssr\_5b471efd._.js:1:506134)
    at async h (C:\Users\adesu\programming\we
b\nextjs\gofamintpsogba_web_v2\.next\server\c
hunks\ssr\_5b471efd._.js:1:507300)
    at async q (C:\Users\adesu\programming\we
b\nextjs\gofamintpsogba_web_v2\.next\server\c
hunks\ssr\_b951e851._.js:4:5581)
Failed to fetch pastor messages: Error: 
Route /pastor-corner/[id] with `dynamic = 
"error"` couldn't be rendered statically 
because it used `revalidate: 0 fetch https://
psogbaasset.gofamintpsogba.org.ng/official_si
te.php?t=official_site_pastorcorner 
/pastor-corner/[id]`. See more info here: htt
ps://nextjs.org/docs/app/building-your-applic
ation/rendering/static-and-dynamic#dynamic-re
ndering
    at x (C:\Users\adesu\programming\web\next
js\gofamintpsogba_web_v2\.next\server\chunks\
ssr\[root-of-the-server]__0d5ae7ad._.js:1:875
42)
    at <unknown> (C:\Users\adesu\programming\
web\nextjs\gofamintpsogba_web_v2\.next\server
\chunks\ssr\[root-of-the-server]__0d5ae7ad._.
js:8:10520) {
  code: 'NEXT_STATIC_GEN_BAILOUT'
}
Failed to fetch pastor messages: TypeError: 
Cannot read properties of undefined (reading 
'replace')
    at <unknown> (C:\Users\adesu\programming\
web\nextjs\gofamintpsogba_web_v2\.next\server
\chunks\ssr\_5b471efd._.js:1:501370)
    at Array.map (<anonymous>)
    at <unknown> (C:\Users\adesu\programming\
web\nextjs\gofamintpsogba_web_v2\.next\server
\chunks\ssr\_5b471efd._.js:1:501203)
    at g (C:\Users\adesu\programming\web\next
js\gofamintpsogba_web_v2\.next\server\chunks\
ssr\_5b471efd._.js:1:506134)
    at async h (C:\Users\adesu\programming\we
b\nextjs\gofamintpsogba_web_v2\.next\server\c
hunks\ssr\_5b471efd._.js:1:507300)
    at async q (C:\Users\adesu\programming\we
b\nextjs\gofamintpsogba_web_v2\.next\server\c
hunks\ssr\_b951e851._.js:4:5581)
Failed to fetch pastor messages: Error: 
Route /pastor-corner/[id] with `dynamic = 
"error"` couldn't be rendered statically 
because it used `revalidate: 0 fetch https://
psogbaasset.gofamintpsogba.org.ng/official_si
te.php?t=official_site_pastorcorner 
/pastor-corner/[id]`. See more info here: htt
ps://nextjs.org/docs/app/building-your-applic
ation/rendering/static-and-dynamic#dynamic-re
ndering
    at x (C:\Users\adesu\programming\web\next
js\gofamintpsogba_web_v2\.next\server\chunks\
ssr\[root-of-the-server]__0d5ae7ad._.js:1:875
42)
    at <unknown> (C:\Users\adesu\programming\
web\nextjs\gofamintpsogba_web_v2\.next\server
\chunks\ssr\[root-of-the-server]__0d5ae7ad._.
js:8:10520) {
  code: 'NEXT_STATIC_GEN_BAILOUT'
}
Failed to fetch pastor messages: TypeError: 
Cannot read properties of undefined (reading 
'replace')
    at <unknown> (C:\Users\adesu\programming\
web\nextjs\gofamintpsogba_web_v2\.next\server
\chunks\ssr\_5b471efd._.js:1:501370)
    at Array.map (<anonymous>)
    at <unknown> (C:\Users\adesu\programming\
web\nextjs\gofamintpsogba_web_v2\.next\server
\chunks\ssr\_5b471efd._.js:1:501203)
    at g (C:\Users\adesu\programming\web\next
js\gofamintpsogba_web_v2\.next\server\chunks\
ssr\_5b471efd._.js:1:506134)
    at async h (C:\Users\adesu\programming\we
b\nextjs\gofamintpsogba_web_v2\.next\server\c
hunks\ssr\_5b471efd._.js:1:507300)
    at async q (C:\Users\adesu\programming\we
b\nextjs\gofamintpsogba_web_v2\.next\server\c
hunks\ssr\_b951e851._.js:4:5581)
Failed to fetch pastor messages: Error: 
Route /pastor-corner/[id] with `dynamic = 
"error"` couldn't be rendered statically 
because it used `revalidate: 0 fetch https://
psogbaasset.gofamintpsogba.org.ng/official_si
te.php?t=official_site_pastorcorner 
/pastor-corner/[id]`. See more info here: htt
ps://nextjs.org/docs/app/building-your-applic
ation/rendering/static-and-dynamic#dynamic-re
ndering
    at x (C:\Users\adesu\programming\web\next
js\gofamintpsogba_web_v2\.next\server\chunks\
ssr\[root-of-the-server]__0d5ae7ad._.js:1:875
42)
    at <unknown> (C:\Users\adesu\programming\
web\nextjs\gofamintpsogba_web_v2\.next\server
\chunks\ssr\[root-of-the-server]__0d5ae7ad._.
js:8:10520) {
  code: 'NEXT_STATIC_GEN_BAILOUT'
}
Failed to fetch pastor messages: TypeError: 
Cannot read properties of undefined (reading 
'replace')
    at <unknown> (C:\Users\adesu\programming\
web\nextjs\gofamintpsogba_web_v2\.next\server
\chunks\ssr\_5b471efd._.js:1:501370)
    at Array.map (<anonymous>)
    at <unknown> (C:\Users\adesu\programming\
web\nextjs\gofamintpsogba_web_v2\.next\server
\chunks\ssr\_5b471efd._.js:1:501203)
    at g (C:\Users\adesu\programming\web\next
js\gofamintpsogba_web_v2\.next\server\chunks\
ssr\_5b471efd._.js:1:506134)
    at async h (C:\Users\adesu\programming\we
b\nextjs\gofamintpsogba_web_v2\.next\server\c
hunks\ssr\_5b471efd._.js:1:507300)
    at async q (C:\Users\adesu\programming\we
b\nextjs\gofamintpsogba_web_v2\.next\server\c
hunks\ssr\_b951e851._.js:4:5581)
Failed to fetch pastor messages: Error: 
Route /pastor-corner/[id] with `dynamic = 
"error"` couldn't be rendered statically 
because it used `revalidate: 0 fetch https://
psogbaasset.gofamintpsogba.org.ng/official_si
te.php?t=official_site_pastorcorner 
/pastor-corner/[id]`. See more info here: htt
ps://nextjs.org/docs/app/building-your-applic
ation/rendering/static-and-dynamic#dynamic-re
ndering
    at x (C:\Users\adesu\programming\web\next
js\gofamintpsogba_web_v2\.next\server\chunks\
ssr\[root-of-the-server]__0d5ae7ad._.js:1:875
42)
    at <unknown> (C:\Users\adesu\programming\
web\nextjs\gofamintpsogba_web_v2\.next\server
\chunks\ssr\[root-of-the-server]__0d5ae7ad._.
js:8:10520) {
  code: 'NEXT_STATIC_GEN_BAILOUT'
}
Failed to fetch pastor messages: TypeError: 
Cannot read properties of undefined (reading 
'replace')
    at <unknown> (C:\Users\adesu\programming\
web\nextjs\gofamintpsogba_web_v2\.next\server
\chunks\ssr\_5b471efd._.js:1:501370)
    at Array.map (<anonymous>)
    at <unknown> (C:\Users\adesu\programming\
web\nextjs\gofamintpsogba_web_v2\.next\server
\chunks\ssr\_5b471efd._.js:1:501203)
    at g (C:\Users\adesu\programming\web\next
js\gofamintpsogba_web_v2\.next\server\chunks\
ssr\_5b471efd._.js:1:506134)
    at async h (C:\Users\adesu\programming\we
b\nextjs\gofamintpsogba_web_v2\.next\server\c
hunks\ssr\_5b471efd._.js:1:507300)
    at async q (C:\Users\adesu\programming\we
b\nextjs\gofamintpsogba_web_v2\.next\server\c
hunks\ssr\_b951e851._.js:4:5581)
Failed to fetch pastor messages: Error: 
Route /pastor-corner/[id] with `dynamic = 
"error"` couldn't be rendered statically 
because it used `revalidate: 0 fetch https://
psogbaasset.gofamintpsogba.org.ng/official_si
te.php?t=official_site_pastorcorner 
/pastor-corner/[id]`. See more info here: htt
ps://nextjs.org/docs/app/building-your-applic
ation/rendering/static-and-dynamic#dynamic-re
ndering
    at x (C:\Users\adesu\programming\web\next
js\gofamintpsogba_web_v2\.next\server\chunks\
ssr\[root-of-the-server]__0d5ae7ad._.js:1:875
42)
    at <unknown> (C:\Users\adesu\programming\
web\nextjs\gofamintpsogba_web_v2\.next\server
\chunks\ssr\[root-of-the-server]__0d5ae7ad._.
js:8:10520) {
  code: 'NEXT_STATIC_GEN_BAILOUT'
}
Failed to fetch pastor messages: TypeError: 
Cannot read properties of undefined (reading 
'replace')
    at <unknown> (C:\Users\adesu\programming\
web\nextjs\gofamintpsogba_web_v2\.next\server
\chunks\ssr\_231ac2f5._.js:1:502902)
    at Array.map (<anonymous>)
    at <unknown> (C:\Users\adesu\programming\
web\nextjs\gofamintpsogba_web_v2\.next\server
\chunks\ssr\_231ac2f5._.js:1:502735)
    at g (C:\Users\adesu\programming\web\next
js\gofamintpsogba_web_v2\.next\server\chunks\
ssr\_231ac2f5._.js:1:506134)
    at async h (C:\Users\adesu\programming\we
b\nextjs\gofamintpsogba_web_v2\.next\server\c
hunks\ssr\_231ac2f5._.js:1:507300)
    at async q (C:\Users\adesu\programming\we
b\nextjs\gofamintpsogba_web_v2\.next\server\c
hunks\ssr\_b951e851._.js:4:5581)
Failed to fetch pastor messages: Error: 
Route /pastor-corner/[id] with `dynamic = 
"error"` couldn't be rendered statically 
because it used `revalidate: 0 fetch https://
psogbaasset.gofamintpsogba.org.ng/official_si
te.php?t=official_site_pastorcorner 
/pastor-corner/[id]`. See more info here: htt
ps://nextjs.org/docs/app/building-your-applic
ation/rendering/static-and-dynamic#dynamic-re
ndering
    at x (C:\Users\adesu\programming\web\next
js\gofamintpsogba_web_v2\.next\server\chunks\
ssr\[root-of-the-server]__0d5ae7ad._.js:1:875
42)
    at <unknown> (C:\Users\adesu\programming\
web\nextjs\gofamintpsogba_web_v2\.next\server
\chunks\ssr\[root-of-the-server]__0d5ae7ad._.
js:8:10520) {
  code: 'NEXT_STATIC_GEN_BAILOUT'
}
Failed to fetch pastor messages: TypeError: 
Cannot read properties of undefined (reading 
'replace')
    at <unknown> (C:\Users\adesu\programming\
web\nextjs\gofamintpsogba_web_v2\.next\server
\chunks\ssr\_5b471efd._.js:1:501370)
    at Array.map (<anonymous>)
    at <unknown> (C:\Users\adesu\programming\
web\nextjs\gofamintpsogba_web_v2\.next\server
\chunks\ssr\_5b471efd._.js:1:501203)
    at g (C:\Users\adesu\programming\web\next
js\gofamintpsogba_web_v2\.next\server\chunks\
ssr\_5b471efd._.js:1:506134)
    at async h (C:\Users\adesu\programming\we
b\nextjs\gofamintpsogba_web_v2\.next\server\c
hunks\ssr\_5b471efd._.js:1:507300)
    at async q (C:\Users\adesu\programming\we
b\nextjs\gofamintpsogba_web_v2\.next\server\c
hunks\ssr\_b951e851._.js:4:5581)
Failed to fetch pastor messages: Error: 
Route /pastor-corner with `dynamic = 
"error"` couldn't be rendered statically 
because it used `revalidate: 0 fetch https://
psogbaasset.gofamintpsogba.org.ng/official_si
te.php?t=official_site_pastorcorner 
/pastor-corner`. See more info here: https://
nextjs.org/docs/app/building-your-application
/rendering/static-and-dynamic#dynamic-renderi
ng
    at x (C:\Users\adesu\programming\web\next
js\gofamintpsogba_web_v2\.next\server\chunks\
ssr\[root-of-the-server]__0d5ae7ad._.js:1:875
42)
    at <unknown> (C:\Users\adesu\programming\
web\nextjs\gofamintpsogba_web_v2\.next\server
\chunks\ssr\[root-of-the-server]__0d5ae7ad._.
js:8:10520) {
  code: 'NEXT_STATIC_GEN_BAILOUT'
}
Failed to fetch pastor messages: TypeError: 
Cannot read properties of undefined (reading 
'replace')
    at <unknown> (C:\Users\adesu\programming\
web\nextjs\gofamintpsogba_web_v2\.next\server
\chunks\ssr\_5b471efd._.js:1:501370)
    at Array.map (<anonymous>)
    at <unknown> (C:\Users\adesu\programming\
web\nextjs\gofamintpsogba_web_v2\.next\server
\chunks\ssr\_5b471efd._.js:1:501203)
    at g (C:\Users\adesu\programming\web\next
js\gofamintpsogba_web_v2\.next\server\chunks\
ssr\_5b471efd._.js:1:506134)
    at async f (C:\Users\adesu\programming\we
b\nextjs\gofamintpsogba_web_v2\.next\server\c
hunks\ssr\[root-of-the-server]__5fd91cbc._.js
:1:1449)
Failed to fetch pastor messages: Error: 
Route /pastor-corner/[id] with `dynamic = 
"error"` couldn't be rendered statically 
because it used `revalidate: 0 fetch https://
psogbaasset.gofamintpsogba.org.ng/official_si
te.php?t=official_site_pastorcorner 
/pastor-corner/[id]`. See more info here: htt
ps://nextjs.org/docs/app/building-your-applic
ation/rendering/static-and-dynamic#dynamic-re
ndering
    at x (C:\Users\adesu\programming\web\next
js\gofamintpsogba_web_v2\.next\server\chunks\
ssr\[root-of-the-server]__0d5ae7ad._.js:1:875
42)
    at <unknown> (C:\Users\adesu\programming\
web\nextjs\gofamintpsogba_web_v2\.next\server
\chunks\ssr\[root-of-the-server]__0d5ae7ad._.
js:8:10520) {
  code: 'NEXT_STATIC_GEN_BAILOUT'
}
Failed to fetch pastor messages: TypeError: 
Cannot read properties of undefined (reading 
'replace')
    at <unknown> (C:\Users\adesu\programming\
web\nextjs\gofamintpsogba_web_v2\.next\server
\chunks\ssr\_5b471efd._.js:1:501370)
    at Array.map (<anonymous>)
    at <unknown> (C:\Users\adesu\programming\
web\nextjs\gofamintpsogba_web_v2\.next\server
\chunks\ssr\_5b471efd._.js:1:501203)
    at g (C:\Users\adesu\programming\web\next
js\gofamintpsogba_web_v2\.next\server\chunks\
ssr\_5b471efd._.js:1:506134)
    at async h (C:\Users\adesu\programming\we
b\nextjs\gofamintpsogba_web_v2\.next\server\c
hunks\ssr\_5b471efd._.js:1:507300)
    at async q (C:\Users\adesu\programming\we
b\nextjs\gofamintpsogba_web_v2\.next\server\c
hunks\ssr\_b951e851._.js:4:5581)
Failed to fetch pastor messages: Error: 
Route /pastor-corner/[id] with `dynamic = 
"error"` couldn't be rendered statically 
because it used `revalidate: 0 fetch https://
psogbaasset.gofamintpsogba.org.ng/official_si
te.php?t=official_site_pastorcorner 
/pastor-corner/[id]`. See more info here: htt
ps://nextjs.org/docs/app/building-your-applic
ation/rendering/static-and-dynamic#dynamic-re
ndering
    at x (C:\Users\adesu\programming\web\next
js\gofamintpsogba_web_v2\.next\server\chunks\
ssr\[root-of-the-server]__0d5ae7ad._.js:1:875
42)
    at <unknown> (C:\Users\adesu\programming\
web\nextjs\gofamintpsogba_web_v2\.next\server
\chunks\ssr\[root-of-the-server]__0d5ae7ad._.
js:8:10520) {
  code: 'NEXT_STATIC_GEN_BAILOUT'
}
Failed to fetch pastor messages: TypeError: 
Cannot read properties of undefined (reading 
'replace')
    at <unknown> (C:\Users\adesu\programming\
web\nextjs\gofamintpsogba_web_v2\.next\server
\chunks\ssr\_5b471efd._.js:1:501370)
    at Array.map (<anonymous>)
    at <unknown> (C:\Users\adesu\programming\
web\nextjs\gofamintpsogba_web_v2\.next\server
\chunks\ssr\_5b471efd._.js:1:501203)
    at g (C:\Users\adesu\programming\web\next
js\gofamintpsogba_web_v2\.next\server\chunks\
ssr\_5b471efd._.js:1:506134)
    at async h (C:\Users\adesu\programming\we
b\nextjs\gofamintpsogba_web_v2\.next\server\c
hunks\ssr\_5b471efd._.js:1:507300)
    at async q (C:\Users\adesu\programming\we
b\nextjs\gofamintpsogba_web_v2\.next\server\c
hunks\ssr\_b951e851._.js:4:5581)
Γ£ô Generating static pages using 7 workers (125/125) in 2.8s
  Finalizing page optimization ...

Route (app)
Γöî Γùï /
Γö£ Γùï /_not-found
Γö£ Γùï /about
Γö£ Γùï /contact-us
Γö£ Γùï /media
Γö£ Γùï /pastor-corner
Γöö ΓùÅ /pastor-corner/[id]
  Γö£ /pastor-corner/those-who-know-their-god
  Γö£ /pastor-corner/embracing-a-covenant-consciousness-in-your-walk-with-god
  Γö£ /pastor-corner/the-efficacy-of-grace-embracing-gods-unmerited-favor
  Γöö [+114 more paths]


Γùï  (Static)  prerendered as static content
ΓùÅ  (SSG)     prerendered as static HTML (uses generateStaticParams)

